TAP version 13
# {"privateFixture":true,"mode":"summary","pid":71076,"exitCode":0,"ownPidAbsent":true,"requestCount":0,"elapsedMs":null,"state":null}
# Subtest: degraded status array cannot satisfy exact scalar contract
ok 1 - degraded status array cannot satisfy exact scalar contract
  ---
  duration_ms: 693.4743
  type: 'test'
  ...
# {"privateFixture":true,"mode":"summary","pid":59932,"exitCode":0,"ownPidAbsent":true,"requestCount":0,"elapsedMs":null,"state":null}
# Subtest: degraded code array cannot satisfy exact scalar contract
ok 2 - degraded code array cannot satisfy exact scalar contract
  ---
  duration_ms: 632.6653
  type: 'test'
  ...
# {"privateFixture":true,"mode":"summary","pid":62748,"exitCode":0,"ownPidAbsent":true,"requestCount":0,"elapsedMs":null,"state":null}
# {"privateFixture":true,"mode":"summary","pid":68804,"exitCode":0,"ownPidAbsent":true,"requestCount":0,"elapsedMs":null,"state":null}
# Subtest: degraded is case sensitive while exact degraded scalar remains recognized
ok 3 - degraded is case sensitive while exact degraded scalar remains recognized
  ---
  duration_ms: 1239.5919
  type: 'test'
  ...
# {"privateFixture":true,"mode":"normal","pid":2424,"exitCode":0,"ownPidAbsent":true,"requestCount":3,"elapsedMs":3475.2042,"state":"Running"}
# Subtest: complete HTTP body arriving after old 3s but before ready 5s is observed before success
ok 4 - complete HTTP body arriving after old 3s but before ready 5s is observed before success
  ---
  duration_ms: 4048.8139
  type: 'test'
  ...
# {"privateFixture":true,"mode":"normal","pid":35928,"exitCode":0,"ownPidAbsent":true,"requestCount":3,"elapsedMs":1131.6219,"state":null}
# Subtest: live and helper consume inherited budget rather than renewing ready deadline
ok 5 - live and helper consume inherited budget rather than renewing ready deadline
  ---
  duration_ms: 1703.6058
  type: 'test'
  ...
# {"privateFixture":true,"mode":"cache","pid":33028,"exitCode":0,"ownPidAbsent":true,"requestCount":6,"elapsedMs":211.3084,"state":"Running"}
# Subtest: health cache keeps the same state and trace without inventing fresh checkedAt
ok 6 - health cache keeps the same state and trace without inventing fresh checkedAt
  ---
  duration_ms: 811.3719
  type: 'test'
  ...
# {"privateFixture":true,"mode":"late-summary","pid":40492,"exitCode":0,"ownPidAbsent":true,"requestCount":3,"elapsedMs":1235.5502000000001,"state":null}
# Subtest: post-response summary crossing inherited deadline cannot return late Running
ok 7 - post-response summary crossing inherited deadline cannot return late Running
  ---
  duration_ms: 1805.2127
  type: 'test'
  ...
# Subtest: bounded native probe failure facts survive all projection repetitions
ok 8 - bounded native probe failure facts survive all projection repetitions
  ---
  duration_ms: 0.6341
  type: 'test'
  ...
# Subtest: every unrecognized/private field is absent and invalid scalar types stay null
ok 9 - every unrecognized/private field is absent and invalid scalar types stay null
  ---
  duration_ms: 0.2999
  type: 'test'
  ...
# Subtest: readiness error idempotence retains one known trace and no old fabricated trace
ok 10 - readiness error idempotence retains one known trace and no old fabricated trace
  ---
  duration_ms: 0.5621
  type: 'test'
  ...
1..10
# tests 10
# suites 0
# pass 10
# fail 0
# cancelled 0
# skipped 0
# todo 0
# duration_ms 11048.1736
