✔ Start candidate/drain/dependency bindings reject at sealing before any operation (30.0858ms)
✔ unknown operation retains exit/deadline metadata and cannot replay (229.2308ms)
✔ passed WAL retains bounded original engine completion and separate timings (280.4366ms)
✔ literal display delta is proven across unchanged dependency closure (1.6953ms)
✔ mixed high/unproven impact blocks display: backend/sales/migrations/9001.py (1.501ms)
✔ mixed high/unproven impact blocks display: lib/auth/permissions.ts (0.485ms)
✔ mixed high/unproven impact blocks display: tools/runtime.mjs (0.5ms)
✔ mixed high/unproven impact blocks display: config/runtime.json (0.3951ms)
✔ mixed high/unproven impact blocks display: worker/index.ts (0.8041ms)
✔ mixed high/unproven impact blocks display: package-lock.json (0.472ms)
✔ mixed high/unproven impact blocks display: lib/read.ts (0.4999ms)
✔ mixed high/unproven impact blocks display: app/view.tsx (1.4836ms)
✔ business read change uses full safeguards; unresolved dependencies stay strict (0.4684ms)
✔ empty/add/delete/malformed display and witness effect escalates (4.3182ms)
✔ recent complete recovery with continuous daily backup permits reuse (0.6118ms)
✔ recovery binding changed: manifestSha256 (0.5509ms)
✔ recovery binding changed: dumpSha256 (0.3668ms)
✔ recovery binding changed: environmentSha256 (0.3504ms)
✔ recovery binding changed: schemaSha256 (0.4148ms)
✔ recovery binding changed: rolesSha256 (0.4127ms)
✔ recovery binding changed: operatorSha256 (1.0028ms)
✔ recovery binding changed: retentionSha256 (0.6212ms)
✔ recovery binding changed: scheduleSha256 (0.3882ms)
✔ recovery binding changed: backupId (0.3591ms)
✔ invalid recovery prerequisite r=>r.current.schedule.active=false (0.4173ms)
✔ invalid recovery prerequisite r=>r.current.schedule.lastResult='failed' (0.3579ms)
✔ invalid recovery prerequisite r=>r.current.schedule.lastSuccessAt=new Date(now-backupMaxAgeMs-1).toISOString() (0.4399ms)
✔ invalid recovery prerequisite r=>r.evidence.backupCompletedAt=new Date(now-backupMaxAgeMs-1).toISOString() (0.3471ms)
✔ invalid recovery prerequisite r=>r.evidence.restoredAt=new Date(now-rehearsalMaxAgeMs-1).toISOString() (0.3575ms)
✔ invalid recovery prerequisite r=>r.evidence.restoredAt=new Date(now+1).toISOString() (0.4314ms)
✔ invalid recovery prerequisite r=>r.evidence.restoreStatus='failed' (0.3954ms)
✔ invalid recovery prerequisite r=>r.evidence.cleanupStatus='unknown' (0.3702ms)
✔ invalid recovery prerequisite r=>r.current.pointExists=false (0.3647ms)
✔ invalid recovery prerequisite r=>r.current.retained=false (0.761ms)
✔ invalid recovery prerequisite r=>r.current.verifyStatus='failed' (0.6833ms)
✔ invalid recovery prerequisite r=>r.evidence[k]=false (0.4339ms)
✔ invalid recovery prerequisite r=>r.evidence[k]=false (0.4415ms)
✔ invalid recovery prerequisite r=>r.evidence[k]=false (0.5128ms)
✔ invalid recovery prerequisite r=>r.evidence[k]=false (0.4748ms)
✔ invalid recovery prerequisite r=>r.evidence[k]=false (0.3232ms)
✔ strict/business releases never reuse recovery (0.1819ms)
✔ exact binding changes block every executable release (446.8477ms)
✔ approval scope change and incomplete acceptance/tests reject (2.2846ms)
✔ backup failure retains active ownership and safe resumption skips passed stages (330.6891ms)
✔ unknown mutation is never replayed; independent exact reconciliation is required (362.066ms)
✔ crash after write-ahead started record blocks replay; damaged journal blocks (254.0538ms)
✔ an actual subprocess exit after started retains unknown state and cannot replay (494.555ms)
✔ recovery invalidation immediately before switching blocks the fast batch (56.2034ms)
✔ legacy plan/apply cannot claim a predecessor owned by another batch (12.0091ms)
✔ real original rotation mutex serializes independent preparation chats (2.376ms)
✔ timing includes explicit approval, incomplete closeout does not declare completion (0.1817ms)
✔ rehashing a hand edited batch cannot remove gates, forge impact or escape journals (4.9828ms)
✔ a batch cannot apply another plan, change drain owner or restore another point (9.8734ms)
✔ scheduled backup does nothing while paused; unknown result never gives reusable evidence (55.5518ms)
✔ exact Windows OS PowerShell hash is usable while ordinary hard-linked tools stay forbidden (10.8436ms)
✔ PS5 child uses its system modules, removes inherited library-only flags and preserves its parent (0.3516ms)
✔ actual readonly admission caller uses the same safe native transport (775.999ms)
✔ Node and non-system shell commands retain their exact approved environment (0.2539ms)
✔ PS5 transport binds File argv as data and rejects ambiguous parameter syntax (0.69ms)
✔ actual approved runner survives a PS7-polluted parent while original PS5 ACL command fails (2256.4993ms)
✔ original nested lifecycle adapter also preserves Unicode through its native child (2024.9918ms)
ℹ tests 61
ℹ suites 0
ℹ pass 61
ℹ fail 0
ℹ cancelled 0
ℹ skipped 0
ℹ todo 0
ℹ duration_ms 8564.0759
