✔ exact HTTPS loopback icon is blocked and classified (4.0711ms)
✔ dangerous or unapproved request remains blocked: GET https://127.0.0.1:3000/assets/exact.js script (0.1886ms)
✔ dangerous or unapproved request remains blocked: POST https://127.0.0.1:3000/favicon.svg other (0.0765ms)
✔ dangerous or unapproved request remains blocked: GET https://other.invalid/favicon.svg image (0.623ms)
✔ dangerous or unapproved request remains blocked: GET https://127.0.0.1:3001/favicon.svg other (0.4938ms)
✔ dangerous or unapproved request remains blocked: GET https://localhost:3000/favicon.svg other (0.0929ms)
✔ dangerous or unapproved request remains blocked: GET https://127.0.0.1:3000/favicon.svg?x=1 other (0.0983ms)
✔ dangerous or unapproved request remains blocked: GET https://127.0.0.1:3000/favicon.svg fetch (0.0804ms)
✔ dangerous or unapproved request remains blocked: GET http://127.0.0.1:3000/api/import fetch (0.0882ms)
✔ dangerous or unapproved request remains blocked: GET http://127.0.0.1:3000/assets/unapproved.js script (0.1737ms)
✔ dangerous or unapproved request remains blocked: DELETE http://127.0.0.1:3000/api/customer-service/conversations fetch (0.0659ms)
✔ normal candidate resource and exact reviewed business read stay allowed (0.1404ms)
✔ blocked favicon needs HTTP bytes; mismatched normal asset never passes (0.6876ms)
✔ real source four-shop component UI, read-only network, candidate SHA and viewer permission on isolated HTTP (3114.5822ms)
✔ classified temporary reads retry at most four total; attempt time includes 53s queries (1.0804ms)
✔ exhausted transient error preserves all four attempts (1.0217ms)
✔ terminal status failure never retries: EACCES (0.2478ms)
✔ terminal status failure never retries: EPERM (0.1025ms)
✔ terminal status failure never retries: STATUS_IDENTITY_MISMATCH (0.077ms)
✔ terminal status failure never retries: ASSERTION_FAILED (0.071ms)
✔ terminal status failure never retries: INVALID_STATUS_JSON (0.0686ms)
✔ terminal status failure never retries: STATUS_NOT_READY (0.074ms)
✔ terminal status failure never retries: PROCESS_FAILED (0.0659ms)
✔ unknown errors with timeout-looking sensitive text are terminal and redacted (0.1884ms)
✔ one total deadline bounds slow successful queries and prevents another attempt (0.1735ms)
✔ retry waits consume the same budget (0.17ms)
✔ complete readiness requires exact identity and all twelve components (0.2671ms)
✔ retry declaration cannot target Start, backup, apply, generic GET or script flags (0.4645ms)
✔ bounded native read-only runner covers inherited output EOF (175.4242ms)
✔ timing unions overlaps, excludes nested retries, keeps coordination and document completion separate (1.2256ms)
✔ uncompleted batch never gets approval-to-complete or successful conclusion (0.1591ms)
✔ offline report validates immutable journal, preserves unknown history and fails closed when steps missing (27.5788ms)
✔ domain history synthetic isolation regressions (302.8903ms)
✔ independent domain history regressions with original source receipt bytes (212.4423ms)
✔ independent: completion interval cannot absorb work recorded after completion (1.6446ms)
✔ independent: receipt whitelist rejects or removes unexpected sensitive field types (31.7543ms)
✔ independent: incomplete batch timing remains uncompleted even with a stale closeout event (18.3181ms)
✔ independent: interrupted operation report preserves already fsynced attempt metadata (15.9268ms)
✔ independent: source/version projection cannot retain sensitive nested release identifiers (12.9505ms)
✔ independent: independent runtime projection rejects sensitive nested identity fields (12.754ms)
✔ independent: report can preserve valid failure states from the actual system Status contract (12.9857ms)
✔ independent: observation sidecar timestamp is validated before projecting evidence (12.2256ms)
✔ independent: report CLI does not print malformed evidence payload fragments (300.1689ms)
✔ independent: total deadline includes persistent attempt evidence (0.9189ms)
✔ independent: expired binding validation prevents starting another native probe (0.2412ms)
✔ independent: direct process completion returns while inherited output remains open (2451.9771ms)
ℹ {"parentExitMs":334.33889999999997,"eofMs":2163.0579,"inheritedHoldMs":1828.7189999999998}
✔ independent: permanent identity mismatch does not retry after a transient query (0.6348ms)
✔ independent: HTTP icon query, other HTTPS origin and static-suffix writes remain dangerous (0.4502ms)
✔ independent: allowed business GET network failure invalidates real UI audit (0.4041ms)
✔ independent: complete readiness requires the actual twelve domain names (0.3236ms)
✔ independent: fixed snapshot and verified source receipt isolation regressions (212.1889ms)
✔ D: successful wrapper alone cannot prove the latest native scheduled run (45.1182ms)
✔ D: later lock failure remains durable and cannot expose the earlier success (48.2556ms)
✔ D: a late failure marker blocks new backup work even if an old result says success (51.8446ms)
✔ D: original PS5 Unicode transport and child-only module environment are used (28.4095ms)
✔ D: real direct child exits while service-like descendant holds both streams (111.3683ms)
✔ D independent: scheduled mutation uses direct-exit file evidence and preserves lifecycle descendants (37.2171ms)
✔ D independent: pause while acquiring the lock prevents any Backup invocation (23.0238ms)
✔ D independent: a newer lock failure cannot leave only an old successful daily proof (39.1407ms)
✔ D independent: exhausted inherited deadline prevents a new scheduled mutation (14.8242ms)
✔ D independent: late direct success cannot become a successful daily receipt (103.6408ms)
✔ D independent: retained late-failure marker blocks the next scheduled mutation (73.8221ms)
✔ D independent: newer failed lock observation rejects an older successful daily result (66.7425ms)
✔ D independent: exact ownership mismatch retains original success bytes plus an unknown marker (56.8897ms)
✔ D independent: operator failure retains fixed process evidence and never its raw diagnostic (47.7977ms)
✔ D independent: result persistence failure cannot release ownership or replay the unknown mutation (43.5773ms)
✔ D independent: wrapper success alone cannot establish latest native schedule coverage (38.6018ms)
✔ D independent: calibrated inherited EOF does not postpone mutation completion (5277.9436ms)
ℹ {"calibration":{"code":0,"exitMs":340.5778,"eofMs":2570.8062,"output":"D_PARENT_READY 36860\r\n"}}
ℹ {"result":{"version":1,"code":"completed","stage":"completed","processId":29020,"exitCode":0,"signal":null,"timeoutType":null,"deadlineUnixMs":1791595506927,"elapsedMs":296,"outputProtocol":"direct-exit-files","cleanup":"preserve","stdoutBytes":22,"stderrBytes":0,"treeCleanupExitCode":null,"treeCleanupPending":false,"nativeCode":null,"stdoutSha256":"1bca55aa64441b64cb2aa79c6211ed8cae29dce2a85a5263bc3a7773c904fd8f","stderrSha256":"e3b0c44298fc1c149afbf4c8996fb92427ae41e4649b934ca495991b7852b855"},"descendantAliveAtDirectCompletion":true}
✔ D independent: read-only timeout ends only the probe and preserves its bounded service-like descendant (3489.8618ms)
ℹ {"failure":{"version":1,"code":"process_timeout","stage":"direct-exit","processId":55000,"exitCode":null,"signal":"SIGKILL","timeoutType":"direct-exit","deadlineUnixMs":1791595509135,"elapsedMs":1074,"outputProtocol":"direct-exit-files","cleanup":"direct","stdoutBytes":22,"stderrBytes":0,"treeCleanupExitCode":null,"treeCleanupPending":false,"nativeCode":null,"stdoutSha256":"b54028dc183cd25e72c2d4e5f2ed148066a9cf779748b18bc39f0c60422566da","stderrSha256":"e3b0c44298fc1c149afbf4c8996fb92427ae41e4649b934ca495991b7852b855"},"descendantAliveAfterProbeTimeout":true}
✔ D independent: retry attempt persistence cannot turn an exhausted common deadline into success (3.8852ms)
✔ transport deadline changes do not invalidate exact build environment identity (1.2113ms)
✔ Node direct exit files: hold does not wait for inherited stdout/stderr (95.6527ms)
✔ Node direct exit files: hold-stdout does not wait for inherited stdout/stderr (97.0641ms)
✔ Node direct exit files: hold-stderr does not wait for inherited stdout/stderr (94.972ms)
✔ Node direct exit files: nonzero-hold does not wait for inherited stdout/stderr (111.1178ms)
✔ EOF transport retains exit0 but fails within the same deadline while both streams are held (807.5399ms)
✔ probe direct cleanup leaves its simulated service alive and no direct probe (964.0688ms)
✔ an exhausted inherited deadline starts no child (2.0354ms)
✔ ordinary isolated tree cleanup retains no child or detached grandchild (1308.1536ms)
✔ approved runner rejects invalid and retains bounded diagnostics (568.2797ms)
✔ approved runner rejects nonzero and retains bounded diagnostics (304.7644ms)
✔ approved runner rejects flood and retains bounded diagnostics (304.9473ms)
✔ powershell.exe: shared transport and watchdog hold both streams without a late EOF wait (2029.4634ms)
✔ pwsh.exe: shared transport and watchdog hold both streams without a late EOF wait (3265.6638ms)
✔ powershell.exe: concurrent lifecycle mutex obeys the original deadline (1097.2908ms)
✔ pwsh.exe: concurrent lifecycle mutex obeys the original deadline (1612.0159ms)
✔ watchdog deadline, safe diagnostics and unknown notification delivery remain bounded (3147.6514ms)
ISOLATED_START_TIMING {"scenario":"ready","engineMs":1202,"validationMs":2334,"adapterMs":3797,"totalMs":5525,"descendantHeldMs":60000}
✔ original nested PS5 adapter: ready (5835.9612ms)
✔ original nested PS5 adapter: engine-failed (2201.8298ms)
✔ original nested PS5 adapter: wrong-version (2922.2817ms)
✔ original nested PS5 adapter: incomplete (3750.1874ms)
✔ original nested PS5 adapter: bad-json (2149.0331ms)
✔ original nested PS5 adapter: maintenance (4242.3011ms)
✔ original nested PS5 adapter: deadline (2539.6263ms)
ISOLATED_START_TIMING {"scenario":"drain","engineMs":1046,"validationMs":2287,"adapterMs":3523,"totalMs":4583,"descendantHeldMs":60000}
✔ original nested PS5 adapter: drain (4727.5708ms)
✔ original nested PS5 adapter: missing-identity (2278.153ms)
✔ original nested PS5 adapter: fake-components (3542.2268ms)
✔ Start candidate/drain/dependency bindings reject at sealing before any operation (37.309ms)
✔ unknown operation retains exit/deadline metadata and cannot replay (225.0347ms)
✔ passed WAL retains bounded original engine completion and separate timings (243.8266ms)
✔ literal display delta is proven across unchanged dependency closure (1.633ms)
✔ mixed high/unproven impact blocks display: backend/sales/migrations/9001.py (0.5902ms)
✔ mixed high/unproven impact blocks display: lib/auth/permissions.ts (0.4113ms)
✔ mixed high/unproven impact blocks display: tools/runtime.mjs (0.4097ms)
✔ mixed high/unproven impact blocks display: config/runtime.json (0.3687ms)
✔ mixed high/unproven impact blocks display: worker/index.ts (0.4918ms)
✔ mixed high/unproven impact blocks display: package-lock.json (0.4184ms)
✔ mixed high/unproven impact blocks display: lib/read.ts (0.4938ms)
✔ mixed high/unproven impact blocks display: app/view.tsx (1.5143ms)
✔ business read change uses full safeguards; unresolved dependencies stay strict (0.4305ms)
✔ empty/add/delete/malformed display and witness effect escalates (3.552ms)
✔ recent complete recovery with continuous daily backup permits reuse (0.4367ms)
✔ recovery binding changed: manifestSha256 (0.4504ms)
✔ recovery binding changed: dumpSha256 (0.3498ms)
✔ recovery binding changed: environmentSha256 (0.6134ms)
✔ recovery binding changed: schemaSha256 (0.7505ms)
✔ recovery binding changed: rolesSha256 (0.5997ms)
✔ recovery binding changed: operatorSha256 (0.7719ms)
✔ recovery binding changed: retentionSha256 (0.7281ms)
✔ recovery binding changed: scheduleSha256 (0.4727ms)
✔ recovery binding changed: backupId (0.4482ms)
✔ invalid recovery prerequisite r=>r.current.schedule.active=false (0.4239ms)
✔ invalid recovery prerequisite r=>r.current.schedule.lastResult='failed' (0.4213ms)
✔ invalid recovery prerequisite r=>r.current.schedule.lastSuccessAt=new Date(now-backupMaxAgeMs-1).toISOString() (0.5815ms)
✔ invalid recovery prerequisite r=>r.evidence.backupCompletedAt=new Date(now-backupMaxAgeMs-1).toISOString() (0.4582ms)
✔ invalid recovery prerequisite r=>r.evidence.restoredAt=new Date(now-rehearsalMaxAgeMs-1).toISOString() (0.392ms)
✔ invalid recovery prerequisite r=>r.evidence.restoredAt=new Date(now+1).toISOString() (0.5769ms)
✔ invalid recovery prerequisite r=>r.evidence.restoreStatus='failed' (0.4148ms)
✔ invalid recovery prerequisite r=>r.evidence.cleanupStatus='unknown' (0.3512ms)
✔ invalid recovery prerequisite r=>r.current.pointExists=false (0.3635ms)
✔ invalid recovery prerequisite r=>r.current.retained=false (0.6292ms)
✔ invalid recovery prerequisite r=>r.current.verifyStatus='failed' (0.8134ms)
✔ invalid recovery prerequisite r=>r.evidence[k]=false (0.5348ms)
✔ invalid recovery prerequisite r=>r.evidence[k]=false (0.5672ms)
✔ invalid recovery prerequisite r=>r.evidence[k]=false (0.4877ms)
✔ invalid recovery prerequisite r=>r.evidence[k]=false (0.4601ms)
✔ invalid recovery prerequisite r=>r.evidence[k]=false (0.4832ms)
✔ strict/business releases never reuse recovery (0.2646ms)
✔ exact binding changes block every executable release (425.2509ms)
✔ approval scope change and incomplete acceptance/tests reject (2.5965ms)
✔ backup failure retains active ownership and safe resumption skips passed stages (327.7795ms)
✔ unknown mutation is never replayed; independent exact reconciliation is required (351.2101ms)
✔ crash after write-ahead started record blocks replay; damaged journal blocks (252.1376ms)
✔ an actual subprocess exit after started retains unknown state and cannot replay (540.8109ms)
✔ recovery invalidation immediately before switching blocks the fast batch (60.1299ms)
✔ legacy plan/apply cannot claim a predecessor owned by another batch (9.9975ms)
✔ real original rotation mutex serializes independent preparation chats (3.4539ms)
✔ timing includes explicit approval, incomplete closeout does not declare completion (0.1766ms)
✔ rehashing a hand edited batch cannot remove gates, forge impact or escape journals (5.2925ms)
✔ a batch cannot apply another plan, change drain owner or restore another point (13.4136ms)
✔ scheduled backup does nothing while paused; unknown result never gives reusable evidence (50.6688ms)
✔ exact Windows OS PowerShell hash is usable while ordinary hard-linked tools stay forbidden (8.0426ms)
✔ PS5 child uses its system modules, removes inherited library-only flags and preserves its parent (0.2889ms)
✔ actual readonly admission caller uses the same safe native transport (688.9206ms)
✔ Node and non-system shell commands retain their exact approved environment (0.2443ms)
✔ PS5 transport binds File argv as data and rejects ambiguous parameter syntax (0.4555ms)
✔ actual approved runner survives a PS7-polluted parent while original PS5 ACL command fails (2091.2091ms)
✔ original nested lifecycle adapter also preserves Unicode through its native child (2061.127ms)
ℹ tests 158
ℹ suites 0
ℹ pass 158
ℹ fail 0
ℹ cancelled 0
ℹ skipped 0
ℹ todo 0
ℹ duration_ms 81467.9746
