✔ Django lifecycle treats legacy D1 paths as metadata and supports PostgreSQL-only configuration (633.844ms)
✔ Django local service binds PostgreSQL and Waitress to loopback with bounded requests (0.8403ms)
✔ full-stack startup checks PostgreSQL capacity before schema work and process launch (0.4125ms)
✔ protected AI migrations are rejected before formal preparation and before migrate (0.407ms)
✔ Django local status keeps ACL verification bounded and labels its root-only scope (0.296ms)
✔ one top-level lifecycle ACL audit is reused only by its bounded in-process domain chain (1.091ms)
✔ Django local service uses deterministic production secrets and least-privilege roles (2.1814ms)
✔ writer readiness fails closed on divergent terminal ERP PostgreSQL authority (0.3441ms)
✔ managed PID ownership survives venv launchers without weakening identity checks (0.64ms)
✔ PostgreSQL reuse proves listener executable and exact data directory before credentials (0.4455ms)
✔ startup is mutexed, authority gated, bridge-rejecting, rollback-safe, and logged (1.2199ms)
✔ critical Django native calls are PS5-safe and report only bounded redacted evidence (0.971ms)
✔ configuration retains the exact ERP D1 only for controlled cutover and exposes the terminal ERP service (0.7525ms)
✔ finance runtime uses independent loopback processes, credentials, permissions, and cutover gates (0.9268ms)
✔ runtime deployment includes every finance cutover dependency (0.1432ms)
✔ runtime deployment includes the protected PostgreSQL backup operator (0.1016ms)
✔ runtime deployment includes the persistent Django supervisor (0.1296ms)
✔ runtime deployment includes the exact DingTalk replenishment mapping (0.1236ms)
✔ runtime deployment includes the exact inventory warehouse mapping (0.1159ms)
✔ configuration requires a stopped database and app deployment follows the persistent maintenance scope (0.3492ms)
✔ retired ERP bridge provisioning is unreachable and application rollback remains bounded (0.4725ms)
✔ runtime deployment and ACL hardening precede an exact startup shortcut (2.2851ms)
✔ aggregate status loads one controller and reuses exact in-process process checks (0.4997ms)
✔ Wrangler deployment integration test is external, destructive only inside its unique temp runtime (0.2059ms)
✔ formal D1 retirement actions use the protected runtime, DPAPI writer, live preflight and controlled audit (1.7105ms)
✔ formal smoke receipt action runs fixed loopback reader/writer checks under the writer role (0.4333ms)
✔ Node 24 executes the deployed retirement TypeScript without tsx or an extensionless import (157.7404ms)
✔ application fingerprint v2 is ordinal and identical in Windows PowerShell 5.1 and pwsh (2163.9286ms)
✔ orchestrated lifecycle ACL evidence is bounded and fail-closed in powershell.exe (641.2758ms)
✔ descendant ACL fallback is bounded and fail-closed in powershell.exe (1588.4763ms)
✔ accelerated exact ACL verification stays inside its startup budget in powershell.exe (9595.6292ms)
✔ Windows managed-process round trip accepts protected venv launchers in powershell.exe (16395.0877ms)
✔ code-only rollback exchanges verified application manifests in powershell.exe (2153.7504ms)
✔ orchestrated lifecycle ACL evidence is bounded and fail-closed in pwsh.exe (1174.6963ms)
✔ descendant ACL fallback is bounded and fail-closed in pwsh.exe (3059.203ms)
✔ accelerated exact ACL verification stays inside its startup budget in pwsh.exe (11423.6425ms)
✔ Windows managed-process round trip accepts protected venv launchers in pwsh.exe (19690.8582ms)
✔ code-only rollback exchanges verified application manifests in pwsh.exe (2324.4452ms)
✔ unified controller stays parseable by Windows PowerShell when Chinese text is present (1.316ms)
✔ all system page actions explicitly use Google Chrome instead of the Windows default browser (0.2205ms)
✔ Django domain controllers and operators retain a UTF-8 BOM for Windows PowerShell 5.1 (9.4205ms)
✔ all public start modes share one nonblocking system mutex (0.387ms)
✔ controller checks every authoritative Django PostgreSQL domain (0.4446ms)
✔ controller delegates mutation to one start engine and performs final health gates (0.1779ms)
✔ controller waits only for the direct start-engine process instead of a durable child pipeline (0.1969ms)
✔ canonical start engine enforces Django readiness before Worker verification (0.2897ms)
✔ canonical engine waits only for the direct Django Start controller process (0.3902ms)
✔ concurrent-start wait reuses a ten-second exact status result (0.2437ms)
✔ canonical engine clears only an exact validated stale receipt (0.198ms)
✔ controller verifies Worker liveness, readiness and helper health without proxying (0.1923ms)
✔ desktop panel launches the same controller instead of a lower-level service (0.1869ms)
✔ pause remains narrowly scoped to the exact immutable Worker (0.1527ms)
✔ controller never invokes legacy build or development launchers (0.2254ms)
✔ watchdog isolates failures, fences maintenance, limits retries, and reserves notifications (3229.2783ms)
✔ watchdog GUI launcher suppresses console creation and preserves child exit status (2996.672ms)
✔ exact HTTPS loopback icon is blocked and classified (2.188ms)
✔ dangerous or unapproved request remains blocked: GET https://127.0.0.1:3000/assets/exact.js script (0.2254ms)
✔ dangerous or unapproved request remains blocked: POST https://127.0.0.1:3000/favicon.svg other (0.0817ms)
✔ dangerous or unapproved request remains blocked: GET https://other.invalid/favicon.svg image (0.109ms)
✔ dangerous or unapproved request remains blocked: GET https://127.0.0.1:3001/favicon.svg other (0.1251ms)
✔ dangerous or unapproved request remains blocked: GET https://localhost:3000/favicon.svg other (0.1414ms)
✔ dangerous or unapproved request remains blocked: GET https://127.0.0.1:3000/favicon.svg?x=1 other (0.1074ms)
✔ dangerous or unapproved request remains blocked: GET https://127.0.0.1:3000/favicon.svg fetch (0.1093ms)
✔ dangerous or unapproved request remains blocked: GET http://127.0.0.1:3000/api/import fetch (0.154ms)
✔ dangerous or unapproved request remains blocked: GET http://127.0.0.1:3000/assets/unapproved.js script (0.2211ms)
✔ dangerous or unapproved request remains blocked: DELETE http://127.0.0.1:3000/api/customer-service/conversations fetch (0.1064ms)
✔ normal candidate resource and exact reviewed business read stay allowed (0.1547ms)
✔ blocked favicon needs HTTP bytes; mismatched normal asset never passes (0.6391ms)
✔ real source four-shop component UI, read-only network, candidate SHA and viewer permission on isolated HTTP (2650.0238ms)
✔ classified temporary reads retry at most four total; attempt time includes 53s queries (1.2245ms)
✔ exhausted transient error preserves all four attempts (1.1265ms)
✔ terminal status failure never retries: EACCES (0.4187ms)
✔ terminal status failure never retries: EPERM (0.2181ms)
✔ terminal status failure never retries: STATUS_IDENTITY_MISMATCH (0.1676ms)
✔ terminal status failure never retries: ASSERTION_FAILED (0.1308ms)
✔ terminal status failure never retries: INVALID_STATUS_JSON (0.1095ms)
✔ terminal status failure never retries: STATUS_NOT_READY (0.115ms)
✔ terminal status failure never retries: PROCESS_FAILED (0.1142ms)
✔ unknown errors with timeout-looking sensitive text are terminal and redacted (0.3573ms)
✔ one total deadline bounds slow successful queries and prevents another attempt (0.2754ms)
✔ retry waits consume the same budget (0.2513ms)
✔ complete readiness requires exact identity and all twelve components (0.47ms)
✔ retry declaration cannot target Start, backup, apply, generic GET or script flags (0.8503ms)
✔ bounded native read-only runner covers inherited output EOF (197.1344ms)
✔ timing unions overlaps, excludes nested retries, keeps coordination and document completion separate (0.755ms)
✔ uncompleted batch never gets approval-to-complete or successful conclusion (0.2124ms)
✔ offline report validates immutable journal, preserves unknown history and fails closed when steps missing (34.7161ms)
✔ domain history synthetic isolation regressions (412.5956ms)
✔ independent domain history regressions with original source receipt bytes (208.1852ms)
✔ independent: completion interval cannot absorb work recorded after completion (2.8495ms)
✔ independent: receipt whitelist rejects or removes unexpected sensitive field types (37.799ms)
✔ independent: incomplete batch timing remains uncompleted even with a stale closeout event (17.7525ms)
✔ independent: interrupted operation report preserves already fsynced attempt metadata (18.4658ms)
✔ independent: source/version projection cannot retain sensitive nested release identifiers (14.5876ms)
✔ independent: independent runtime projection rejects sensitive nested identity fields (13.5749ms)
✔ independent: report can preserve valid failure states from the actual system Status contract (12.6692ms)
✔ independent: observation sidecar timestamp is validated before projecting evidence (13.5331ms)
✔ independent: report CLI does not print malformed evidence payload fragments (324.3327ms)
✔ independent: total deadline includes persistent attempt evidence (0.9441ms)
✔ independent: expired binding validation prevents starting another native probe (0.2663ms)
✔ independent: direct process completion returns while inherited output remains open (2432.979ms)
ℹ {"parentExitMs":318.5394000000001,"eofMs":2155.565,"inheritedHoldMs":1837.0256}
✔ independent: permanent identity mismatch does not retry after a transient query (0.5201ms)
✔ independent: HTTP icon query, other HTTPS origin and static-suffix writes remain dangerous (0.7677ms)
✔ independent: allowed business GET network failure invalidates real UI audit (0.6715ms)
✔ independent: complete readiness requires the actual twelve domain names (0.3086ms)
✔ independent: fixed snapshot and verified source receipt isolation regressions (230.5258ms)
✔ CSS values are proven; rules/resources/security properties remain byte-bound (3.487ms)
✔ bounded static PNG replacement is allowed; SVG/new/deleted/redirected resource is rejected (4.0261ms)
✔ pure local Boolean button toggle is proven, aliases/custom calls/server components are not (33.6963ms)
✔ API/server execution, frontend writes, permissions, dependencies, config and mixed changes stay strict (4.9206ms)
✔ actual production predecessor snapshots bind the real four-file delta and reject its ownership/permission logic (7547.2056ms)
ℹ {"afterFiles":5050,"afterSourceSha256":"8662394ff24c116685c1342ed6b8b9fa5dd58d8ffa7c0bb869be31e49e5e0646","beforeFiles":5050,"beforeSourceSha256":"70a562eadb2ee993ae3e80188f9a1e064f8605012a218507dba507a101aefa0e","changed":["app/customer-service-view.tsx","app/globals.css","app/page.tsx","app/ui/stable-read-content.tsx"],"completeSnapshots":true,"level":"strict","source":"immutable-source-snapshot"}
✔ new admission modules are copied and key-file bound in the immutable release (1.2077ms)
✔ database decisions are sealed; rehashed omissions, duplicate lifecycles and arbitrary display writes fail (13.8905ms)
✔ unknown BeginWorkerDrain retains ownership and is never replayed (108.9318ms)
✔ unknown EndWorkerDrain retains ownership and is never replayed (203.4368ms)
✔ recovery failure at any boundary blocks; sealed full DB steps cannot be skipped (50.0521ms)
✔ same-batch content evidence is bounded, forced at switch barriers and cannot be mutated by callers (3.2196ms)
✔ content change invalidates sourceSha256 even with unchanged timestamps (0.393ms)
✔ content change invalidates sourceInventorySha256 even with unchanged timestamps (0.3005ms)
✔ content change invalidates toolchain even with unchanged timestamps (0.327ms)
✔ content change invalidates configuration even with unchanged timestamps (0.2438ms)
✔ evidence checked before work is rechecked after; other batches/concurrent use/disposal are refused (0.7735ms)
✔ full verification observation race and unsuccessful result never seed reusable evidence (0.3313ms)
✔ expiry covers the whole observation and source changes after admission block before WAL intent (45.3893ms)
✔ snapshot inventory includes environment examples and same-mtime tampering is detected by bytes (11.8197ms)
✔ missing config parent creation invalidates; unrelated ancestor siblings do not (2505.8763ms)
✔ shared process deadline is transport metadata; other inherited configuration stays bound (0.2637ms)
✔ timings are disjoint children and retain failure status without sensitive diagnostics (0.3792ms)
✔ failed live collector stages persist in the actual journal without error values (37.8785ms)
✔ D: successful wrapper alone cannot prove the latest native scheduled run (45.2072ms)
✔ D: later lock failure remains durable and cannot expose the earlier success (59.1315ms)
✔ D: a late failure marker blocks new backup work even if an old result says success (55.9731ms)
✔ D: original PS5 Unicode transport and child-only module environment are used (27.2902ms)
✔ D: real direct child exits while service-like descendant holds both streams (111.1799ms)
✔ D independent: scheduled mutation uses direct-exit file evidence and preserves lifecycle descendants (25.9253ms)
✔ D independent: pause while acquiring the lock prevents any Backup invocation (22.7939ms)
✔ D independent: a newer lock failure cannot leave only an old successful daily proof (36.9353ms)
✔ D independent: exhausted inherited deadline prevents a new scheduled mutation (14.1476ms)
✔ D independent: late direct success cannot become a successful daily receipt (103.4636ms)
✔ D independent: retained late-failure marker blocks the next scheduled mutation (50.0341ms)
✔ D independent: newer failed lock observation rejects an older successful daily result (54.0369ms)
✔ D independent: exact ownership mismatch retains original success bytes plus an unknown marker (63.574ms)
✔ D independent: operator failure retains fixed process evidence and never its raw diagnostic (36.6454ms)
✔ D independent: result persistence failure cannot release ownership or replay the unknown mutation (47.4948ms)
✔ D independent: wrapper success alone cannot establish latest native schedule coverage (39.3448ms)
✔ transport deadline changes do not invalidate exact build environment identity (1.3604ms)
✔ Node direct exit files: hold does not wait for inherited stdout/stderr (114.4568ms)
✔ Node direct exit files: hold-stdout does not wait for inherited stdout/stderr (84.7712ms)
✔ Node direct exit files: hold-stderr does not wait for inherited stdout/stderr (108.8274ms)
✔ Node direct exit files: nonzero-hold does not wait for inherited stdout/stderr (90.7556ms)
✔ EOF transport retains exit0 but fails within the same deadline while both streams are held (811.5319ms)
✔ probe direct cleanup leaves its simulated service alive and no direct probe (986.622ms)
✔ an exhausted inherited deadline starts no child (2.9364ms)
✔ ordinary isolated tree cleanup retains no child or detached grandchild (1468.9873ms)
✔ approved runner rejects invalid and retains bounded diagnostics (367.5978ms)
✔ approved runner rejects nonzero and retains bounded diagnostics (352.1297ms)
✔ approved runner rejects flood and retains bounded diagnostics (301.0501ms)
✔ powershell.exe: shared transport and watchdog hold both streams without a late EOF wait (2049.721ms)
✔ pwsh.exe: shared transport and watchdog hold both streams without a late EOF wait (2982.9221ms)
✔ powershell.exe: concurrent lifecycle mutex obeys the original deadline (1343.6937ms)
✔ pwsh.exe: concurrent lifecycle mutex obeys the original deadline (1712.9978ms)
✔ watchdog deadline, safe diagnostics and unknown notification delivery remain bounded (3725.26ms)
ISOLATED_START_TIMING {"scenario":"ready","engineMs":899,"validationMs":2007,"adapterMs":3065,"totalMs":4057,"descendantHeldMs":60000}
✔ original nested PS5 adapter: ready (4192.661ms)
✔ original nested PS5 adapter: engine-failed (2137.5192ms)
✔ original nested PS5 adapter: wrong-version (3043.8725ms)
✔ original nested PS5 adapter: incomplete (3776.3318ms)
✔ original nested PS5 adapter: bad-json (2141.0563ms)
✔ original nested PS5 adapter: maintenance (4532.1397ms)
✔ original nested PS5 adapter: deadline (2542.0275ms)
ISOLATED_START_TIMING {"scenario":"drain","engineMs":975,"validationMs":2115,"adapterMs":3247,"totalMs":4304,"descendantHeldMs":60000}
✔ original nested PS5 adapter: drain (4434.3986ms)
✔ original nested PS5 adapter: missing-identity (2104.6891ms)
✔ original nested PS5 adapter: fake-components (3581.6731ms)
✔ Start candidate/drain/dependency bindings reject at sealing before any operation (35.0906ms)
✔ unknown operation retains exit/deadline metadata and cannot replay (258.8311ms)
✔ passed WAL retains bounded original engine completion and separate timings (276.9736ms)
✔ literal display delta is proven across unchanged dependency closure (1.9542ms)
✔ mixed high/unproven impact blocks display: backend/sales/migrations/9001.py (0.6941ms)
✔ mixed high/unproven impact blocks display: lib/auth/permissions.ts (0.503ms)
✔ mixed high/unproven impact blocks display: tools/runtime.mjs (0.4395ms)
✔ mixed high/unproven impact blocks display: config/runtime.json (0.4275ms)
✔ mixed high/unproven impact blocks display: worker/index.ts (0.9194ms)
✔ mixed high/unproven impact blocks display: package-lock.json (0.5639ms)
✔ mixed high/unproven impact blocks display: lib/read.ts (0.6701ms)
✔ mixed high/unproven impact blocks display: app/view.tsx (1.6156ms)
✔ business read change uses full safeguards; unresolved dependencies stay strict (0.3794ms)
✔ empty/add/delete/malformed display and witness effect escalates (5.8576ms)
✔ recent complete recovery with continuous daily backup permits reuse (0.5561ms)
✔ recovery binding changed: manifestSha256 (0.5001ms)
✔ recovery binding changed: dumpSha256 (0.4427ms)
✔ recovery binding changed: environmentSha256 (0.3768ms)
✔ recovery binding changed: schemaSha256 (0.4231ms)
✔ recovery binding changed: rolesSha256 (0.536ms)
✔ recovery binding changed: operatorSha256 (0.5072ms)
✔ recovery binding changed: retentionSha256 (0.8501ms)
✔ recovery binding changed: scheduleSha256 (0.5234ms)
✔ recovery binding changed: backupId (0.4153ms)
✔ invalid recovery prerequisite r=>r.current.schedule.active=false (0.4416ms)
✔ invalid recovery prerequisite r=>r.current.schedule.lastResult='failed' (0.384ms)
✔ invalid recovery prerequisite r=>r.current.schedule.lastSuccessAt=new Date(now-backupMaxAgeMs-1).toISOString() (0.3869ms)
✔ invalid recovery prerequisite r=>r.evidence.backupCompletedAt=new Date(now-backupMaxAgeMs-1).toISOString() (0.4037ms)
✔ invalid recovery prerequisite r=>r.evidence.restoredAt=new Date(now-rehearsalMaxAgeMs-1).toISOString() (0.4201ms)
✔ invalid recovery prerequisite r=>r.evidence.restoredAt=new Date(now+1).toISOString() (0.4623ms)
✔ invalid recovery prerequisite r=>r.evidence.restoreStatus='failed' (0.513ms)
✔ invalid recovery prerequisite r=>r.evidence.cleanupStatus='unknown' (0.4003ms)
✔ invalid recovery prerequisite r=>r.current.pointExists=false (0.4185ms)
✔ invalid recovery prerequisite r=>r.current.retained=false (0.4755ms)
✔ invalid recovery prerequisite r=>r.current.verifyStatus='failed' (0.6874ms)
✔ invalid recovery prerequisite r=>r.evidence[k]=false (0.4554ms)
✔ invalid recovery prerequisite r=>r.evidence[k]=false (0.3505ms)
✔ invalid recovery prerequisite r=>r.evidence[k]=false (0.3955ms)
✔ invalid recovery prerequisite r=>r.evidence[k]=false (0.3564ms)
✔ invalid recovery prerequisite r=>r.evidence[k]=false (0.3601ms)
✔ strict/business releases never reuse recovery (0.1708ms)
✔ exact binding changes block every executable release (458.8653ms)
✔ approval scope change and incomplete acceptance/tests reject (2.2222ms)
✔ backup failure retains active ownership and safe resumption skips passed stages (327.7524ms)
✔ unknown mutation is never replayed; independent exact reconciliation is required (380.3558ms)
✔ crash after write-ahead started record blocks replay; damaged journal blocks (239.7048ms)
✔ an actual subprocess exit after started retains unknown state and cannot replay (522.6464ms)
✔ recovery invalidation immediately before switching blocks the fast batch (55.9947ms)
✔ legacy plan/apply cannot claim a predecessor owned by another batch (9.2411ms)
✔ real original rotation mutex serializes independent preparation chats (1.9236ms)
✔ timing includes explicit approval, incomplete closeout does not declare completion (0.1576ms)
✔ rehashing a hand edited batch cannot remove gates, forge impact or escape journals (6.204ms)
✔ a batch cannot apply another plan, change drain owner or restore another point (18.4115ms)
✔ scheduled backup does nothing while paused; unknown result never gives reusable evidence (35.6689ms)
✔ exact Windows OS PowerShell hash is usable while ordinary hard-linked tools stay forbidden (28.8565ms)
✔ PS5 child uses its system modules, removes inherited library-only flags and preserves its parent (0.3598ms)
✔ actual readonly admission caller uses the same safe native transport (817.9768ms)
✔ Node and non-system shell commands retain their exact approved environment (0.1989ms)
✔ PS5 transport binds File argv as data and rejects ambiguous parameter syntax (0.472ms)
✔ actual approved runner survives a PS7-polluted parent while original PS5 ACL command fails (2719.5074ms)
✔ original nested lifecycle adapter also preserves Unicode through its native child (2029.6194ms)
✔ Worker-only release drains through the original engine (powershell.exe) (1367.1337ms)
✔ Worker-only release drains through the original engine (pwsh.exe) (2185.0448ms)
✔ prepared Django deployment and overlapping readers (powershell.exe) (3370.2273ms)
✔ prepared Django deployment and overlapping readers (pwsh.exe) (2898.3317ms)
✔ online preparation verifies the exact predecessor at every boundary and propagates unknown process failures (0.9794ms)
✔ lifecycle interleavings and persistent maintenance (powershell.exe) (3909.1679ms)
✔ lifecycle interleavings and persistent maintenance (pwsh.exe) (7437.6161ms)
✔ first deadline helper upgrade is guarded, installed, read back and recoverable from an old eleven-entry predecessor (708.4901ms)
✔ new candidate cannot omit the helper guard or replace it with foreign bytes (144.7983ms)
✔ successor sequence remains bounded while allowing continued forward releases (0.8413ms)
✔ full successor verification crosses the old 128 boundary without dropping history (253486.8294ms)
✔ adopted proof admits two successive releases after the isolated D1 file disappears (1357.3774ms)
✔ failed initial D1 adoption revalidation leaves protected entrypoints untouched (270.7083ms)
✔ successors cannot remove or replace inherited retirement evidence before installing any entrypoint (1169.3632ms)
✔ append-only successor resolves an effective head without rewriting bootstrap current or authority (334.6418ms)
✔ release launch guard authorizes only the append-only effective head after activation (377.6168ms)
✔ successor publication is same-tuple idempotent and repairs only its exact missing sidecar (174.0314ms)
✔ resolver rejects incomplete sidecars and unreachable fork records (238.5455ms)
✔ rotation plan binds predecessor CAS, immutable evidence and protected-entrypoint before/after hashes (113.478ms)
✔ rotation planning accepts a stopped verifier upgrade mixed with predecessor protected entrypoints (184.3396ms)
✔ new rotation plans reject a candidate whose guarded batch entrypoint is absent from the immutable release (101.7463ms)
✔ new rotation plans reject manifest keyFiles drift before inspecting the protected root (100.7263ms)
✔ approved apply recovery skips absent candidate material when the protected batch and panel are already exact (375.0665ms)
✔ test-only apply core activates and idempotently replays an approved first successor (686.0266ms)
✔ apply resumes a half-installed protected entrypoint set while predecessor launch stays fail-closed (568.6133ms)
✔ apply repairs an exact record-without-sidecar publication and ignores staging crash debris (482.7274ms)
✔ startup install or readback failure leaves consumption unpublished and the same plan recoverable (744.3552ms)
✔ a second successor succeeds when only its immutable activation fence changes (1616.3184ms)
✔ forged evidence, foreign protected roots and cyclic candidates fail before activation mutation (678.4022ms)
✔ startup shortcut recognizes the immutable seven-entry predecessor then rebinds exactly to effective head (2427.8106ms)
✔ Windows atomic installer replaces an existing entrypoint in one rename and leaves no temporary file (11.9659ms)
✔ production rotation CLI rejects caller-controlled runtime/source/command overrides (2.2417ms)
✔ release canonical JSON and Windows path identities are deterministic (1.9642ms)
✔ real release artifact packer carries every guarded entrypoint and binds each one as a key file (227.1294ms)
✔ production manifest provenance accepts only the legacy predecessor or isolated successor source (1.6237ms)
✔ Windows Node 24 runs its bundled npm CLI directly without cmd or shell (3954.6915ms)
✔ PowerShell 5 outer capture is isolated from noisy children and preserves bounded failures (6432.4606ms)
✔ helper builder accepts only exact unique import.meta contracts (0.8928ms)
✔ source snapshot fingerprint detects a post-copy mutation (5.6167ms)
✔ bounded parallel tree hashing preserves the legacy ordinal byte protocol (161.9815ms)
✔ isolated source closure rejects build-added source files (7.9079ms)
✔ isolated source closure compares complete flat ordinal paths instead of DFS order (28.7723ms)
✔ isolated source closure reports bounded relative added and removed paths (27.3487ms)
✔ isolated source closure diagnostics escape controls and cap long relative examples (3.2089ms)
✔ isolated source closure still reports content changes after set equality (5.2076ms)
✔ Vinext scratch fixture accepts only the real 74-byte config and restores exact source closure (28.8655ms)
✔ Vinext scratch preflight rejects source conflicts and any pre-build .wrangler object (2.6658ms)
✔ Vinext scratch rejects every unexpected sibling before deleting the verified config (20.6806ms)
✔ Vinext scratch config is strict JSON with one exact byte representation and target (93.4805ms)
✔ Vinext scratch rejects a hard-linked config before deleting either name (14.4186ms)
✔ Vinext scratch rejects a reparse-point .wrangler tree (9.8151ms)
✔ immutable helper bundle keeps code immutable and mutable state at the protected root (2041.545ms)
✔ exclusive any-interface port probe rejects wildcard and IPv6 listeners (5.9804ms)
✔ D1 retirement guard recognizes receipt or all exact tombstone views (58.291ms)
✔ immutable release completion requires views, shared guards, and completed receipt (58.6414ms)
✔ partial or malformed D1 tombstone views fail closed (63.3418ms)
✔ installed runtime without current guard receipt never lets legacy launcher fail open (2.9817ms)
✔ authority first publication is create-only under competing tuples (47.3503ms)
✔ authority verification fails when current is deleted or tampered after publication (40.3114ms)
✔ ordinary Deploy is first-publication only and rejects authority or retirement (61.4071ms)
✔ concurrent first current publication has one winner and never removes it (18.5541ms)
✔ trusted Django verifier refuses a different candidate verifier (8.9485ms)
✔ local port probe detects an exact IPv4 loopback listener (2.3506ms)
✔ release source fixes build closure, real contract tests, guard and authority protocols (182.1962ms)
✔ supervisor prelaunch policy binds its own exact starting identity instead of asserting stopped (2.3781ms)
✔ hot restart keeps the verified supervisor and helper while replacing only the Worker child (1.2935ms)
✔ supervisor consumes one fresh full-verification receipt and rejects expired reuse (20.9308ms)
✔ supervisor prelaunch waits for the real create-only receipt and rejects timeout or a forged PID (4988.3148ms)
✔ immutable Worker keeps Miniflare cache outside node_modules across two starts and rejects unsafe cache objects (440.5959ms)
✔ public entrypoints converge on the immutable Worker start engine (7.3586ms)
✔ PowerShell 5 service contract is parseable and never claims an unknown port is stopped (9130.8482ms)
✔ PowerShell startup ownership observation tolerates only a bounded transient anomaly (671.9905ms)
✔ PowerShell process tree rejects PID-reuse creation inversions and unreadable identities (772.6635ms)
✔ PowerShell Stop sweep follows a newly spawned exact helper lineage and rejects ambiguity (887.3974ms)
ℹ tests 307
ℹ suites 0
ℹ pass 307
ℹ fail 0
ℹ cancelled 0
ℹ skipped 0
ℹ todo 0
ℹ duration_ms 480418.0465
