✔ independent: aborted detail followed by no-coverage scope must release refresh (3474.2135ms)
✔ independent: malformed daily date must not reach shared trend rendering (3442.0059ms)
✔ independent: owned detail decoder preserves legitimate null/zero and rejects identity/numeric/date faults (14.2861ms)
✔ inventory consumer uses fixed chunks, exclusive end dates, and the exact principal (104.0637ms)
✔ inventory consumer fails closed on truncated and out-of-request aggregate rows (15.4428ms)
✔ inventory consumer fails closed on incomplete batch metadata (5.193ms)
✔ inventory and product online paths contain no D1 sales dependency (31.0384ms)
✔ detail hides old periods synchronously, rejects late/error responses and recovers (3637.9883ms)
✔ same-range refresh reads detail, retains success on failure and enforces source version (3773.892ms)
✔ calculator uses validated first-page data, local inputs and tab reentry without another aggregate (1990.8774ms)
✔ cancelled detail followed by empty coverage releases refresh and rejects its late response (1555.9039ms)
✔ malformed dates, wrong specification and invalid amounts fail locally before chart rendering (1572.7047ms)
✔ product summary pagination and actual period are bounded (7.8983ms)
✔ inventory pagination and partial cost coverage remain honest (3.4785ms)
✔ missing row-level age sales never becomes zero sales (0.4366ms)
✔ product and inventory APIs expose real page contracts (39.7509ms)
✔ replenishment, AI and frontend do not reuse truncated pages (11.9047ms)
✔ netshop requests reject late filter responses (5.4495ms)
✔ page consumes customer and finance bounded detail, pagination and CAS contracts (2.9909ms)
✔ customer detail uses the shared dialog and saves both draft fields through one CAS (1.7321ms)
✔ 库存 overview 保留缺省 full 兼容并支持唯一受控投影 (1.7972ms)
✔ 库存真实 SQL 分页把明确零成本计为完整覆盖 (218.8491ms)
✔ 库存 overview 推荐投影严格限制为排序后的前 50 条 (59.4006ms)
✔ progressive regions require their complete projection and range witnesses (3.1268ms)
✔ an unloaded, malformed, truncated or wrong page cannot become a business empty/zero region (0.6904ms)
✔ an interrupted distribution recovers even when the next page or refresh fails (4560.0251ms)
✔ first/new scope failures show blocked statistics, and a changed snapshot restarts page one (3646.8015ms)
✔ 商品汇总只向独立 Django products reader 传递有界查询 (2.9ms)
✔ 商品汇总 page 投影绑定同一 snapshot token (10.4158ms)
✔ 商品前端只在同一 bootstrap 和 snapshot 下请求 page 投影，版本漂移有界回到 full (24.8059ms)
ℹ tests 30
ℹ suites 0
ℹ pass 30
ℹ fail 0
ℹ cancelled 0
ℹ skipped 0
ℹ todo 0
ℹ duration_ms 14180.6073
