✔ customer save failures survive authoritative refresh; only a confirmed save clears them (2532.2929ms)
✔ new customer scope retains inert presentation, fences old handlers, and exposes only its own recovered rows (1787.6568ms)
✔ failed customer scope cannot revive prior rows when returning to the previous filter (1633.2481ms)
✔ an equal-looking identity packet clears customer presentation and requests fresh authorized options (1556.3628ms)
✔ late customer detail cannot reopen after its date changes (1529.4152ms)
✔ a late import completion refreshes the current scope without stranding its reader (1628.6443ms)
✔ an accepted detail save finishing under a new identity cannot overwrite its rows or reopen its detail (1995.4522ms)
✔ an accepted save may finish after leaving customer view without refreshing the unmounted instance (2408.1797ms)
✔ a failed refresh preserves only its exact prior scope and cannot start AI; permission denial clears it (1904.8351ms)
✔ detail permission denial clears old customer rows and ends the reading state (2244.6016ms)
✔ market ranking limits candidate ids before expensive row enrichment (0.9494ms)
✔ market ranking can page a small candidate window before expensive enrichment (0.1346ms)
✔ market price-band ranking still filters before the bounded enrichment stage (0.1795ms)
✔ market full analytics aggregates shared monthly rows without a section cross join (0.3993ms)
✔ market read indexes cover ranking order and distinct image aggregation (13.7283ms)
✔ inventory APIs bound response rows while preserving totals and recommendations (5.3865ms)
✔ sales and inventory tabs only request the data source needed by the visible tab (2.5808ms)
✔ customer, sales, and product views avoid superseded or duplicate work (2.1137ms)
ℹ tests 18
ℹ suites 0
ℹ pass 18
ℹ fail 0
ℹ cancelled 0
ℹ skipped 0
ℹ todo 0
ℹ duration_ms 20833.7811
