✔ customer save failures survive authoritative refresh; only a confirmed save clears them (2776.4686ms)
✔ new customer scope retains inert presentation, fences old handlers, and exposes only its own recovered rows (1770.9638ms)
✔ failed customer scope cannot revive prior rows when returning to the previous filter (1703.0304ms)
✔ an equal-looking identity packet clears customer presentation and requests fresh authorized options (1604.9454ms)
✔ late customer detail cannot reopen after its date changes (1733.2755ms)
✔ a late import completion refreshes the current scope without stranding its reader (1734.8403ms)
✔ an accepted detail save finishing under a new identity cannot overwrite its rows or reopen its detail (1846.8209ms)
✔ an accepted save may finish after leaving customer view without refreshing the unmounted instance (1826.5112ms)
✔ a failed refresh preserves only its exact prior scope and cannot start AI; permission denial clears it (1579.7403ms)
✔ detail permission denial clears old customer rows and ends the reading state (1574.7307ms)
✔ opening and closing detail after a transient same-scope failure does not turn the list busy again (1896.1667ms)
✔ a cancelled old detail denial cannot clear the restored scope's new successful rows (2357.8874ms)
✔ current detail denial fences a parallel list reply and permits a fresh explicit recovery (2368.9063ms)
ℹ tests 13
ℹ suites 0
ℹ pass 13
ℹ fail 0
ℹ cancelled 0
ℹ skipped 0
ℹ todo 0
ℹ duration_ms 26210.1623
