(node:54164) ExperimentalWarning: `--experimental-loader` may be removed in the future; instead use `register()`:
--import 'data:text/javascript,import { register } from "node:module"; import { pathToFileURL } from "node:url"; register("./.runtime/isolated-rotation-loader.mjs", pathToFileURL("./")); register("./.runtime/isolated-rotation-loader.mjs", pathToFileURL("./"));'
(Use `node --trace-warnings ...` to show where the warning was created)
✔ rolling API resume retains its frozen range and rejects a monthly controller (385.0558ms)
✔ approved API resume preserves the submitted run and binds one full n8n execution (76.0571ms)
✔ approved API resume reuses an already-bound task after download fetch failed before file creation (47.0263ms)
✔ published plan-anchor sequence resumes the bound task and preserves every observed node (49.3644ms)
✔ bound-task fetch recovery rejects an unbound task, changed failure or any partial download (45.137ms)
✔ API resume rejects changed evidence, extra effects and mismatched task identity (99.8083ms)
✔ API resume permit expires, stays single-consumer and detects later artifact changes (64.4624ms)
✔ hour-later full execution atomically claims the existing task without an expiring pre-issued permit (63.7054ms)
✔ automatic recovery supports the historical fetch failure only after the same strict proof (17.0756ms)
✔ automatic recovery rejects effects, changed platform tasks, metadata races, unknown progress and expired inspection (145.8146ms)
✔ automatic claim is create-only under concurrent attempts and cannot be replaced after interruption (70.8427ms)
✔ automatic recovery leaves operator permits and unrelated failures on their existing paths (11.3559ms)
(node:14440) ExperimentalWarning: `--experimental-loader` may be removed in the future; instead use `register()`:
--import 'data:text/javascript,import { register } from "node:module"; import { pathToFileURL } from "node:url"; register("./.runtime/isolated-rotation-loader.mjs", pathToFileURL("./")); register("./.runtime/isolated-rotation-loader.mjs", pathToFileURL("./"));'
(Use `node --trace-warnings ...` to show where the warning was created)
✔ API metadata requires unique permissions, complete warehouses and the current tenant owner (11.689ms)
✔ API count and export scopes agree; shipment dates roll across month/leap-year boundaries (7.3425ms)
✔ API totals fail before any submission for partial scopes, over-limit exports or combo image truncation (3.656ms)
✔ platform time calibration finds a new task one second behind local time without choosing the baseline (0.6524ms)
✔ platform task observations use the same clock when the server is ahead of the local host (0.3178ms)
✔ submitted API task inspection binds the original completed task without another export POST (9.1201ms)
✔ an uncertain API submission is durably fenced and resumes polling without replaying its POST (30.3085ms)
✔ generated API n8n graph retains the validation barrier and disables automatic POST retries (1.6898ms)
{"module":"inventory","status":"handed_off","rows":25734,"elapsedMs":44}
✔ real API exporter emits a recoverable bound-download error and resumes with exactly one inventory POST (52.8338ms)
(node:37496) ExperimentalWarning: `--experimental-loader` may be removed in the future; instead use `register()`:
--import 'data:text/javascript,import { register } from "node:module"; import { pathToFileURL } from "node:url"; register("./.runtime/isolated-rotation-loader.mjs", pathToFileURL("./")); register("./.runtime/isolated-rotation-loader.mjs", pathToFileURL("./"));'
(Use `node --trace-warnings ...` to show where the warning was created)
✔ OSS transient GETs reuse exactly the same file, then persist only the complete XLSX (54.1035ms)
✔ OSS retry exhaustion has bounded attempts and a sanitized cause (7.9208ms)
✔ OSS stream failure discards partial bytes before retrying the same attachment (18.1068ms)
✔ OSS HTTP, TLS and malformed-file terminal failures never retry (36.605ms)
✔ OSS 503 retries and redirected targets are validated on every hop (25.4959ms)
✔ OSS deadline includes backoff and prevents starting a late GET (38.0852ms)
✔ OSS one deadline is shared across redirects and the response body (37.7325ms)
✔ OSS body timeout removes the partial file and does not start another request after deadline (35.367ms)
✔ an elapsed deadline never promotes a known authorization rejection to a transient failure (27.2387ms)
(node:52532) ExperimentalWarning: `--experimental-loader` may be removed in the future; instead use `register()`:
--import 'data:text/javascript,import { register } from "node:module"; import { pathToFileURL } from "node:url"; register("./.runtime/isolated-rotation-loader.mjs", pathToFileURL("./")); register("./.runtime/isolated-rotation-loader.mjs", pathToFileURL("./"));'
(Use `node --trace-warnings ...` to show where the warning was created)
✔ bound inventory download recovery agrees with emitted n8n code and never overrides terminal failures (6.6372ms)
✔ all registered data workflows route hourly retries through a new full execution (23.2478ms)
✔ the shared error workflow waits exactly one hour and dispatches only to loopback (2.5042ms)
✔ retry classification permits transient failures and stops unsafe or human-owned states (1.427ms)
✔ only an exact verified Jackyun preflight closure reaches the hourly retry (0.2684ms)
✔ live market receipt and pagewise completeness errors stop in the emitted n8n classifier (0.9835ms)
✔ live 4605 login challenge and other waiting-login failures never dispatch a retry (1.0139ms)
✔ target attachment is deterministic and idempotent (0.3848ms)
✔ the local n8n launcher binds retry webhooks to loopback (1.7951ms)
(node:40632) ExperimentalWarning: `--experimental-loader` may be removed in the future; instead use `register()`:
--import 'data:text/javascript,import { register } from "node:module"; import { pathToFileURL } from "node:url"; register("./.runtime/isolated-rotation-loader.mjs", pathToFileURL("./")); register("./.runtime/isolated-rotation-loader.mjs", pathToFileURL("./"));'
(Use `node --trace-warnings ...` to show where the warning was created)
✔ PS5 child uses its system modules, removes inherited library-only flags and preserves its parent (2.208ms)
✔ actual readonly admission caller uses the same safe native transport (894.3782ms)
✔ Node and non-system shell commands retain their exact approved environment (0.4288ms)
✔ PS5 transport binds File argv as data and rejects ambiguous parameter syntax (0.8274ms)
✔ actual approved runner survives a PS7-polluted parent while original PS5 ACL command fails (2182.1731ms)
✔ original nested lifecycle adapter also preserves Unicode through its native child (1422.4626ms)
(node:62020) ExperimentalWarning: `--experimental-loader` may be removed in the future; instead use `register()`:
--import 'data:text/javascript,import { register } from "node:module"; import { pathToFileURL } from "node:url"; register("./.runtime/isolated-rotation-loader.mjs", pathToFileURL("./")); register("./.runtime/isolated-rotation-loader.mjs", pathToFileURL("./"));'
(Use `node --trace-warnings ...` to show where the warning was created)
✔ literal display delta is proven across unchanged dependency closure (11.9842ms)
✔ mixed high/unproven impact blocks display: backend/sales/migrations/9001.py (1.5713ms)
✔ mixed high/unproven impact blocks display: lib/auth/permissions.ts (1.2344ms)
✔ mixed high/unproven impact blocks display: tools/runtime.mjs (1.0741ms)
✔ mixed high/unproven impact blocks display: config/runtime.json (1.0709ms)
✔ mixed high/unproven impact blocks display: worker/index.ts (0.9447ms)
✔ mixed high/unproven impact blocks display: package-lock.json (0.6209ms)
✔ mixed high/unproven impact blocks display: lib/read.ts (0.6616ms)
✔ mixed high/unproven impact blocks display: app/view.tsx (2.3119ms)
✔ business read change uses full safeguards; unresolved dependencies stay strict (0.8157ms)
✔ empty/add/delete/malformed display and witness effect escalates (6.4659ms)
✔ recent complete recovery with continuous daily backup permits reuse (1.3362ms)
✔ recovery binding changed: manifestSha256 (0.6582ms)
✔ recovery binding changed: dumpSha256 (0.4693ms)
✔ recovery binding changed: environmentSha256 (0.4527ms)
✔ recovery binding changed: schemaSha256 (0.6558ms)
✔ recovery binding changed: rolesSha256 (1.0618ms)
✔ recovery binding changed: operatorSha256 (0.582ms)
✔ recovery binding changed: retentionSha256 (0.4559ms)
✔ recovery binding changed: scheduleSha256 (0.41ms)
✔ recovery binding changed: backupId (0.4146ms)
✔ invalid recovery prerequisite r=>r.current.schedule.active=false (0.4814ms)
✔ invalid recovery prerequisite r=>r.current.schedule.lastResult='failed' (0.446ms)
✔ invalid recovery prerequisite r=>r.current.schedule.lastSuccessAt=new Date(now-backupMaxAgeMs-1).toISOString() (1.1669ms)
✔ invalid recovery prerequisite r=>r.evidence.backupCompletedAt=new Date(now-backupMaxAgeMs-1).toISOString() (0.7862ms)
✔ invalid recovery prerequisite r=>r.evidence.restoredAt=new Date(now-rehearsalMaxAgeMs-1).toISOString() (0.7418ms)
✔ invalid recovery prerequisite r=>r.evidence.restoredAt=new Date(now+1).toISOString() (0.6865ms)
✔ invalid recovery prerequisite r=>r.evidence.restoreStatus='failed' (0.7767ms)
✔ invalid recovery prerequisite r=>r.evidence.cleanupStatus='unknown' (0.9691ms)
✔ invalid recovery prerequisite r=>r.current.pointExists=false (0.684ms)
✔ invalid recovery prerequisite r=>r.current.retained=false (0.4543ms)
✔ invalid recovery prerequisite r=>r.current.verifyStatus='failed' (0.4079ms)
✔ invalid recovery prerequisite r=>r.evidence[k]=false (0.4088ms)
✔ invalid recovery prerequisite r=>r.evidence[k]=false (0.3487ms)
✔ invalid recovery prerequisite r=>r.evidence[k]=false (0.5649ms)
✔ invalid recovery prerequisite r=>r.evidence[k]=false (0.7009ms)
✔ invalid recovery prerequisite r=>r.evidence[k]=false (0.3933ms)
✔ strict/business releases never reuse recovery (0.1795ms)
✔ exact binding changes block every executable release (486.5072ms)
✔ approval scope change and incomplete acceptance/tests reject (2.3981ms)
✔ backup failure retains active ownership and safe resumption skips passed stages (426.4034ms)
✔ unknown mutation is never replayed; independent exact reconciliation is required (469.2667ms)
✔ crash after write-ahead started record blocks replay; damaged journal blocks (326.1021ms)
✔ an actual subprocess exit after started retains unknown state and cannot replay (607.9852ms)
✔ recovery invalidation immediately before switching blocks the fast batch (65.296ms)
✔ legacy plan/apply cannot claim a predecessor owned by another batch (8.9928ms)
✔ real original rotation mutex serializes independent preparation chats (2.8633ms)
✔ timing includes explicit approval, incomplete closeout does not declare completion (0.2935ms)
✔ rehashing a hand edited batch cannot remove gates, forge impact or escape journals (7.3487ms)
✔ a batch cannot apply another plan, change drain owner or restore another point (15.7867ms)
✔ scheduled backup does nothing while paused; unknown result never gives reusable evidence (31.3913ms)
✔ exact Windows OS PowerShell hash is usable while ordinary hard-linked tools stay forbidden (8.3422ms)
✔ PS5 child uses its system modules, removes inherited library-only flags and preserves its parent (1.015ms)
✔ actual readonly admission caller uses the same safe native transport (877.866ms)
✔ Node and non-system shell commands retain their exact approved environment (0.3039ms)
✔ PS5 transport binds File argv as data and rejects ambiguous parameter syntax (0.5961ms)
✔ actual approved runner survives a PS7-polluted parent while original PS5 ACL command fails (2121.2596ms)
✔ original nested lifecycle adapter also preserves Unicode through its native child (1397.4948ms)
ℹ tests 103
ℹ suites 0
ℹ pass 103
ℹ fail 0
ℹ cancelled 0
ℹ skipped 0
ℹ todo 0
ℹ duration_ms 17610.2696
