✔ customer save failures survive authoritative refresh; only a confirmed save clears them (2604.6038ms)
✔ customer-service AI analysis accepts only bounded enum values and requested ids (1.4938ms)
✔ customer-service AI analysis rejects non-JSON model output (0.6751ms)
✔ customer-service AI analysis accepts unknown conversion status (0.204ms)
✔ customer-service page checks model readiness and analyzes every visible unlabelled row in bounded batches (10.7354ms)
✔ customer-service imports scope file identity by shop (1.4228ms)
✔ customer-service page keeps the paired-file import available beside analysis (2.8283ms)
✔ customer-service category filter and display use the netshop SKU to Jackyun sales chain (1.9959ms)
✔ customer-service product mapping supports a unique reverse fallback (0.8413ms)
✔ customer-service reverse fallback rejects an ambiguous online specification code (0.2834ms)
✔ customer-service list exposes SKUID, Jackyun number, and category through bounded consumers (1.5609ms)
✔ customer-service unknown conversion stays synchronized across AI prompt, UI, and tool schema (2.289ms)
✔ 分片导入四店精确绑定；无绑定、跨店重放及旧回执均拒绝 (350.194ms)
✔ new customer scope retains inert presentation, fences old handlers, and exposes only its own recovered rows (1871.3616ms)
✔ failed customer scope cannot revive prior rows when returning to the previous filter (1793.4942ms)
✔ an equal-looking identity packet clears customer presentation and requests fresh authorized options (1735.7558ms)
✔ late customer detail cannot reopen after its date changes (1567.0999ms)
✔ a late import completion refreshes the current scope without stranding its reader (1697.4525ms)
✔ an accepted detail save finishing under a new identity cannot overwrite its rows or reopen its detail (1860.549ms)
✔ an accepted save may finish after leaving customer view without refreshing the unmounted instance (2067.6745ms)
✔ a failed refresh preserves only its exact prior scope and cannot start AI; permission denial clears it (1924.5259ms)
✔ detail permission denial clears old customer rows and ends the reading state (2092.1346ms)
✔ opening and closing detail after a transient same-scope failure does not turn the list busy again (2315.2832ms)
✔ a cancelled old detail denial cannot clear the restored scope's new successful rows (1949.7715ms)
✔ current detail denial fences a parallel list reply and permits a fresh explicit recovery (1834.0689ms)
✔ 四店选择必填、提交身份固定且上传时不可换店，非管理员禁用 (1806.7629ms)
✔ global search presentation preserves guide, short, loading, error, and result semantics (1.3316ms)
✔ group pagination advances a bounded positive page (0.2671ms)
✔ optional deep-link targets accept only catalog modules, matching views, and bounded entities (0.3269ms)
✔ item kind、module、view 和可选 entity kind 必须同时通过导航门禁 (0.3265ms)
✔ 搜索 target 写入真实 shell URL 后刷新和前进后退均可恢复 view (1.2176ms)
✔ dialog is fully controlled, accessible, and contains no data or navigation side effects (11.6333ms)
✔ 实际客服POST保持显式四店绑定并拒绝矛盾身份，无店铺绑定的旧交互请求拒绝 (341.851ms)
✔ market ranking limits candidate ids before expensive row enrichment (1.0031ms)
✔ market ranking can page a small candidate window before expensive enrichment (0.1711ms)
✔ market price-band ranking still filters before the bounded enrichment stage (0.2361ms)
✔ market full analytics aggregates shared monthly rows without a section cross join (0.4372ms)
✔ market read indexes cover ranking order and distinct image aggregation (16.3104ms)
✔ inventory APIs bound response rows while preserving totals and recommendations (5.7441ms)
✔ sales and inventory tabs only request the data source needed by the visible tab (2.8278ms)
✔ customer, sales, and product views avoid superseded or duplicate work (1.87ms)
✔ last 30 days includes Shanghai today and crosses month/year boundaries (19.8511ms)
✔ previous year shifts the selected interval by calendar year and clamps leap day (0.228ms)
✔ previous year dates survive reload and module/tab switches without another shift (1.2428ms)
✔ invalid previous-year links cannot admit missing, duplicate, inverted or impossible dates (0.2294ms)
✔ retained presentation preserves geometry, blocks old actions and clears on failure, period or auth packet change (2101.362ms)
ℹ tests 46
ℹ suites 0
ℹ pass 46
ℹ fail 0
ℹ cancelled 0
ℹ skipped 0
ℹ todo 0
ℹ duration_ms 35655.0765
