✔ actual Python complete page is signed to reader and wrapped without rewriting its identity or digest (41.1684ms)
✔ missing duplicate malformed and changed account bindings make zero owning requests (2.6602ms)
✔ anonymous, non-admin and scoped accounts fail closed with no-store (2.287ms)
✔ unknown and duplicate fields including cursor reach owning reader unchanged (8.1885ms)
✔ server validates a successful continuation page but does not invent previous-item authority (2.5263ms)
✔ bad successful digests, identity structure, generation or header never receive a success envelope (9.1173ms)
✔ unexpected upstream success cannot erase duplicate/unknown filters (5.5316ms)
✔ revocation and initialization failure retain owning error and are never retried (2.5148ms)
✔ abort propagates to reader and does not retry or return a success page (2.4327ms)
✔ owning market page and current-account envelope validate without changing old principal codec (17.3762ms)
✔ actual Python contract hashes and Unicode casefold are accepted by the shared codec (118.6134ms)
✔ exact query filters and raw price labels never infer aliases (1.9292ms)
✔ unknown fields and false owning authority are rejected even after fresh page SHA (5.3433ms)
✔ full page SHA, option key and query digest are independently checked (3.3027ms)
✔ date envelopes stay valid historical bounds with no snapshot or coverage claim (3.4857ms)
✔ Python code-point identity order rejects duplicates and UTF16 order mistakes (3.7917ms)
✔ continuation pins account, query, revision, generation, digest and strict previous identity (4.1032ms)
✔ pagination is exact twenty and a progressing bounded signed cursor (14.9671ms)
✔ UTF8 38000 byte limit counts complete multibyte identities, never slices entries (4.79ms)
✔ untrusted getters/deep types and async caller mutation cannot change the validated snapshot (1.5611ms)
✔ selection requires an unchanged current-account validated page and exact member (1.6446ms)
✔ market merge preserves exact manual fields, deduplicates only whole identity and never exceeds seven (2.039ms)
✔ actual Python complete page is signed to reader and wrapped without rewriting its identity or digest (37.7385ms)
✔ missing duplicate malformed and changed account bindings make zero owning requests (1.8297ms)
✔ anonymous, non-admin and scoped accounts fail closed with no-store (1.9068ms)
✔ unknown and duplicate fields including cursor reach owning reader unchanged (8.5973ms)
✔ server validates a successful continuation page but does not invent previous-item authority (2.8556ms)
✔ bad successful digests, identity structure, generation or header never receive a success envelope (9.1869ms)
✔ unexpected upstream success cannot erase duplicate/unknown filters (3.212ms)
✔ revocation and initialization failure retain owning error and are never retried (1.9362ms)
✔ abort propagates to reader and does not retry or return a success page (1.6958ms)
✔ ERP exact page validates as an isolated copy with owning-only provenance (15.5474ms)
✔ actual Python contract SHA and Unicode exact identities match TS (105.4013ms)
✔ queries retain arbitrary exact platforms but reject aliases empty fields q and shop without platform (2.3826ms)
✔ schema source authority and provenance are strict even after recomputing SHA (3.5053ms)
✔ independent page query option and revision bindings reject tampering (4.9079ms)
✔ business dates cannot claim snapshot or complete period coverage (3.5388ms)
✔ C collation uses Unicode code points and rejects duplicate or backwards keys (4.0822ms)
✔ continuation pins account query revision directory generation and previous identity (3.5143ms)
✔ pagination and full UTF8 capacity are checked without trimming records (9.4638ms)
✔ getters and asynchronous mutation cannot alter validated snapshots (1.9802ms)
✔ selection and merge require validated unchanged page and exact current-account choice (1.7489ms)
✔ ERP merge adds only explicit channel and preserves other form data including budgets (1.4848ms)
✔ pristine placeholder may be replaced but unfinished manual shops stay intact (0.8568ms)
✔ 100-character planner limit rejects complete 101-200 character source identity without truncation (4.9838ms)
✔ merge refuses shop channel bounds and ambiguous duplicates without shrinking scope (1.4704ms)
✔ customer save failures survive authoritative refresh; only a confirmed save clears them (2727.4118ms)
✔ new customer scope retains inert presentation, fences old handlers, and exposes only its own recovered rows (1684.4208ms)
✔ failed customer scope cannot revive prior rows when returning to the previous filter (1763.9921ms)
✔ an equal-looking identity packet clears customer presentation and requests fresh authorized options (1645.9667ms)
✔ late customer detail cannot reopen after its date changes (1680.8584ms)
✔ a late import completion refreshes the current scope without stranding its reader (1813.8314ms)
✔ an accepted detail save finishing under a new identity cannot overwrite its rows or reopen its detail (1843.7459ms)
✔ an accepted save may finish after leaving customer view without refreshing the unmounted instance (1978.7459ms)
✔ multi-select choices stay open while another option is selected (10.9386ms)
✔ filter-driven requests keep the last successful layout mounted (9.3417ms)
✔ refresh feedback is a non-blocking gradient with reduced-motion support (2.1444ms)
✔ module navigation remains client-side and preserves the previous lazy view (1.3789ms)
✔ refresh errors retain already rendered business data (2.2057ms)
✔ retained presentation preserves geometry, blocks old actions and clears on failure, period or auth packet change (1903.195ms)
ℹ tests 60
ℹ suites 0
ℹ pass 60
ℹ fail 0
ℹ cancelled 0
ℹ skipped 0
ℹ todo 0
ℹ duration_ms 22037.122
