✔ new customer scope retains inert presentation, fences old handlers, and exposes only its own recovered rows (2311.5696ms)
✔ failed customer scope cannot revive prior rows when returning to the previous filter (2667.6429ms)
✔ an equal-looking identity packet clears customer presentation and requests fresh authorized options (3219.7647ms)
✔ late customer detail cannot reopen after its date changes (2844.018ms)
✔ a late import completion refreshes the current scope without stranding its reader (3307.3306ms)
✔ an accepted detail save finishing under a new identity cannot overwrite its rows or reopen its detail (4166.5139ms)
✔ an accepted save may finish after leaving customer view without refreshing the unmounted instance (3129.3822ms)
✔ a failed refresh preserves only its exact prior scope and cannot start AI; permission denial clears it (2553.6145ms)
✔ detail permission denial clears old customer rows and ends the reading state (2268.0169ms)
✔ opening and closing detail after a transient same-scope failure does not turn the list busy again (2344.2387ms)
✔ a cancelled old detail denial cannot clear the restored scope's new successful rows (2041.7694ms)
✔ current detail denial fences a parallel list reply and permits a fresh explicit recovery (2162.643ms)
ℹ tests 12
ℹ suites 0
ℹ pass 12
ℹ fail 0
ℹ cancelled 0
ℹ skipped 0
ℹ todo 0
ℹ duration_ms 33779.0316
