✔ exact HTTPS loopback icon is blocked and classified (2.3314ms)
✔ dangerous or unapproved request remains blocked: GET https://127.0.0.1:3000/assets/exact.js script (0.3203ms)
✔ dangerous or unapproved request remains blocked: POST https://127.0.0.1:3000/favicon.svg other (0.101ms)
✔ dangerous or unapproved request remains blocked: GET https://other.invalid/favicon.svg image (0.0906ms)
✔ dangerous or unapproved request remains blocked: GET https://127.0.0.1:3001/favicon.svg other (0.0971ms)
✔ dangerous or unapproved request remains blocked: GET https://localhost:3000/favicon.svg other (0.0862ms)
✔ dangerous or unapproved request remains blocked: GET https://127.0.0.1:3000/favicon.svg?x=1 other (0.1193ms)
✔ dangerous or unapproved request remains blocked: GET https://127.0.0.1:3000/favicon.svg fetch (0.1026ms)
✔ dangerous or unapproved request remains blocked: GET http://127.0.0.1:3000/api/import fetch (0.1064ms)
✔ dangerous or unapproved request remains blocked: GET http://127.0.0.1:3000/assets/unapproved.js script (0.2089ms)
✔ dangerous or unapproved request remains blocked: DELETE http://127.0.0.1:3000/api/customer-service/conversations fetch (0.1073ms)
✔ normal candidate resource and exact reviewed business read stay allowed (0.1626ms)
✔ blocked favicon needs HTTP bytes; mismatched normal asset never passes (0.7283ms)
✔ real source four-shop component UI, read-only network, candidate SHA and viewer permission on isolated HTTP (2338.7859ms)
✔ classified temporary reads retry at most four total; attempt time includes 53s queries (1.0169ms)
✔ exhausted transient error preserves all four attempts (0.7183ms)
✔ terminal status failure never retries: EACCES (0.2747ms)
✔ terminal status failure never retries: EPERM (0.1158ms)
✔ terminal status failure never retries: STATUS_IDENTITY_MISMATCH (0.0929ms)
✔ terminal status failure never retries: ASSERTION_FAILED (0.093ms)
✔ terminal status failure never retries: INVALID_STATUS_JSON (0.0707ms)
✔ terminal status failure never retries: STATUS_NOT_READY (0.0716ms)
✔ terminal status failure never retries: PROCESS_FAILED (0.0653ms)
✔ unknown errors with timeout-looking sensitive text are terminal and redacted (0.1941ms)
✔ one total deadline bounds slow successful queries and prevents another attempt (0.2351ms)
✔ retry waits consume the same budget (0.288ms)
✔ complete readiness requires exact identity and all twelve components (0.3865ms)
✔ retry declaration cannot target Start, backup, apply, generic GET or script flags (0.719ms)
✔ bounded native read-only runner covers inherited output EOF (210.1769ms)
✔ timing unions overlaps, excludes nested retries, keeps coordination and document completion separate (1.3397ms)
✔ uncompleted batch never gets approval-to-complete or successful conclusion (0.2394ms)
✔ offline report validates immutable journal, preserves unknown history and fails closed when steps missing (34.9734ms)
✔ domain history synthetic isolation regressions (310.7257ms)
✔ independent domain history regressions with original source receipt bytes (199.9936ms)
✔ independent: completion interval cannot absorb work recorded after completion (1.8411ms)
✔ independent: receipt whitelist rejects or removes unexpected sensitive field types (28.354ms)
✔ independent: incomplete batch timing remains uncompleted even with a stale closeout event (14.7202ms)
✔ independent: interrupted operation report preserves already fsynced attempt metadata (14.3121ms)
✔ independent: source/version projection cannot retain sensitive nested release identifiers (10.814ms)
✔ independent: independent runtime projection rejects sensitive nested identity fields (12.206ms)
✔ independent: report can preserve valid failure states from the actual system Status contract (11.528ms)
✔ independent: observation sidecar timestamp is validated before projecting evidence (10.6381ms)
✔ independent: report CLI does not print malformed evidence payload fragments (290.1909ms)
✔ independent: total deadline includes persistent attempt evidence (1.4511ms)
✔ independent: expired binding validation prevents starting another native probe (0.4099ms)
✔ independent: actual inherited output EOF remains inside native probe deadline (2851.139ms)
ℹ {"parentExitMs":302.6531,"eofMs":2143.7246999999998,"inheritedHoldMs":1841.0715999999998}
✔ independent: permanent identity mismatch does not retry after a transient query (0.5905ms)
✔ independent: HTTP icon query, other HTTPS origin and static-suffix writes remain dangerous (0.6811ms)
✔ independent: allowed business GET network failure invalidates real UI audit (0.4107ms)
✔ independent: complete readiness requires the actual twelve domain names (0.2678ms)
✔ independent: fixed snapshot and verified source receipt isolation regressions (209.9628ms)
✔ literal display delta is proven across unchanged dependency closure (12.8688ms)
✔ mixed high/unproven impact blocks display: backend/sales/migrations/9001.py (1.0446ms)
✔ mixed high/unproven impact blocks display: lib/auth/permissions.ts (1.0363ms)
✔ mixed high/unproven impact blocks display: tools/runtime.mjs (0.7343ms)
✔ mixed high/unproven impact blocks display: config/runtime.json (0.866ms)
✔ mixed high/unproven impact blocks display: worker/index.ts (0.7ms)
✔ mixed high/unproven impact blocks display: package-lock.json (0.525ms)
✔ mixed high/unproven impact blocks display: lib/read.ts (0.5623ms)
✔ mixed high/unproven impact blocks display: app/view.tsx (2.4957ms)
✔ business read change uses full safeguards; unresolved dependencies stay strict (0.6308ms)
✔ empty/add/delete/malformed display and witness effect escalates (5.289ms)
✔ recent complete recovery with continuous daily backup permits reuse (1.4887ms)
✔ recovery binding changed: manifestSha256 (0.6281ms)
✔ recovery binding changed: dumpSha256 (0.4448ms)
✔ recovery binding changed: environmentSha256 (0.437ms)
✔ recovery binding changed: schemaSha256 (0.5975ms)
✔ recovery binding changed: rolesSha256 (0.8769ms)
✔ recovery binding changed: operatorSha256 (0.6008ms)
✔ recovery binding changed: retentionSha256 (0.3955ms)
✔ recovery binding changed: scheduleSha256 (0.3861ms)
✔ recovery binding changed: backupId (0.3913ms)
✔ invalid recovery prerequisite r=>r.current.schedule.active=false (0.456ms)
✔ invalid recovery prerequisite r=>r.current.schedule.lastResult='failed' (0.4286ms)
✔ invalid recovery prerequisite r=>r.current.schedule.lastSuccessAt=new Date(now-backupMaxAgeMs-1).toISOString() (0.6726ms)
✔ invalid recovery prerequisite r=>r.evidence.backupCompletedAt=new Date(now-backupMaxAgeMs-1).toISOString() (0.9344ms)
✔ invalid recovery prerequisite r=>r.evidence.restoredAt=new Date(now-rehearsalMaxAgeMs-1).toISOString() (0.6934ms)
✔ invalid recovery prerequisite r=>r.evidence.restoredAt=new Date(now+1).toISOString() (0.633ms)
✔ invalid recovery prerequisite r=>r.evidence.restoreStatus='failed' (0.6474ms)
✔ invalid recovery prerequisite r=>r.evidence.cleanupStatus='unknown' (0.5297ms)
✔ invalid recovery prerequisite r=>r.current.pointExists=false (0.4968ms)
✔ invalid recovery prerequisite r=>r.current.retained=false (0.5145ms)
✔ invalid recovery prerequisite r=>r.current.verifyStatus='failed' (0.5201ms)
✔ invalid recovery prerequisite r=>r.evidence[k]=false (0.5096ms)
✔ invalid recovery prerequisite r=>r.evidence[k]=false (0.462ms)
✔ invalid recovery prerequisite r=>r.evidence[k]=false (0.9295ms)
✔ invalid recovery prerequisite r=>r.evidence[k]=false (0.5406ms)
✔ invalid recovery prerequisite r=>r.evidence[k]=false (0.3585ms)
✔ strict/business releases never reuse recovery (0.2337ms)
✔ exact binding changes block every executable release (409.8525ms)
✔ approval scope change and incomplete acceptance/tests reject (2.3878ms)
✔ backup failure retains active ownership and safe resumption skips passed stages (358.9741ms)
✔ unknown mutation is never replayed; independent exact reconciliation is required (371.1552ms)
✔ crash after write-ahead started record blocks replay; damaged journal blocks (266.4111ms)
✔ an actual subprocess exit after started retains unknown state and cannot replay (539.8244ms)
✔ recovery invalidation immediately before switching blocks the fast batch (51.2625ms)
✔ legacy plan/apply cannot claim a predecessor owned by another batch (8.7582ms)
✔ real original rotation mutex serializes independent preparation chats (1.7615ms)
✔ timing includes explicit approval, incomplete closeout does not declare completion (0.1397ms)
✔ rehashing a hand edited batch cannot remove gates, forge impact or escape journals (5.3084ms)
✔ a batch cannot apply another plan, change drain owner or restore another point (17.2297ms)
✔ scheduled backup does nothing while paused; unknown result never gives reusable evidence (32.3448ms)
✔ exact Windows OS PowerShell hash is usable while ordinary hard-linked tools stay forbidden (7.6743ms)
✔ PS5 child uses its system modules, removes inherited library-only flags and preserves its parent (0.88ms)
✔ actual readonly admission caller uses the same safe native transport (722.286ms)
✔ Node and non-system shell commands retain their exact approved environment (0.2991ms)
✔ PS5 transport binds File argv as data and rejects ambiguous parameter syntax (0.716ms)
✔ actual approved runner survives a PS7-polluted parent while original PS5 ACL command fails (1898.8172ms)
✔ original nested lifecycle adapter also preserves Unicode through its native child (1162.0123ms)
ℹ tests 109
ℹ suites 0
ℹ pass 109
ℹ fail 0
ℹ cancelled 0
ℹ skipped 0
ℹ todo 0
ℹ duration_ms 15247.0855
