✔ actual Python complete page is signed to reader and wrapped without rewriting its identity or digest (45.2104ms)
✔ missing duplicate malformed and changed account bindings make zero owning requests (2.391ms)
✔ anonymous, non-admin and scoped accounts fail closed with no-store (2.3107ms)
✔ unknown and duplicate fields including cursor reach owning reader unchanged (9.7302ms)
✔ server validates a successful continuation page but does not invent previous-item authority (3.3123ms)
✔ bad successful digests, identity structure, generation or header never receive a success envelope (10.298ms)
✔ unexpected upstream success cannot erase duplicate/unknown filters (5.4067ms)
✔ revocation and initialization failure retain owning error and are never retried (3.1294ms)
✔ abort propagates to reader and does not retry or return a success page (2.2085ms)
✔ owning market page and current-account envelope validate without changing old principal codec (21.4963ms)
✔ actual Python contract hashes and Unicode casefold are accepted by the shared codec (120.2262ms)
✔ exact query filters and raw price labels never infer aliases (2.7937ms)
✔ unknown fields and false owning authority are rejected even after fresh page SHA (4.186ms)
✔ full page SHA, option key and query digest are independently checked (3.9632ms)
✔ date envelopes stay valid historical bounds with no snapshot or coverage claim (4.6179ms)
✔ Python code-point identity order rejects duplicates and UTF16 order mistakes (4.5487ms)
✔ continuation pins account, query, revision, generation, digest and strict previous identity (3.3438ms)
✔ pagination is exact twenty and a progressing bounded signed cursor (12.7794ms)
✔ UTF8 38000 byte limit counts complete multibyte identities, never slices entries (6.3031ms)
✔ untrusted getters/deep types and async caller mutation cannot change the validated snapshot (1.8058ms)
✔ selection requires an unchanged current-account validated page and exact member (1.6359ms)
✔ market merge preserves exact manual fields, deduplicates only whole identity and never exceeds seven (2.1122ms)
✔ actual Python complete page is signed to reader and wrapped without rewriting its identity or digest (41.4939ms)
✔ missing duplicate malformed and changed account bindings make zero owning requests (2.1118ms)
✔ anonymous, non-admin and scoped accounts fail closed with no-store (1.4079ms)
✔ unknown and duplicate fields including cursor reach owning reader unchanged (6.4259ms)
✔ server validates a successful continuation page but does not invent previous-item authority (3.1481ms)
✔ bad successful digests, identity structure, generation or header never receive a success envelope (9.1778ms)
✔ unexpected upstream success cannot erase duplicate/unknown filters (4.0799ms)
✔ revocation and initialization failure retain owning error and are never retried (3.2421ms)
✔ abort propagates to reader and does not retry or return a success page (2.4317ms)
✔ ERP exact page validates as an isolated copy with owning-only provenance (19.6415ms)
✔ actual Python contract SHA and Unicode exact identities match TS (98.7506ms)
✔ queries retain arbitrary exact platforms but reject aliases empty fields q and shop without platform (2.9246ms)
✔ schema source authority and provenance are strict even after recomputing SHA (4.2603ms)
✔ independent page query option and revision bindings reject tampering (4.7564ms)
✔ business dates cannot claim snapshot or complete period coverage (3.9863ms)
✔ C collation uses Unicode code points and rejects duplicate or backwards keys (4.7117ms)
✔ continuation pins account query revision directory generation and previous identity (3.8524ms)
✔ pagination and full UTF8 capacity are checked without trimming records (9.6402ms)
✔ getters and asynchronous mutation cannot alter validated snapshots (2.454ms)
✔ selection and merge require validated unchanged page and exact current-account choice (1.5911ms)
✔ ERP merge adds only explicit channel and preserves other form data including budgets (1.5492ms)
✔ pristine placeholder may be replaced but unfinished manual shops stay intact (1.0089ms)
✔ 100-character planner limit rejects complete 101-200 character source identity without truncation (4.7006ms)
✔ merge refuses shop channel bounds and ambiguous duplicates without shrinking scope (1.4137ms)
ℹ tests 46
ℹ suites 0
ℹ pass 46
ℹ fail 0
ℹ cancelled 0
ℹ skipped 0
ℹ todo 0
ℹ duration_ms 1807.4141
