✔ unified controller stays parseable by Windows PowerShell when Chinese text is present (1.3703ms)
✔ all system page actions explicitly use Google Chrome instead of the Windows default browser (0.2288ms)
✔ Django domain controllers and operators retain a UTF-8 BOM for Windows PowerShell 5.1 (6.6872ms)
✔ all public start modes share one nonblocking system mutex (0.3828ms)
✔ controller checks every authoritative Django PostgreSQL domain (0.5097ms)
✔ controller delegates mutation to one start engine and performs final health gates (0.2132ms)
✔ controller waits only for the direct start-engine process instead of a durable child pipeline (0.2074ms)
✔ canonical start engine enforces Django readiness before Worker verification (0.4465ms)
✔ canonical engine waits only for the direct Django Start controller process (0.3771ms)
✔ concurrent-start wait reuses a ten-second exact status result (0.2549ms)
✔ canonical engine clears only an exact validated stale receipt (0.2059ms)
✔ controller verifies Worker liveness, readiness and helper health without proxying (0.1216ms)
✔ desktop panel launches the same controller instead of a lower-level service (0.1473ms)
✔ pause remains narrowly scoped to the exact immutable Worker (0.1389ms)
✔ controller never invokes legacy build or development launchers (0.206ms)
✔ exact HTTPS loopback icon is blocked and classified (1.6705ms)
✔ dangerous or unapproved request remains blocked: GET https://127.0.0.1:3000/assets/exact.js script (0.1957ms)
✔ dangerous or unapproved request remains blocked: POST https://127.0.0.1:3000/favicon.svg other (0.0989ms)
✔ dangerous or unapproved request remains blocked: GET https://other.invalid/favicon.svg image (0.0933ms)
✔ dangerous or unapproved request remains blocked: GET https://127.0.0.1:3001/favicon.svg other (0.0863ms)
✔ dangerous or unapproved request remains blocked: GET https://localhost:3000/favicon.svg other (0.0784ms)
✔ dangerous or unapproved request remains blocked: GET https://127.0.0.1:3000/favicon.svg?x=1 other (0.1072ms)
✔ dangerous or unapproved request remains blocked: GET https://127.0.0.1:3000/favicon.svg fetch (0.0759ms)
✔ dangerous or unapproved request remains blocked: GET http://127.0.0.1:3000/api/import fetch (0.0924ms)
✔ dangerous or unapproved request remains blocked: GET http://127.0.0.1:3000/assets/unapproved.js script (0.2152ms)
✔ dangerous or unapproved request remains blocked: DELETE http://127.0.0.1:3000/api/customer-service/conversations fetch (0.0758ms)
✔ normal candidate resource and exact reviewed business read stay allowed (0.1326ms)
✔ blocked favicon needs HTTP bytes; mismatched normal asset never passes (0.7914ms)
✔ real source four-shop component UI, read-only network, candidate SHA and viewer permission on isolated HTTP (1846.895ms)
✔ classified temporary reads retry at most four total; attempt time includes 53s queries (0.6949ms)
✔ exhausted transient error preserves all four attempts (0.6731ms)
✔ terminal status failure never retries: EACCES (0.2164ms)
✔ terminal status failure never retries: EPERM (0.0881ms)
✔ terminal status failure never retries: STATUS_IDENTITY_MISMATCH (0.0724ms)
✔ terminal status failure never retries: ASSERTION_FAILED (0.0602ms)
✔ terminal status failure never retries: INVALID_STATUS_JSON (0.0593ms)
✔ terminal status failure never retries: STATUS_NOT_READY (0.0587ms)
✔ terminal status failure never retries: PROCESS_FAILED (0.0565ms)
✔ unknown errors with timeout-looking sensitive text are terminal and redacted (0.1696ms)
✔ one total deadline bounds slow successful queries and prevents another attempt (0.1459ms)
✔ retry waits consume the same budget (0.164ms)
✔ complete readiness requires exact identity and all twelve components (0.216ms)
✔ retry declaration cannot target Start, backup, apply, generic GET or script flags (0.4671ms)
✔ bounded native read-only runner covers inherited output EOF (156.6435ms)
✔ timing unions overlaps, excludes nested retries, keeps coordination and document completion separate (0.7912ms)
✔ uncompleted batch never gets approval-to-complete or successful conclusion (0.1298ms)
✔ offline report validates immutable journal, preserves unknown history and fails closed when steps missing (23.1177ms)
✔ domain history synthetic isolation regressions (536.0047ms)
✔ independent domain history regressions with original source receipt bytes (166.6529ms)
✔ independent: completion interval cannot absorb work recorded after completion (1.4601ms)
✔ independent: receipt whitelist rejects or removes unexpected sensitive field types (24.9292ms)
✔ independent: incomplete batch timing remains uncompleted even with a stale closeout event (13.3128ms)
✔ independent: interrupted operation report preserves already fsynced attempt metadata (14.5771ms)
✔ independent: source/version projection cannot retain sensitive nested release identifiers (10.75ms)
✔ independent: independent runtime projection rejects sensitive nested identity fields (10.645ms)
✔ independent: report can preserve valid failure states from the actual system Status contract (10.3457ms)
✔ independent: observation sidecar timestamp is validated before projecting evidence (10.1387ms)
✔ independent: report CLI does not print malformed evidence payload fragments (257.2483ms)
✔ independent: total deadline includes persistent attempt evidence (0.8844ms)
✔ independent: expired binding validation prevents starting another native probe (0.256ms)
✔ independent: direct process completion returns while inherited output remains open (2367.9504ms)
ℹ {"parentExitMs":290.9783,"eofMs":2133.0097,"inheritedHoldMs":1842.0314}
✔ independent: permanent identity mismatch does not retry after a transient query (0.3881ms)
✔ independent: HTTP icon query, other HTTPS origin and static-suffix writes remain dangerous (0.5803ms)
✔ independent: allowed business GET network failure invalidates real UI audit (0.434ms)
✔ independent: complete readiness requires the actual twelve domain names (0.2627ms)
✔ independent: fixed snapshot and verified source receipt isolation regressions (168.593ms)
ℹ tests 66
ℹ suites 0
ℹ pass 66
ℹ fail 0
ℹ cancelled 0
ℹ skipped 0
ℹ todo 0
ℹ duration_ms 7759.3737
