✔ literal display delta is proven across unchanged dependency closure (10.8612ms)
✔ mixed high/unproven impact blocks display: backend/sales/migrations/9001.py (0.9971ms)
✔ mixed high/unproven impact blocks display: lib/auth/permissions.ts (1.0188ms)
✔ mixed high/unproven impact blocks display: tools/runtime.mjs (0.9876ms)
✔ mixed high/unproven impact blocks display: config/runtime.json (1.027ms)
✔ mixed high/unproven impact blocks display: worker/index.ts (1.0598ms)
✔ mixed high/unproven impact blocks display: package-lock.json (0.6144ms)
✔ mixed high/unproven impact blocks display: lib/read.ts (0.7533ms)
✔ mixed high/unproven impact blocks display: app/view.tsx (1.8875ms)
✔ business read change uses full safeguards; unresolved dependencies stay strict (0.8982ms)
✔ empty/add/delete/malformed display and witness effect escalates (5.1696ms)
✔ recent complete recovery with continuous daily backup permits reuse (1.2532ms)
✔ recovery binding changed: manifestSha256 (0.5857ms)
✔ recovery binding changed: dumpSha256 (0.4696ms)
✔ recovery binding changed: environmentSha256 (0.613ms)
✔ recovery binding changed: schemaSha256 (0.5877ms)
✔ recovery binding changed: rolesSha256 (0.8059ms)
✔ recovery binding changed: operatorSha256 (0.6767ms)
✔ recovery binding changed: retentionSha256 (0.4149ms)
✔ recovery binding changed: scheduleSha256 (0.3952ms)
✔ recovery binding changed: backupId (0.4296ms)
✔ invalid recovery prerequisite r=>r.current.schedule.active=false (0.6217ms)
✔ invalid recovery prerequisite r=>r.current.schedule.lastResult='failed' (0.4705ms)
✔ invalid recovery prerequisite r=>r.current.schedule.lastSuccessAt=new Date(now-backupMaxAgeMs-1).toISOString() (0.632ms)
✔ invalid recovery prerequisite r=>r.evidence.backupCompletedAt=new Date(now-backupMaxAgeMs-1).toISOString() (0.9107ms)
✔ invalid recovery prerequisite r=>r.evidence.restoredAt=new Date(now-rehearsalMaxAgeMs-1).toISOString() (0.5042ms)
✔ invalid recovery prerequisite r=>r.evidence.restoredAt=new Date(now+1).toISOString() (0.4862ms)
✔ invalid recovery prerequisite r=>r.evidence.restoreStatus='failed' (0.557ms)
✔ invalid recovery prerequisite r=>r.evidence.cleanupStatus='unknown' (0.6739ms)
✔ invalid recovery prerequisite r=>r.current.pointExists=false (0.4827ms)
✔ invalid recovery prerequisite r=>r.current.retained=false (0.4499ms)
✔ invalid recovery prerequisite r=>r.current.verifyStatus='failed' (0.4248ms)
✔ invalid recovery prerequisite r=>r.evidence[k]=false (0.501ms)
✔ invalid recovery prerequisite r=>r.evidence[k]=false (0.4275ms)
✔ invalid recovery prerequisite r=>r.evidence[k]=false (0.5824ms)
✔ invalid recovery prerequisite r=>r.evidence[k]=false (0.6593ms)
✔ invalid recovery prerequisite r=>r.evidence[k]=false (0.6289ms)
✔ strict/business releases never reuse recovery (0.2301ms)
✔ exact binding changes block every executable release (503.1578ms)
✔ approval scope change and incomplete acceptance/tests reject (2.4578ms)
✔ backup failure retains active ownership and safe resumption skips passed stages (369.0956ms)
✔ unknown mutation is never replayed; independent exact reconciliation is required (367.08ms)
✔ crash after write-ahead started record blocks replay; damaged journal blocks (267.8714ms)
✔ an actual subprocess exit after started retains unknown state and cannot replay (509.254ms)
✔ recovery invalidation immediately before switching blocks the fast batch (55.9598ms)
✔ legacy plan/apply cannot claim a predecessor owned by another batch (10.0893ms)
✔ real original rotation mutex serializes independent preparation chats (2.0626ms)
✔ timing includes explicit approval, incomplete closeout does not declare completion (0.1478ms)
✔ rehashing a hand edited batch cannot remove gates, forge impact or escape journals (9.6845ms)
✔ a batch cannot apply another plan, change drain owner or restore another point (16.2111ms)
✔ scheduled backup does nothing while paused; unknown result never gives reusable evidence (39.4687ms)
✔ exact Windows OS PowerShell hash is usable while ordinary hard-linked tools stay forbidden (7.3291ms)
✔ PS5 child uses its system modules, removes inherited library-only flags and preserves its parent (0.9027ms)
✔ actual readonly admission caller uses the same safe native transport (876.8682ms)
✔ Node and non-system shell commands retain their exact approved environment (0.2117ms)
✔ PS5 transport binds File argv as data and rejects ambiguous parameter syntax (0.5004ms)
✔ actual approved runner survives a PS7-polluted parent while original PS5 ACL command fails (2448.986ms)
✔ original nested lifecycle adapter also preserves Unicode through its native child (2063.9543ms)
ℹ tests 58
ℹ suites 0
ℹ pass 58
ℹ fail 0
ℹ cancelled 0
ℹ skipped 0
ℹ todo 0
ℹ duration_ms 8421.2209
