✔ unified controller stays parseable by Windows PowerShell when Chinese text is present (1.377ms)
✔ all system page actions explicitly use Google Chrome instead of the Windows default browser (0.2186ms)
✔ Django domain controllers and operators retain a UTF-8 BOM for Windows PowerShell 5.1 (9.7787ms)
✔ all public start modes share one nonblocking system mutex (0.3427ms)
✔ controller checks every authoritative Django PostgreSQL domain (0.4136ms)
✔ controller delegates mutation to one start engine and performs final health gates (0.1889ms)
✔ controller waits only for the direct start-engine process instead of a durable child pipeline (0.1514ms)
✔ canonical start engine enforces Django readiness before Worker verification (0.3178ms)
✔ canonical engine waits only for the direct Django Start controller process (0.408ms)
✔ concurrent-start wait reuses a ten-second exact status result (0.2437ms)
✔ canonical engine clears only an exact validated stale receipt (0.1854ms)
✔ controller verifies Worker liveness, readiness and helper health without proxying (0.1225ms)
✔ desktop panel launches the same controller instead of a lower-level service (0.1446ms)
✔ pause remains narrowly scoped to the exact immutable Worker (0.1539ms)
✔ controller never invokes legacy build or development launchers (0.2171ms)
✔ exact HTTPS loopback icon is blocked and classified (3.6523ms)
✔ dangerous or unapproved request remains blocked: GET https://127.0.0.1:3000/assets/exact.js script (0.5329ms)
✔ dangerous or unapproved request remains blocked: POST https://127.0.0.1:3000/favicon.svg other (0.2233ms)
✔ dangerous or unapproved request remains blocked: GET https://other.invalid/favicon.svg image (0.232ms)
✔ dangerous or unapproved request remains blocked: GET https://127.0.0.1:3001/favicon.svg other (0.168ms)
✔ dangerous or unapproved request remains blocked: GET https://localhost:3000/favicon.svg other (0.1613ms)
✔ dangerous or unapproved request remains blocked: GET https://127.0.0.1:3000/favicon.svg?x=1 other (0.1869ms)
✔ dangerous or unapproved request remains blocked: GET https://127.0.0.1:3000/favicon.svg fetch (0.1539ms)
✔ dangerous or unapproved request remains blocked: GET http://127.0.0.1:3000/api/import fetch (0.1889ms)
✔ dangerous or unapproved request remains blocked: GET http://127.0.0.1:3000/assets/unapproved.js script (0.3307ms)
✔ dangerous or unapproved request remains blocked: DELETE http://127.0.0.1:3000/api/customer-service/conversations fetch (0.2016ms)
✔ normal candidate resource and exact reviewed business read stay allowed (0.3436ms)
✔ blocked favicon needs HTTP bytes; mismatched normal asset never passes (1.0365ms)
✔ real source four-shop component UI, read-only network, candidate SHA and viewer permission on isolated HTTP (2581.2389ms)
✔ classified temporary reads retry at most four total; attempt time includes 53s queries (0.755ms)
✔ exhausted transient error preserves all four attempts (0.5981ms)
✔ terminal status failure never retries: EACCES (0.1991ms)
✔ terminal status failure never retries: EPERM (0.0993ms)
✔ terminal status failure never retries: STATUS_IDENTITY_MISMATCH (0.0745ms)
✔ terminal status failure never retries: ASSERTION_FAILED (0.0701ms)
✔ terminal status failure never retries: INVALID_STATUS_JSON (0.0637ms)
✔ terminal status failure never retries: STATUS_NOT_READY (0.0629ms)
✔ terminal status failure never retries: PROCESS_FAILED (0.0635ms)
✔ unknown errors with timeout-looking sensitive text are terminal and redacted (0.1733ms)
✔ one total deadline bounds slow successful queries and prevents another attempt (0.1569ms)
✔ retry waits consume the same budget (0.1486ms)
✔ complete readiness requires exact identity and all twelve components (0.2553ms)
✔ retry declaration cannot target Start, backup, apply, generic GET or script flags (0.462ms)
✔ bounded native read-only runner covers inherited output EOF (168.1088ms)
✔ timing unions overlaps, excludes nested retries, keeps coordination and document completion separate (0.8263ms)
✔ uncompleted batch never gets approval-to-complete or successful conclusion (0.1306ms)
✔ offline report validates immutable journal, preserves unknown history and fails closed when steps missing (27.637ms)
✔ domain history synthetic isolation regressions (274.9111ms)
✔ independent domain history regressions with original source receipt bytes (176.4673ms)
✔ independent: completion interval cannot absorb work recorded after completion (1.4286ms)
✔ independent: receipt whitelist rejects or removes unexpected sensitive field types (26.2742ms)
✔ independent: incomplete batch timing remains uncompleted even with a stale closeout event (14.0248ms)
✔ independent: interrupted operation report preserves already fsynced attempt metadata (14.8617ms)
✔ independent: source/version projection cannot retain sensitive nested release identifiers (13.133ms)
✔ independent: independent runtime projection rejects sensitive nested identity fields (10.6636ms)
✔ independent: report can preserve valid failure states from the actual system Status contract (10.8724ms)
✔ independent: observation sidecar timestamp is validated before projecting evidence (10.0566ms)
✔ independent: report CLI does not print malformed evidence payload fragments (264.6235ms)
✔ independent: total deadline includes persistent attempt evidence (0.9032ms)
✔ independent: expired binding validation prevents starting another native probe (0.2601ms)
✔ independent: direct process completion returns while inherited output remains open (2437.5716ms)
ℹ {"parentExitMs":303.48850000000016,"eofMs":2118.1565,"inheritedHoldMs":1814.668}
✔ independent: permanent identity mismatch does not retry after a transient query (0.4204ms)
✔ independent: HTTP icon query, other HTTPS origin and static-suffix writes remain dangerous (0.62ms)
✔ independent: allowed business GET network failure invalidates real UI audit (0.3835ms)
✔ independent: complete readiness requires the actual twelve domain names (0.2654ms)
✔ independent: fixed snapshot and verified source receipt isolation regressions (174.1813ms)
✔ transport deadline changes do not invalidate exact build environment identity (1.2848ms)
✔ Node direct exit files: hold does not wait for inherited stdout/stderr (99.9666ms)
✔ Node direct exit files: hold-stdout does not wait for inherited stdout/stderr (72.8761ms)
✔ Node direct exit files: hold-stderr does not wait for inherited stdout/stderr (76.0697ms)
✔ Node direct exit files: nonzero-hold does not wait for inherited stdout/stderr (72.5415ms)
✔ EOF transport retains exit0 but fails within the same deadline while both streams are held (816.2329ms)
✔ probe direct cleanup leaves its simulated service alive and no direct probe (976.9167ms)
✔ an exhausted inherited deadline starts no child (2.1122ms)
✔ ordinary isolated tree cleanup retains no child or detached grandchild (1331.8784ms)
✔ approved runner rejects invalid and retains bounded diagnostics (322.0928ms)
✔ approved runner rejects nonzero and retains bounded diagnostics (299.8435ms)
✔ approved runner rejects flood and retains bounded diagnostics (310.9388ms)
✔ powershell.exe: shared transport and watchdog hold both streams without a late EOF wait (2017.3186ms)
✔ pwsh.exe: shared transport and watchdog hold both streams without a late EOF wait (2995.6522ms)
✔ powershell.exe: concurrent lifecycle mutex obeys the original deadline (1092.1273ms)
✔ pwsh.exe: concurrent lifecycle mutex obeys the original deadline (2229.6478ms)
✔ watchdog deadline, safe diagnostics and unknown notification delivery remain bounded (3015.1422ms)
ISOLATED_START_TIMING {"scenario":"ready","engineMs":1198,"validationMs":2739,"adapterMs":4151,"totalMs":5367,"descendantHeldMs":60000}
✔ original nested PS5 adapter: ready (5519.0559ms)
✔ original nested PS5 adapter: engine-failed (2478.2956ms)
✔ original nested PS5 adapter: wrong-version (3010.9945ms)
✔ original nested PS5 adapter: incomplete (4187.3625ms)
✔ original nested PS5 adapter: bad-json (2324.8884ms)
✔ original nested PS5 adapter: maintenance (4666.2887ms)
✔ original nested PS5 adapter: deadline (2538.9187ms)
ISOLATED_START_TIMING {"scenario":"drain","engineMs":1058,"validationMs":2289,"adapterMs":3582,"totalMs":4563,"descendantHeldMs":60000}
✔ original nested PS5 adapter: drain (4685.7302ms)
✔ original nested PS5 adapter: missing-identity (2229.363ms)
✔ original nested PS5 adapter: fake-components (3704.1198ms)
✔ Start candidate/drain/dependency bindings reject at sealing before any operation (29.3523ms)
✔ unknown operation retains exit/deadline metadata and cannot replay (239.0304ms)
✔ passed WAL retains bounded original engine completion and separate timings (246.31ms)
✔ literal display delta is proven across unchanged dependency closure (1.5099ms)
✔ mixed high/unproven impact blocks display: backend/sales/migrations/9001.py (0.613ms)
✔ mixed high/unproven impact blocks display: lib/auth/permissions.ts (0.4098ms)
✔ mixed high/unproven impact blocks display: tools/runtime.mjs (0.3836ms)
✔ mixed high/unproven impact blocks display: config/runtime.json (0.4237ms)
✔ mixed high/unproven impact blocks display: worker/index.ts (0.588ms)
✔ mixed high/unproven impact blocks display: package-lock.json (0.478ms)
✔ mixed high/unproven impact blocks display: lib/read.ts (0.4852ms)
✔ mixed high/unproven impact blocks display: app/view.tsx (1.6927ms)
✔ business read change uses full safeguards; unresolved dependencies stay strict (0.7623ms)
✔ empty/add/delete/malformed display and witness effect escalates (3.8443ms)
✔ recent complete recovery with continuous daily backup permits reuse (0.4347ms)
✔ recovery binding changed: manifestSha256 (0.4592ms)
✔ recovery binding changed: dumpSha256 (0.3621ms)
✔ recovery binding changed: environmentSha256 (0.3485ms)
✔ recovery binding changed: schemaSha256 (0.4102ms)
✔ recovery binding changed: rolesSha256 (0.4162ms)
✔ recovery binding changed: operatorSha256 (0.6501ms)
✔ recovery binding changed: retentionSha256 (0.5249ms)
✔ recovery binding changed: scheduleSha256 (0.3555ms)
✔ recovery binding changed: backupId (0.5468ms)
✔ invalid recovery prerequisite r=>r.current.schedule.active=false (0.6245ms)
✔ invalid recovery prerequisite r=>r.current.schedule.lastResult='failed' (0.4107ms)
✔ invalid recovery prerequisite r=>r.current.schedule.lastSuccessAt=new Date(now-backupMaxAgeMs-1).toISOString() (0.401ms)
✔ invalid recovery prerequisite r=>r.evidence.backupCompletedAt=new Date(now-backupMaxAgeMs-1).toISOString() (0.3611ms)
✔ invalid recovery prerequisite r=>r.evidence.restoredAt=new Date(now-rehearsalMaxAgeMs-1).toISOString() (0.3443ms)
✔ invalid recovery prerequisite r=>r.evidence.restoredAt=new Date(now+1).toISOString() (0.3439ms)
✔ invalid recovery prerequisite r=>r.evidence.restoreStatus='failed' (0.377ms)
✔ invalid recovery prerequisite r=>r.evidence.cleanupStatus='unknown' (0.3453ms)
✔ invalid recovery prerequisite r=>r.current.pointExists=false (0.4379ms)
✔ invalid recovery prerequisite r=>r.current.retained=false (1.0059ms)
✔ invalid recovery prerequisite r=>r.current.verifyStatus='failed' (0.4569ms)
✔ invalid recovery prerequisite r=>r.evidence[k]=false (0.3577ms)
✔ invalid recovery prerequisite r=>r.evidence[k]=false (0.3415ms)
✔ invalid recovery prerequisite r=>r.evidence[k]=false (0.3351ms)
✔ invalid recovery prerequisite r=>r.evidence[k]=false (0.2834ms)
✔ invalid recovery prerequisite r=>r.evidence[k]=false (0.2893ms)
✔ strict/business releases never reuse recovery (0.1804ms)
✔ exact binding changes block every executable release (480.723ms)
✔ approval scope change and incomplete acceptance/tests reject (2.2558ms)
✔ backup failure retains active ownership and safe resumption skips passed stages (400.9855ms)
✔ unknown mutation is never replayed; independent exact reconciliation is required (491.9112ms)
✔ crash after write-ahead started record blocks replay; damaged journal blocks (370.2441ms)
✔ an actual subprocess exit after started retains unknown state and cannot replay (701.5997ms)
✔ recovery invalidation immediately before switching blocks the fast batch (64.6092ms)
✔ legacy plan/apply cannot claim a predecessor owned by another batch (12.0123ms)
✔ real original rotation mutex serializes independent preparation chats (2.6118ms)
✔ timing includes explicit approval, incomplete closeout does not declare completion (0.1648ms)
✔ rehashing a hand edited batch cannot remove gates, forge impact or escape journals (5.6587ms)
✔ a batch cannot apply another plan, change drain owner or restore another point (13.0756ms)
✔ scheduled backup does nothing while paused; unknown result never gives reusable evidence (41.1049ms)
✔ exact Windows OS PowerShell hash is usable while ordinary hard-linked tools stay forbidden (8.0772ms)
✔ PS5 child uses its system modules, removes inherited library-only flags and preserves its parent (0.339ms)
✔ actual readonly admission caller uses the same safe native transport (815.4726ms)
✔ Node and non-system shell commands retain their exact approved environment (0.2265ms)
✔ PS5 transport binds File argv as data and rejects ambiguous parameter syntax (0.5252ms)
✔ actual approved runner survives a PS7-polluted parent while original PS5 ACL command fails (2829.9416ms)
✔ original nested lifecycle adapter also preserves Unicode through its native child (2115.6678ms)
✔ release canonical JSON and Windows path identities are deterministic (2.4564ms)
✔ real release artifact packer carries every guarded entrypoint and binds each one as a key file (242.213ms)
✔ production manifest provenance accepts only the legacy predecessor or isolated successor source (1.8619ms)
✔ Windows Node 24 runs its bundled npm CLI directly without cmd or shell (4828.0004ms)
✔ PowerShell 5 outer capture is isolated from noisy children and preserves bounded failures (6759.9366ms)
✔ helper builder accepts only exact unique import.meta contracts (0.7117ms)
✔ source snapshot fingerprint detects a post-copy mutation (4.4898ms)
✔ bounded parallel tree hashing preserves the legacy ordinal byte protocol (145.4652ms)
✔ isolated source closure rejects build-added source files (6.1563ms)
✔ isolated source closure compares complete flat ordinal paths instead of DFS order (35.0536ms)
✔ isolated source closure reports bounded relative added and removed paths (24.3936ms)
✔ isolated source closure diagnostics escape controls and cap long relative examples (3.348ms)
✔ isolated source closure still reports content changes after set equality (4.9396ms)
✔ Vinext scratch fixture accepts only the real 74-byte config and restores exact source closure (21.6585ms)
✔ Vinext scratch preflight rejects source conflicts and any pre-build .wrangler object (2.6214ms)
✔ Vinext scratch rejects every unexpected sibling before deleting the verified config (18.3717ms)
✔ Vinext scratch config is strict JSON with one exact byte representation and target (89.5879ms)
✔ Vinext scratch rejects a hard-linked config before deleting either name (13.4638ms)
✔ Vinext scratch rejects a reparse-point .wrangler tree (9.1445ms)
✔ immutable helper bundle keeps code immutable and mutable state at the protected root (2026.3642ms)
✔ exclusive any-interface port probe rejects wildcard and IPv6 listeners (7.2128ms)
✔ D1 retirement guard recognizes receipt or all exact tombstone views (66.2832ms)
✔ immutable release completion requires views, shared guards, and completed receipt (64.2441ms)
✔ partial or malformed D1 tombstone views fail closed (62.7132ms)
✔ installed runtime without current guard receipt never lets legacy launcher fail open (2.8418ms)
✔ authority first publication is create-only under competing tuples (58.8575ms)
✔ authority verification fails when current is deleted or tampered after publication (40.848ms)
✔ ordinary Deploy is first-publication only and rejects authority or retirement (62.432ms)
✔ concurrent first current publication has one winner and never removes it (17.646ms)
✔ trusted Django verifier refuses a different candidate verifier (9.8526ms)
✔ local port probe detects an exact IPv4 loopback listener (2.7384ms)
✔ release source fixes build closure, real contract tests, guard and authority protocols (192.602ms)
✔ supervisor prelaunch policy binds its own exact starting identity instead of asserting stopped (2.8187ms)
✔ hot restart keeps the verified supervisor and helper while replacing only the Worker child (1.6575ms)
✔ supervisor consumes one fresh full-verification receipt and rejects expired reuse (25.9014ms)
✔ supervisor prelaunch waits for the real create-only receipt and rejects timeout or a forged PID (4222.2699ms)
✔ immutable Worker keeps Miniflare cache outside node_modules across two starts and rejects unsafe cache objects (210.8556ms)
✔ public entrypoints converge on the immutable Worker start engine (3.3686ms)
✔ PowerShell 5 service contract is parseable and never claims an unknown port is stopped (6071.3288ms)
✔ PowerShell startup ownership observation tolerates only a bounded transient anomaly (733.8309ms)
✔ PowerShell process tree rejects PID-reuse creation inversions and unreadable identities (765.7614ms)
✔ PowerShell Stop sweep follows a newly spawned exact helper lineage and rejects ambiguity (929.4189ms)
✔ PowerShell hot restart replaces only the exact Worker child and preserves its supervisor (2865.8843ms)
✔ Django Start capture returns when only an inherited descendant log handle remains (2395.5426ms)
✔ PowerShell 5 and pwsh preserve ISO JSON strings and enforce canonical bytes (2569.7715ms)
✔ PowerShell 5 and pwsh Status parse an ISO-dated canonical manifest without recursion (7383.1717ms)
ℹ tests 200
ℹ suites 0
ℹ pass 200
ℹ fail 0
ℹ cancelled 0
ℹ skipped 0
ℹ todo 0
ℹ duration_ms 114643.4769
