✔ actual Python complete page is signed to reader and wrapped without rewriting its identity or digest (40.5305ms)
✔ missing duplicate malformed and changed account bindings make zero owning requests (1.6658ms)
✔ anonymous, non-admin and scoped accounts fail closed with no-store (1.295ms)
✔ unknown and duplicate fields including cursor reach owning reader unchanged (7.5281ms)
✔ server validates a successful continuation page but does not invent previous-item authority (2.4846ms)
✔ bad successful digests, identity structure, generation or header never receive a success envelope (8.0193ms)
✔ unexpected upstream success cannot erase duplicate/unknown filters (4.3919ms)
✔ revocation and initialization failure retain owning error and are never retried (2.3843ms)
✔ abort propagates to reader and does not retry or return a success page (1.936ms)
✔ owning market page and current-account envelope validate without changing old principal codec (15.9648ms)
✔ actual Python contract hashes and Unicode casefold are accepted by the shared codec (94.997ms)
✔ exact query filters and raw price labels never infer aliases (2.1101ms)
✔ unknown fields and false owning authority are rejected even after fresh page SHA (3.5474ms)
✔ full page SHA, option key and query digest are independently checked (3.2343ms)
✔ date envelopes stay valid historical bounds with no snapshot or coverage claim (3.6046ms)
✔ Python code-point identity order rejects duplicates and UTF16 order mistakes (3.7159ms)
✔ continuation pins account, query, revision, generation, digest and strict previous identity (3.8958ms)
✔ pagination is exact twenty and a progressing bounded signed cursor (8.8274ms)
✔ UTF8 38000 byte limit counts complete multibyte identities, never slices entries (4.5324ms)
✔ untrusted getters/deep types and async caller mutation cannot change the validated snapshot (1.8627ms)
✔ selection requires an unchanged current-account validated page and exact member (1.5302ms)
✔ market merge preserves exact manual fields, deduplicates only whole identity and never exceeds seven (2.078ms)
✔ actual Python complete page is signed to reader and wrapped without rewriting its identity or digest (41.0824ms)
✔ missing duplicate malformed and changed account bindings make zero owning requests (1.7085ms)
✔ anonymous, non-admin and scoped accounts fail closed with no-store (1.3067ms)
✔ unknown and duplicate fields including cursor reach owning reader unchanged (5.9449ms)
✔ server validates a successful continuation page but does not invent previous-item authority (2.2737ms)
✔ bad successful digests, identity structure, generation or header never receive a success envelope (6.7132ms)
✔ unexpected upstream success cannot erase duplicate/unknown filters (3.309ms)
✔ revocation and initialization failure retain owning error and are never retried (1.872ms)
✔ abort propagates to reader and does not retry or return a success page (2.1866ms)
✔ ERP exact page validates as an isolated copy with owning-only provenance (14.2829ms)
✔ actual Python contract SHA and Unicode exact identities match TS (90.9747ms)
✔ queries retain arbitrary exact platforms but reject aliases empty fields q and shop without platform (2.618ms)
✔ schema source authority and provenance are strict even after recomputing SHA (3.7336ms)
✔ independent page query option and revision bindings reject tampering (4.2936ms)
✔ business dates cannot claim snapshot or complete period coverage (3.4545ms)
✔ C collation uses Unicode code points and rejects duplicate or backwards keys (3.8969ms)
✔ continuation pins account query revision directory generation and previous identity (3.0642ms)
✔ pagination and full UTF8 capacity are checked without trimming records (10.4927ms)
✔ getters and asynchronous mutation cannot alter validated snapshots (2.0954ms)
✔ selection and merge require validated unchanged page and exact current-account choice (1.6742ms)
✔ ERP merge adds only explicit channel and preserves other form data including budgets (1.7179ms)
✔ pristine placeholder may be replaced but unfinished manual shops stay intact (1.1486ms)
✔ 100-character planner limit rejects complete 101-200 character source identity without truncation (4.5492ms)
✔ merge refuses shop channel bounds and ambiguous duplicates without shrinking scope (1.4773ms)
✔ real normalized JD import preserves promoted role when first generic SKU is trigger or attribution (795.1436ms)
✔ all exact promoted-SKU projection aliases survive the actual importer (932.9506ms)
✔ trigger/attribution/generic SKU alone never becomes the promoted SKU (320.1585ms)
ℹ tests 49
ℹ suites 0
ℹ pass 49
ℹ fail 0
ℹ cancelled 0
ℹ skipped 0
ℹ todo 0
ℹ duration_ms 3992.6825
