✔ limited copies reproduce mechanically with original argv/assertions/root/phase unchanged (10.9659ms)
✔ metadata fixture exactly binds original9/295/442 human bytes (17.8649ms)
✔ one synthetic distinct readiness closes owner while original19/21 remain unknown and20/source88 never replay (407.3997ms)
✔ old442 approval refused without owner release (209.8638ms)
✔ newscope does not preserve21 refused without owner release (208.8101ms)
✔ head drift refused without owner release (302.1717ms)
✔ old20 receipt lost refused without owner release (336.8173ms)
✔ old21 falsely passed refused without owner release (294.1533ms)
✔ source88 proof changed refused without owner release (331.5643ms)
✔ originalcollector changed refused without owner release (207.002ms)
✔ diagnosticcollector extra behavior refused without owner release (327.7448ms)
✔ physical pin drift refused without owner release (326.5004ms)
✔ missing old4718 pin refused without owner release (365.653ms)
✔ bad dynamic binding refused without owner release (355.9376ms)
✔ stale sample refused without owner release (402.288ms)
✔ marker-only result refused without owner release (336.0553ms)
✔ missing persisted native snapshot refused without owner release (366.1719ms)
✔ extended child deadline refused without owner release (340.7527ms)
✔ late response refused without owner release (357.9213ms)
✔ no-op owner release refused without owner release (346.5544ms)
✔ foreign append does not overwrite another WAL record (353.7096ms)
✔ one shared deadline refuses operation if original full retry budget no longer fits (334.7781ms)
✔ NotReady admission evidence and nonretry policy remain when WAL also fails (377.2654ms)
✔ passed append failure retains response receipt/process/status evidence without modifying original21 (357.3495ms)
✔ two concurrent invocations allow one distinct operation only (549.0245ms)
✔ actual response to completion performs no large pin scan (368.1356ms)
✔ caller privacy refuses fake/oversized stack source locations (0.4042ms)
✔ native unready backend snapshot persists before original unchanged assertion rejects (1.8901ms)
✔ native wrong release snapshot persists before original unchanged assertion rejects (0.3879ms)
✔ native missing12 component snapshot persists before original unchanged assertion rejects (0.3908ms)
✔ native extra private component snapshot persists before original unchanged assertion rejects (0.352ms)
✔ native false component snapshot persists before original unchanged assertion rejects (0.2356ms)
✔ invalid JSON response has durable parse-failed record and cannot pass (1.0059ms)
✔ snapshot persistence failure blocks a valid native response and retains its process (0.2467ms)
✔ mismatched actual stdout SHA/bytes cannot be labeled actual native response (0.4115ms)
✔ private temp native evidence has exact create-only fsync record bytes, no status body (14.0107ms)
✔ projection/process double sanitization is idempotent and preserves safe failure truth (0.8248ms)
✔ metadata failure after a real returned result keeps its receipt/process/captured evidence in unknown (354.1083ms)
✔ only physical owner absence can close necessary acceptance; release failure never preclaims completion (328.8458ms)
✔ ownership absence time is the observed ENOENT point rather than later WAL persistence (324.8237ms)
✔ confirmed physical release remains true when both completion and failure WAL persistence fail (376.1373ms)
✔ all post-result metadata failures keep actual process/receipt/evidence before owner release (663.9047ms)
✔ adapter result returned timestamp precedes evidence validation and WAL work (331.4195ms)
ℹ tests 43
ℹ suites 0
ℹ pass 43
ℹ fail 0
ℹ cancelled 0
ℹ skipped 0
ℹ todo 0
ℹ duration_ms 11342.9271
