✔ limited copies reproduce mechanically with original argv/assertions/root/phase unchanged (9.4276ms)
✔ metadata fixture exactly binds original9/295/442 human bytes (17.7206ms)
✔ one synthetic distinct readiness closes owner while original19/21 remain unknown and20/source88 never replay (420.8642ms)
✔ old442 approval refused without owner release (234.4826ms)
✔ newscope does not preserve21 refused without owner release (320.6327ms)
✔ head drift refused without owner release (377.3878ms)
✔ old20 receipt lost refused without owner release (435.8975ms)
✔ old21 falsely passed refused without owner release (358.6906ms)
✔ source88 proof changed refused without owner release (339.0254ms)
✔ originalcollector changed refused without owner release (197.0029ms)
✔ diagnosticcollector extra behavior refused without owner release (315.4997ms)
✔ physical pin drift refused without owner release (340.6916ms)
✔ missing old4718 pin refused without owner release (363.5914ms)
✔ bad dynamic binding refused without owner release (338.1923ms)
✔ stale sample refused without owner release (419.4923ms)
✔ marker-only result refused without owner release (483.9139ms)
✔ missing persisted native snapshot refused without owner release (471.1994ms)
✔ extended child deadline refused without owner release (406.6983ms)
✔ late response refused without owner release (385.7594ms)
✔ no-op owner release refused without owner release (327.2662ms)
✔ foreign append does not overwrite another WAL record (336.7347ms)
✔ one shared deadline refuses operation if original full retry budget no longer fits (382.5992ms)
✔ NotReady admission evidence and nonretry policy remain when WAL also fails (380.1102ms)
✔ passed append failure retains response receipt/process/status evidence without modifying original21 (338.4256ms)
✔ two concurrent invocations allow one distinct operation only (484.329ms)
✔ actual response to completion performs no large pin scan (337.88ms)
✔ caller privacy refuses fake/oversized stack source locations (0.5625ms)
✔ native unready backend snapshot persists before original unchanged assertion rejects (1.3772ms)
✔ native wrong release snapshot persists before original unchanged assertion rejects (0.3449ms)
✔ native missing12 component snapshot persists before original unchanged assertion rejects (0.2159ms)
✔ native extra private component snapshot persists before original unchanged assertion rejects (0.2779ms)
✔ native false component snapshot persists before original unchanged assertion rejects (0.2635ms)
✔ invalid JSON response has durable parse-failed record and cannot pass (0.2783ms)
✔ snapshot persistence failure blocks a valid native response and retains its process (0.2206ms)
✔ mismatched actual stdout SHA/bytes cannot be labeled actual native response (0.454ms)
✔ private temp native evidence has exact create-only fsync record bytes, no status body (28.5376ms)
✔ projection/process double sanitization is idempotent and preserves safe failure truth (1.032ms)
✔ metadata failure after a real returned result keeps its receipt/process/captured evidence in unknown (341.7158ms)
✔ only physical owner absence can close necessary acceptance; release failure never preclaims completion (318.4263ms)
✔ ownership absence time is the observed ENOENT point rather than later WAL persistence (337.1689ms)
✔ confirmed physical release remains true when both completion and failure WAL persistence fail (340.2451ms)
✔ all post-result metadata failures keep actual process/receipt/evidence before owner release (832.5712ms)
✔ adapter result returned timestamp precedes evidence validation and WAL work (411.0511ms)
ℹ tests 43
ℹ suites 0
ℹ pass 43
ℹ fail 0
ℹ cancelled 0
ℹ skipped 0
ℹ todo 0
ℹ duration_ms 11756.4109
