✔ limited copies reproduce mechanically with original argv/assertions/root/phase unchanged (8.9488ms)
✔ metadata fixture exactly binds original9/295/442 human bytes (18.2544ms)
✔ one synthetic distinct readiness closes owner while original19/21 remain unknown and20/source88 never replay (410.625ms)
✔ old442 approval refused without owner release (232.2804ms)
✔ newscope does not preserve21 refused without owner release (229.8732ms)
✔ head drift refused without owner release (284.2089ms)
✔ old20 receipt lost refused without owner release (285.0902ms)
✔ old21 falsely passed refused without owner release (283.3112ms)
✔ source88 proof changed refused without owner release (331.3483ms)
✔ originalcollector changed refused without owner release (197.6283ms)
✔ diagnosticcollector extra behavior refused without owner release (311.1699ms)
✔ physical pin drift refused without owner release (286.6058ms)
✔ missing old4718 pin refused without owner release (351.4433ms)
✔ bad dynamic binding refused without owner release (332.3028ms)
✔ stale sample refused without owner release (333.7381ms)
✔ marker-only result refused without owner release (319.3949ms)
✔ missing persisted native snapshot refused without owner release (326.5742ms)
✔ extended child deadline refused without owner release (336.4797ms)
✔ late response refused without owner release (323.1929ms)
✔ no-op owner release refused without owner release (351.0821ms)
✔ foreign append does not overwrite another WAL record (316.2788ms)
✔ one shared deadline refuses operation if original full retry budget no longer fits (365.6654ms)
✔ NotReady admission evidence and nonretry policy remain when WAL also fails (335.2085ms)
✔ passed append failure retains response receipt/process/status evidence without modifying original21 (330.8754ms)
✔ two concurrent invocations allow one distinct operation only (543.1012ms)
✔ actual response to completion performs no large pin scan (432.5767ms)
✔ caller privacy refuses fake/oversized stack source locations (0.6112ms)
✔ native unready backend snapshot persists before original unchanged assertion rejects (2.1533ms)
✔ native wrong release snapshot persists before original unchanged assertion rejects (0.353ms)
✔ native missing12 component snapshot persists before original unchanged assertion rejects (0.3215ms)
✔ native extra private component snapshot persists before original unchanged assertion rejects (0.3945ms)
✔ native false component snapshot persists before original unchanged assertion rejects (0.2963ms)
✔ invalid JSON response has durable parse-failed record and cannot pass (0.6762ms)
✔ snapshot persistence failure blocks a valid native response and retains its process (0.7444ms)
✔ mismatched actual stdout SHA/bytes cannot be labeled actual native response (0.6883ms)
✔ private temp native evidence has exact create-only fsync record bytes, no status body (17.5496ms)
✔ projection/process double sanitization is idempotent and preserves safe failure truth (0.7983ms)
✔ metadata failure after a real returned result keeps its receipt/process/captured evidence in unknown (377.9578ms)
✔ only physical owner absence can close necessary acceptance; release failure never preclaims completion (342.9049ms)
✔ ownership absence time is the observed ENOENT point rather than later WAL persistence (374.8189ms)
✔ confirmed physical release remains true when both completion and failure WAL persistence fail (370.6796ms)
ℹ tests 41
ℹ suites 0
ℹ pass 41
ℹ fail 0
ℹ cancelled 0
ℹ skipped 0
ℹ todo 0
ℹ duration_ms 9678.9865
