✔ limited copies reproduce mechanically with original argv/assertions/root/phase unchanged (10.2749ms)
✔ metadata fixture exactly binds original9/295/442 human bytes (18.8536ms)
✔ one synthetic distinct readiness closes owner while original19/21 remain unknown and20/source88 never replay (439.6397ms)
✔ old442 approval refused without owner release (226.2395ms)
✔ newscope does not preserve21 refused without owner release (232.9537ms)
✔ head drift refused without owner release (304.5946ms)
✔ old20 receipt lost refused without owner release (303.6933ms)
✔ old21 falsely passed refused without owner release (314.7376ms)
✔ source88 proof changed refused without owner release (335.7364ms)
✔ originalcollector changed refused without owner release (202.5123ms)
✔ diagnosticcollector extra behavior refused without owner release (315.2165ms)
✔ physical pin drift refused without owner release (298.2143ms)
✔ missing old4718 pin refused without owner release (376.9975ms)
✔ bad dynamic binding refused without owner release (330.8869ms)
✔ stale sample refused without owner release (353.7431ms)
✔ marker-only result refused without owner release (334.1716ms)
✔ missing persisted native snapshot refused without owner release (410.8968ms)
✔ extended child deadline refused without owner release (371.4484ms)
✔ late response refused without owner release (344.2365ms)
✔ no-op owner release refused without owner release (335.6942ms)
✔ foreign append does not overwrite another WAL record (330.3361ms)
✔ one shared deadline refuses operation if original full retry budget no longer fits (322.4646ms)
✔ NotReady admission evidence and nonretry policy remain when WAL also fails (328.0055ms)
✔ passed append failure retains response receipt/process/status evidence without modifying original21 (353.4244ms)
✔ two concurrent invocations allow one distinct operation only (510.6458ms)
✔ actual response to completion performs no large pin scan (372.9631ms)
✔ caller privacy refuses fake/oversized stack source locations (0.4384ms)
✔ native unready backend snapshot persists before original unchanged assertion rejects (1.5517ms)
✔ native wrong release snapshot persists before original unchanged assertion rejects (0.2658ms)
✔ native missing12 component snapshot persists before original unchanged assertion rejects (0.2032ms)
✔ native extra private component snapshot persists before original unchanged assertion rejects (0.2395ms)
✔ native false component snapshot persists before original unchanged assertion rejects (0.231ms)
✔ invalid JSON response has durable parse-failed record and cannot pass (0.5011ms)
✔ snapshot persistence failure blocks a valid native response and retains its process (0.218ms)
✔ mismatched actual stdout SHA/bytes cannot be labeled actual native response (0.4492ms)
✔ private temp native evidence has exact create-only fsync record bytes, no status body (11.174ms)
✔ projection/process double sanitization is idempotent and preserves safe failure truth (0.9142ms)
✔ metadata failure after a real returned result keeps its receipt/process/captured evidence in unknown (331.5789ms)
✔ only physical owner absence can close necessary acceptance; release failure never preclaims completion (335.9664ms)
✔ ownership absence time is the observed ENOENT point rather than later WAL persistence (327.2144ms)
✔ confirmed physical release remains true when both completion and failure WAL persistence fail (373.4878ms)
✔ all post-result metadata failures keep actual process/receipt/evidence before owner release (717.6396ms)
ℹ tests 42
ℹ suites 0
ℹ pass 42
ℹ fail 0
ℹ cancelled 0
ℹ skipped 0
ℹ todo 0
ℹ duration_ms 10511.2933
