baseline overview open 0
baseline overview page 0
baseline overview sort 0
baseline overview search 0
baseline overview margin 0
baseline overview margin-reset 0
baseline overview refresh 0
baseline calculator tab-open 0
baseline calculator input 0
baseline calculator select 0
baseline calculator refresh 0
baseline detail open 0
baseline detail refresh 0
baseline detail date 0
baseline detail reenter 0
baseline calculator reenter 0
baseline calculator date 0
baseline calculator direct-open 0
baseline overview reenter 1
baseline overview page 1
baseline overview sort 1
baseline overview search 1
baseline overview margin 1
baseline overview margin-reset 1
baseline overview refresh 1
baseline calculator tab-open 1
baseline calculator input 1
baseline calculator select 1
baseline calculator refresh 1
baseline detail open 1
baseline detail refresh 1
baseline detail date 1
baseline detail reenter 1
baseline calculator reenter 1
baseline calculator date 1
baseline calculator direct-open 1
baseline overview reenter 2
baseline overview page 2
baseline overview sort 2
baseline overview search 2
baseline overview margin 2
baseline overview margin-reset 2
baseline overview refresh 2
baseline calculator tab-open 2
baseline calculator input 2
baseline calculator select 2
baseline calculator refresh 2
baseline detail open 2
baseline detail refresh 2
baseline detail date 2
baseline detail reenter 2
baseline calculator reenter 2
baseline calculator date 2
baseline calculator direct-open 2
candidate overview open 0
candidate overview page 0
candidate overview sort 0
candidate overview search 0
candidate overview margin 0
candidate overview margin-reset 0
candidate overview refresh 0
candidate calculator tab-open 0
candidate calculator input 0
candidate calculator select 0
candidate calculator refresh 0
candidate detail open 0
candidate detail refresh 0
candidate detail date 0
candidate detail reenter 0
candidate calculator reenter 0
candidate calculator date 0
candidate calculator direct-open 0
candidate overview reenter 1
candidate overview page 1
candidate overview sort 1
candidate overview search 1
candidate overview margin 1
candidate overview margin-reset 1
candidate overview refresh 1
candidate calculator tab-open 1
candidate calculator input 1
candidate calculator select 1
candidate calculator refresh 1
candidate detail open 1
candidate detail refresh 1
candidate detail date 1
candidate detail reenter 1
candidate calculator reenter 1
candidate calculator date 1
candidate calculator direct-open 1
candidate overview reenter 2
candidate overview page 2
candidate overview sort 2
candidate overview search 2
candidate overview margin 2
candidate overview margin-reset 2
candidate overview refresh 2
candidate calculator tab-open 2
candidate calculator input 2
candidate calculator select 2
candidate calculator refresh 2
candidate detail open 2
candidate detail refresh 2
candidate detail date 2
candidate detail reenter 2
candidate calculator reenter 2
candidate calculator date 2
candidate calculator direct-open 2
{ records: 108, requests: 165, frames: 28 }
