✔ CSS values are proven; rules/resources/security properties remain byte-bound (4.2868ms)
✔ bounded static PNG replacement is allowed; SVG/new/deleted/redirected resource is rejected (3.0639ms)
✔ pure local Boolean button toggle is proven, aliases/custom calls/server components are not (34.6068ms)
✔ API/server execution, frontend writes, permissions, dependencies, config and mixed changes stay strict (6.575ms)
✔ actual production predecessor snapshots bind the real four-file delta and reject its ownership/permission logic (7930.2899ms)
ℹ {"afterFiles":5050,"afterSourceSha256":"8662394ff24c116685c1342ed6b8b9fa5dd58d8ffa7c0bb869be31e49e5e0646","beforeFiles":5050,"beforeSourceSha256":"70a562eadb2ee993ae3e80188f9a1e064f8605012a218507dba507a101aefa0e","changed":["app/customer-service-view.tsx","app/globals.css","app/page.tsx","app/ui/stable-read-content.tsx"],"completeSnapshots":true,"level":"strict","source":"immutable-source-snapshot"}
✔ new admission modules are copied and key-file bound in the immutable release (0.6938ms)
✔ database decisions are sealed; rehashed omissions, duplicate lifecycles and arbitrary display writes fail (12.7595ms)
✔ unknown BeginWorkerDrain retains ownership and is never replayed (111.0623ms)
✔ unknown EndWorkerDrain retains ownership and is never replayed (199.0702ms)
✔ recovery failure at any boundary blocks; sealed full DB steps cannot be skipped (55.6564ms)
✔ same-batch content evidence is bounded, forced at switch barriers and cannot be mutated by callers (3.1483ms)
✔ content change invalidates sourceSha256 even with unchanged timestamps (0.3719ms)
✔ content change invalidates sourceInventorySha256 even with unchanged timestamps (0.267ms)
✔ content change invalidates toolchain even with unchanged timestamps (0.3198ms)
✔ content change invalidates configuration even with unchanged timestamps (0.2755ms)
✔ evidence checked before work is rechecked after; other batches/concurrent use/disposal are refused (0.7642ms)
✔ full verification observation race and unsuccessful result never seed reusable evidence (0.3374ms)
✔ expiry covers the whole observation and source changes after admission block before WAL intent (45.2369ms)
✔ snapshot inventory includes environment examples and same-mtime tampering is detected by bytes (10.4318ms)
✔ timings are disjoint children and retain failure status without sensitive diagnostics (0.5478ms)
✔ failed live collector stages persist in the actual journal without error values (40.0587ms)
✔ literal display delta is proven across unchanged dependency closure (14.3075ms)
✔ mixed high/unproven impact blocks display: backend/sales/migrations/9001.py (1.263ms)
✔ mixed high/unproven impact blocks display: lib/auth/permissions.ts (0.9713ms)
✔ mixed high/unproven impact blocks display: tools/runtime.mjs (1.1122ms)
✔ mixed high/unproven impact blocks display: config/runtime.json (0.9959ms)
✔ mixed high/unproven impact blocks display: worker/index.ts (0.9465ms)
✔ mixed high/unproven impact blocks display: package-lock.json (0.6916ms)
✔ mixed high/unproven impact blocks display: lib/read.ts (1.0123ms)
✔ mixed high/unproven impact blocks display: app/view.tsx (2.0173ms)
✔ business read change uses full safeguards; unresolved dependencies stay strict (0.6808ms)
✔ empty/add/delete/malformed display and witness effect escalates (4.652ms)
✔ recent complete recovery with continuous daily backup permits reuse (1.8619ms)
✔ recovery binding changed: manifestSha256 (0.6729ms)
✔ recovery binding changed: dumpSha256 (0.739ms)
✔ recovery binding changed: environmentSha256 (0.4818ms)
✔ recovery binding changed: schemaSha256 (0.4968ms)
✔ recovery binding changed: rolesSha256 (0.6968ms)
✔ recovery binding changed: operatorSha256 (0.8528ms)
✔ recovery binding changed: retentionSha256 (0.5583ms)
✔ recovery binding changed: scheduleSha256 (0.4404ms)
✔ recovery binding changed: backupId (0.4926ms)
✔ invalid recovery prerequisite r=>r.current.schedule.active=false (0.8385ms)
✔ invalid recovery prerequisite r=>r.current.schedule.lastResult='failed' (0.7687ms)
✔ invalid recovery prerequisite r=>r.current.schedule.lastSuccessAt=new Date(now-backupMaxAgeMs-1).toISOString() (0.8699ms)
✔ invalid recovery prerequisite r=>r.evidence.backupCompletedAt=new Date(now-backupMaxAgeMs-1).toISOString() (1.1658ms)
✔ invalid recovery prerequisite r=>r.evidence.restoredAt=new Date(now-rehearsalMaxAgeMs-1).toISOString() (0.8249ms)
✔ invalid recovery prerequisite r=>r.evidence.restoredAt=new Date(now+1).toISOString() (0.8583ms)
✔ invalid recovery prerequisite r=>r.evidence.restoreStatus='failed' (0.5587ms)
✔ invalid recovery prerequisite r=>r.evidence.cleanupStatus='unknown' (0.759ms)
✔ invalid recovery prerequisite r=>r.current.pointExists=false (0.584ms)
✔ invalid recovery prerequisite r=>r.current.retained=false (0.4636ms)
✔ invalid recovery prerequisite r=>r.current.verifyStatus='failed' (0.5224ms)
✔ invalid recovery prerequisite r=>r.evidence[k]=false (0.6368ms)
✔ invalid recovery prerequisite r=>r.evidence[k]=false (0.4502ms)
✔ invalid recovery prerequisite r=>r.evidence[k]=false (0.6961ms)
✔ invalid recovery prerequisite r=>r.evidence[k]=false (0.7038ms)
✔ invalid recovery prerequisite r=>r.evidence[k]=false (0.5418ms)
✔ strict/business releases never reuse recovery (0.2592ms)
✔ exact binding changes block every executable release (472.4119ms)
✔ approval scope change and incomplete acceptance/tests reject (3.5995ms)
✔ backup failure retains active ownership and safe resumption skips passed stages (437.7632ms)
✔ unknown mutation is never replayed; independent exact reconciliation is required (430.0602ms)
✔ crash after write-ahead started record blocks replay; damaged journal blocks (276.1921ms)
✔ an actual subprocess exit after started retains unknown state and cannot replay (576.4791ms)
✔ recovery invalidation immediately before switching blocks the fast batch (62.3951ms)
✔ legacy plan/apply cannot claim a predecessor owned by another batch (10.336ms)
✔ real original rotation mutex serializes independent preparation chats (2.2156ms)
✔ timing includes explicit approval, incomplete closeout does not declare completion (0.2264ms)
✔ rehashing a hand edited batch cannot remove gates, forge impact or escape journals (7.8936ms)
✔ a batch cannot apply another plan, change drain owner or restore another point (24.6265ms)
✔ scheduled backup does nothing while paused; unknown result never gives reusable evidence (27.4359ms)
✔ exact Windows OS PowerShell hash is usable while ordinary hard-linked tools stay forbidden (7.927ms)
✔ PS5 child uses its system modules, removes inherited library-only flags and preserves its parent (0.9251ms)
✔ actual readonly admission caller uses the same safe native transport (811.5917ms)
✔ Node and non-system shell commands retain their exact approved environment (0.223ms)
✔ PS5 transport binds File argv as data and rejects ambiguous parameter syntax (0.6343ms)
✔ actual approved runner survives a PS7-polluted parent while original PS5 ACL command fails (2018.4925ms)
✔ original nested lifecycle adapter also preserves Unicode through its native child (1303.1329ms)
✔ Worker-only release drains through the original engine (powershell.exe) (1482.8068ms)
✔ Worker-only release drains through the original engine (pwsh.exe) (2357.6737ms)
✔ release canonical JSON and Windows path identities are deterministic (3.3277ms)
✔ real release artifact packer carries every guarded entrypoint and binds each one as a key file (212.2522ms)
✔ production manifest provenance accepts only the legacy predecessor or isolated successor source (1.9509ms)
✔ Windows Node 24 runs its bundled npm CLI directly without cmd or shell (3906.8212ms)
✔ PowerShell 5 outer capture is isolated from noisy children and preserves bounded failures (2610.0792ms)
✔ helper builder accepts only exact unique import.meta contracts (0.7949ms)
✔ source snapshot fingerprint detects a post-copy mutation (5.6416ms)
✔ bounded parallel tree hashing preserves the legacy ordinal byte protocol (166.4416ms)
✔ isolated source closure rejects build-added source files (7.1263ms)
✔ isolated source closure compares complete flat ordinal paths instead of DFS order (28.4459ms)
✔ isolated source closure reports bounded relative added and removed paths (36.7911ms)
✔ isolated source closure diagnostics escape controls and cap long relative examples (3.1162ms)
✔ isolated source closure still reports content changes after set equality (5.5338ms)
✔ Vinext scratch fixture accepts only the real 74-byte config and restores exact source closure (22.1354ms)
✔ Vinext scratch preflight rejects source conflicts and any pre-build .wrangler object (2.6636ms)
✔ Vinext scratch rejects every unexpected sibling before deleting the verified config (19.2498ms)
✔ Vinext scratch config is strict JSON with one exact byte representation and target (85.7195ms)
✔ Vinext scratch rejects a hard-linked config before deleting either name (12.0116ms)
✔ Vinext scratch rejects a reparse-point .wrangler tree (8.7246ms)
✔ immutable helper bundle keeps code immutable and mutable state at the protected root (1933.4667ms)
✔ exclusive any-interface port probe rejects wildcard and IPv6 listeners (7.1611ms)
✔ D1 retirement guard recognizes receipt or all exact tombstone views (59.1577ms)
✔ immutable release completion requires views, shared guards, and completed receipt (62.1786ms)
✔ partial or malformed D1 tombstone views fail closed (56.908ms)
✔ installed runtime without current guard receipt never lets legacy launcher fail open (3.1026ms)
✔ authority first publication is create-only under competing tuples (43.9455ms)
✔ authority verification fails when current is deleted or tampered after publication (37.5283ms)
✔ ordinary Deploy is first-publication only and rejects authority or retirement (58.0965ms)
✔ concurrent first current publication has one winner and never removes it (40.5783ms)
✔ trusted Django verifier refuses a different candidate verifier (9.6267ms)
✔ local port probe detects an exact IPv4 loopback listener (2.4731ms)
✔ release source fixes build closure, real contract tests, guard and authority protocols (175.0424ms)
✔ supervisor prelaunch policy binds its own exact starting identity instead of asserting stopped (2.6849ms)
✔ hot restart keeps the verified supervisor and helper while replacing only the Worker child (1.3257ms)
✔ supervisor consumes one fresh full-verification receipt and rejects expired reuse (21.7098ms)
✔ supervisor prelaunch waits for the real create-only receipt and rejects timeout or a forged PID (3941.3513ms)
✔ immutable Worker keeps Miniflare cache outside node_modules across two starts and rejects unsafe cache objects (229.5053ms)
✔ public entrypoints converge on the immutable Worker start engine (4.2655ms)
✔ PowerShell 5 service contract is parseable and never claims an unknown port is stopped (5501.3278ms)
✔ PowerShell startup ownership observation tolerates only a bounded transient anomaly (509.746ms)
✔ PowerShell process tree rejects PID-reuse creation inversions and unreadable identities (575.6147ms)
✔ PowerShell Stop sweep follows a newly spawned exact helper lineage and rejects ambiguity (803.0292ms)
ℹ tests 123
ℹ suites 0
ℹ pass 123
ℹ fail 0
ℹ cancelled 0
ℹ skipped 0
ℹ todo 0
ℹ duration_ms 21626.3254
