✔ exact HTTPS loopback icon is blocked and classified (3.4192ms)
✔ dangerous or unapproved request remains blocked: GET https://127.0.0.1:3000/assets/exact.js script (0.3275ms)
✔ dangerous or unapproved request remains blocked: POST https://127.0.0.1:3000/favicon.svg other (0.1798ms)
✔ dangerous or unapproved request remains blocked: GET https://other.invalid/favicon.svg image (0.2138ms)
✔ dangerous or unapproved request remains blocked: GET https://127.0.0.1:3001/favicon.svg other (0.1785ms)
✔ dangerous or unapproved request remains blocked: GET https://localhost:3000/favicon.svg other (0.1599ms)
✔ dangerous or unapproved request remains blocked: GET https://127.0.0.1:3000/favicon.svg?x=1 other (0.2045ms)
✔ dangerous or unapproved request remains blocked: GET https://127.0.0.1:3000/favicon.svg fetch (0.1677ms)
✔ dangerous or unapproved request remains blocked: GET http://127.0.0.1:3000/api/import fetch (0.2387ms)
✔ dangerous or unapproved request remains blocked: GET http://127.0.0.1:3000/assets/unapproved.js script (0.355ms)
✔ dangerous or unapproved request remains blocked: DELETE http://127.0.0.1:3000/api/customer-service/conversations fetch (0.1513ms)
✔ normal candidate resource and exact reviewed business read stay allowed (0.213ms)
✔ blocked favicon needs HTTP bytes; mismatched normal asset never passes (0.9755ms)
✔ real source four-shop component UI, read-only network, candidate SHA and viewer permission on isolated HTTP (2997.4836ms)
✔ classified temporary reads retry at most four total; attempt time includes 53s queries (1.1028ms)
✔ exhausted transient error preserves all four attempts (0.8228ms)
✔ terminal status failure never retries: EACCES (0.333ms)
✔ terminal status failure never retries: EPERM (0.1545ms)
✔ terminal status failure never retries: STATUS_IDENTITY_MISMATCH (0.1332ms)
✔ terminal status failure never retries: ASSERTION_FAILED (0.139ms)
✔ terminal status failure never retries: INVALID_STATUS_JSON (0.2081ms)
✔ terminal status failure never retries: STATUS_NOT_READY (0.1734ms)
✔ terminal status failure never retries: PROCESS_FAILED (0.1404ms)
✔ unknown errors with timeout-looking sensitive text are terminal and redacted (0.3688ms)
✔ one total deadline bounds slow successful queries and prevents another attempt (0.3114ms)
✔ retry waits consume the same budget (0.2603ms)
✔ complete readiness requires exact identity and all twelve components (0.4395ms)
✔ retry declaration cannot target Start, backup, apply, generic GET or script flags (0.8088ms)
✔ bounded native read-only runner covers inherited output EOF (196.4412ms)
✔ timing unions overlaps, excludes nested retries, keeps coordination and document completion separate (1.3283ms)
✔ uncompleted batch never gets approval-to-complete or successful conclusion (0.2815ms)
✔ offline report validates immutable journal, preserves unknown history and fails closed when steps missing (48.1629ms)
✔ domain history synthetic isolation regressions (288.9242ms)
✔ independent domain history regressions with original source receipt bytes (225.1077ms)
✔ independent: completion interval cannot absorb work recorded after completion (1.9127ms)
✔ independent: receipt whitelist rejects or removes unexpected sensitive field types (40.5389ms)
✔ independent: incomplete batch timing remains uncompleted even with a stale closeout event (24.0076ms)
✔ independent: interrupted operation report preserves already fsynced attempt metadata (26.0492ms)
✔ independent: source/version projection cannot retain sensitive nested release identifiers (16.7817ms)
✔ independent: independent runtime projection rejects sensitive nested identity fields (18.8407ms)
✔ independent: report can preserve valid failure states from the actual system Status contract (18.4224ms)
✔ independent: observation sidecar timestamp is validated before projecting evidence (22.3496ms)
✔ independent: report CLI does not print malformed evidence payload fragments (428.6045ms)
✔ independent: total deadline includes persistent attempt evidence (1.7105ms)
✔ independent: expired binding validation prevents starting another native probe (0.4964ms)
✔ independent: direct process completion returns while inherited output remains open (2806.2114ms)
ℹ {"parentExitMs":576.565,"eofMs":2428.6811,"inheritedHoldMs":1852.1160999999997}
✔ independent: permanent identity mismatch does not retry after a transient query (0.6518ms)
✔ independent: HTTP icon query, other HTTPS origin and static-suffix writes remain dangerous (1.307ms)
✔ independent: allowed business GET network failure invalidates real UI audit (0.8052ms)
✔ independent: complete readiness requires the actual twelve domain names (0.5262ms)
✔ independent: fixed snapshot and verified source receipt isolation regressions (455.8414ms)
✔ CSS values are proven; rules/resources/security properties remain byte-bound (5.0001ms)
✔ bounded static PNG replacement is allowed; SVG/new/deleted/redirected resource is rejected (2.8225ms)
✔ pure local Boolean button toggle is proven, aliases/custom calls/server components are not (44.515ms)
✔ API/server execution, frontend writes, permissions, dependencies, config and mixed changes stay strict (8.4455ms)
✔ actual production predecessor snapshots bind the real four-file delta and reject its ownership/permission logic (9992.9187ms)
ℹ {"afterFiles":5050,"afterSourceSha256":"8662394ff24c116685c1342ed6b8b9fa5dd58d8ffa7c0bb869be31e49e5e0646","beforeFiles":5050,"beforeSourceSha256":"70a562eadb2ee993ae3e80188f9a1e064f8605012a218507dba507a101aefa0e","changed":["app/customer-service-view.tsx","app/globals.css","app/page.tsx","app/ui/stable-read-content.tsx"],"completeSnapshots":true,"level":"strict","source":"immutable-source-snapshot"}
✔ new admission modules are copied and key-file bound in the immutable release (0.6825ms)
✔ database decisions are sealed; rehashed omissions, duplicate lifecycles and arbitrary display writes fail (13.7087ms)
✔ unknown BeginWorkerDrain retains ownership and is never replayed (119.5056ms)
✔ unknown EndWorkerDrain retains ownership and is never replayed (185.2777ms)
✔ recovery failure at any boundary blocks; sealed full DB steps cannot be skipped (48.7751ms)
✔ same-batch content evidence is bounded, forced at switch barriers and cannot be mutated by callers (2.4453ms)
✔ content change invalidates sourceSha256 even with unchanged timestamps (0.3325ms)
✔ content change invalidates sourceInventorySha256 even with unchanged timestamps (0.262ms)
✔ content change invalidates toolchain even with unchanged timestamps (0.3953ms)
✔ content change invalidates configuration even with unchanged timestamps (0.3154ms)
✔ evidence checked before work is rechecked after; other batches/concurrent use/disposal are refused (0.7915ms)
✔ full verification observation race and unsuccessful result never seed reusable evidence (0.3184ms)
✔ expiry covers the whole observation and source changes after admission block before WAL intent (40.5606ms)
✔ snapshot inventory includes environment examples and same-mtime tampering is detected by bytes (10.1816ms)
✔ missing config parent creation invalidates; unrelated ancestor siblings do not (2272.8709ms)
✔ shared process deadline is transport metadata; other inherited configuration stays bound (0.5011ms)
✔ timings are disjoint children and retain failure status without sensitive diagnostics (0.5654ms)
✔ failed live collector stages persist in the actual journal without error values (49.2745ms)
✔ transport deadline changes do not invalidate exact build environment identity (1.9539ms)
✔ Node direct exit files: hold does not wait for inherited stdout/stderr (143.5158ms)
✔ Node direct exit files: hold-stdout does not wait for inherited stdout/stderr (106.3324ms)
✔ Node direct exit files: hold-stderr does not wait for inherited stdout/stderr (123.6949ms)
✔ Node direct exit files: nonzero-hold does not wait for inherited stdout/stderr (106.7872ms)
✔ EOF transport retains exit0 but fails within the same deadline while both streams are held (810.9134ms)
✔ probe direct cleanup leaves its simulated service alive and no direct probe (985.4628ms)
✔ an exhausted inherited deadline starts no child (3.9744ms)
✔ ordinary isolated tree cleanup retains no child or detached grandchild (1512.486ms)
✔ approved runner rejects invalid and retains bounded diagnostics (791.8924ms)
✔ approved runner rejects nonzero and retains bounded diagnostics (404.4006ms)
✔ approved runner rejects flood and retains bounded diagnostics (364.321ms)
✔ powershell.exe: shared transport and watchdog hold both streams without a late EOF wait (2251.3791ms)
✔ pwsh.exe: shared transport and watchdog hold both streams without a late EOF wait (3010.4123ms)
✔ powershell.exe: concurrent lifecycle mutex obeys the original deadline (1110.6007ms)
✔ pwsh.exe: concurrent lifecycle mutex obeys the original deadline (1691.0387ms)
✔ watchdog deadline, safe diagnostics and unknown notification delivery remain bounded (2873.7375ms)
ISOLATED_START_TIMING {"scenario":"ready","engineMs":901,"validationMs":2168,"adapterMs":3233,"totalMs":4145,"descendantHeldMs":60000}
✔ original nested PS5 adapter: ready (4280.5148ms)
✔ original nested PS5 adapter: engine-failed (2186.333ms)
✔ original nested PS5 adapter: wrong-version (2844.9911ms)
✔ original nested PS5 adapter: incomplete (3626.7252ms)
✔ original nested PS5 adapter: bad-json (2119.7648ms)
✔ original nested PS5 adapter: maintenance (4212.3289ms)
✔ original nested PS5 adapter: deadline (2525.425ms)
ISOLATED_START_TIMING {"scenario":"drain","engineMs":896,"validationMs":2040,"adapterMs":3097,"totalMs":4016,"descendantHeldMs":60000}
✔ original nested PS5 adapter: drain (4137.5416ms)
✔ original nested PS5 adapter: missing-identity (2004.7378ms)
✔ original nested PS5 adapter: fake-components (3508.6332ms)
✔ Start candidate/drain/dependency bindings reject at sealing before any operation (52.1497ms)
✔ unknown operation retains exit/deadline metadata and cannot replay (337.9374ms)
✔ passed WAL retains bounded original engine completion and separate timings (532.274ms)
✔ literal display delta is proven across unchanged dependency closure (3.401ms)
✔ mixed high/unproven impact blocks display: backend/sales/migrations/9001.py (1.4176ms)
✔ mixed high/unproven impact blocks display: lib/auth/permissions.ts (0.8386ms)
✔ mixed high/unproven impact blocks display: tools/runtime.mjs (0.7035ms)
✔ mixed high/unproven impact blocks display: config/runtime.json (0.7212ms)
✔ mixed high/unproven impact blocks display: worker/index.ts (1.3721ms)
✔ mixed high/unproven impact blocks display: package-lock.json (0.9509ms)
✔ mixed high/unproven impact blocks display: lib/read.ts (1.0812ms)
✔ mixed high/unproven impact blocks display: app/view.tsx (3.9578ms)
✔ business read change uses full safeguards; unresolved dependencies stay strict (1.0673ms)
✔ empty/add/delete/malformed display and witness effect escalates (6.4438ms)
✔ recent complete recovery with continuous daily backup permits reuse (0.7602ms)
✔ recovery binding changed: manifestSha256 (0.8103ms)
✔ recovery binding changed: dumpSha256 (0.7941ms)
✔ recovery binding changed: environmentSha256 (0.7174ms)
✔ recovery binding changed: schemaSha256 (0.727ms)
✔ recovery binding changed: rolesSha256 (0.8377ms)
✔ recovery binding changed: operatorSha256 (0.821ms)
✔ recovery binding changed: retentionSha256 (1.1543ms)
✔ recovery binding changed: scheduleSha256 (0.868ms)
✔ recovery binding changed: backupId (0.7154ms)
✔ invalid recovery prerequisite r=>r.current.schedule.active=false (0.7358ms)
✔ invalid recovery prerequisite r=>r.current.schedule.lastResult='failed' (0.6571ms)
✔ invalid recovery prerequisite r=>r.current.schedule.lastSuccessAt=new Date(now-backupMaxAgeMs-1).toISOString() (0.5712ms)
✔ invalid recovery prerequisite r=>r.evidence.backupCompletedAt=new Date(now-backupMaxAgeMs-1).toISOString() (0.594ms)
✔ invalid recovery prerequisite r=>r.evidence.restoredAt=new Date(now-rehearsalMaxAgeMs-1).toISOString() (0.6498ms)
✔ invalid recovery prerequisite r=>r.evidence.restoredAt=new Date(now+1).toISOString() (0.6247ms)
✔ invalid recovery prerequisite r=>r.evidence.restoreStatus='failed' (0.5689ms)
✔ invalid recovery prerequisite r=>r.evidence.cleanupStatus='unknown' (0.7814ms)
✔ invalid recovery prerequisite r=>r.current.pointExists=false (0.594ms)
✔ invalid recovery prerequisite r=>r.current.retained=false (0.6987ms)
✔ invalid recovery prerequisite r=>r.current.verifyStatus='failed' (0.8333ms)
✔ invalid recovery prerequisite r=>r.evidence[k]=false (0.4742ms)
✔ invalid recovery prerequisite r=>r.evidence[k]=false (0.5651ms)
✔ invalid recovery prerequisite r=>r.evidence[k]=false (0.5703ms)
✔ invalid recovery prerequisite r=>r.evidence[k]=false (0.5953ms)
✔ invalid recovery prerequisite r=>r.evidence[k]=false (0.3853ms)
✔ strict/business releases never reuse recovery (0.2992ms)
✔ exact binding changes block every executable release (806.5571ms)
✔ approval scope change and incomplete acceptance/tests reject (4.4936ms)
✔ backup failure retains active ownership and safe resumption skips passed stages (577.9363ms)
✔ unknown mutation is never replayed; independent exact reconciliation is required (532.203ms)
✔ crash after write-ahead started record blocks replay; damaged journal blocks (387.105ms)
✔ an actual subprocess exit after started retains unknown state and cannot replay (739.3161ms)
✔ recovery invalidation immediately before switching blocks the fast batch (71.0701ms)
✔ legacy plan/apply cannot claim a predecessor owned by another batch (15.5766ms)
✔ real original rotation mutex serializes independent preparation chats (3.225ms)
✔ timing includes explicit approval, incomplete closeout does not declare completion (0.31ms)
✔ rehashing a hand edited batch cannot remove gates, forge impact or escape journals (9.5568ms)
✔ a batch cannot apply another plan, change drain owner or restore another point (26.7945ms)
✔ scheduled backup does nothing while paused; unknown result never gives reusable evidence (34.4634ms)
✔ exact Windows OS PowerShell hash is usable while ordinary hard-linked tools stay forbidden (11.1575ms)
✔ PS5 child uses its system modules, removes inherited library-only flags and preserves its parent (0.4872ms)
✔ actual readonly admission caller uses the same safe native transport (984.5653ms)
✔ Node and non-system shell commands retain their exact approved environment (0.3467ms)
✔ PS5 transport binds File argv as data and rejects ambiguous parameter syntax (0.7906ms)
✔ actual approved runner survives a PS7-polluted parent while original PS5 ACL command fails (2620.0598ms)
✔ original nested lifecycle adapter also preserves Unicode through its native child (2215.444ms)
✔ Worker-only release drains through the original engine (powershell.exe) (2509.4926ms)
✔ Worker-only release drains through the original engine (pwsh.exe) (3099.8603ms)
✔ release canonical JSON and Windows path identities are deterministic (3.5402ms)
✔ real release artifact packer carries every guarded entrypoint and binds each one as a key file (323.737ms)
✔ production manifest provenance accepts only the legacy predecessor or isolated successor source (1.9083ms)
✔ Windows Node 24 runs its bundled npm CLI directly without cmd or shell (5554.9243ms)
✔ PowerShell 5 outer capture is isolated from noisy children and preserves bounded failures (6709.0571ms)
✔ helper builder accepts only exact unique import.meta contracts (0.9928ms)
✔ source snapshot fingerprint detects a post-copy mutation (5.736ms)
✔ bounded parallel tree hashing preserves the legacy ordinal byte protocol (164.5383ms)
✔ isolated source closure rejects build-added source files (6.767ms)
✔ isolated source closure compares complete flat ordinal paths instead of DFS order (27.4982ms)
✔ isolated source closure reports bounded relative added and removed paths (26.884ms)
✔ isolated source closure diagnostics escape controls and cap long relative examples (3.2443ms)
✔ isolated source closure still reports content changes after set equality (5.269ms)
✔ Vinext scratch fixture accepts only the real 74-byte config and restores exact source closure (23.3108ms)
✔ Vinext scratch preflight rejects source conflicts and any pre-build .wrangler object (3.0328ms)
✔ Vinext scratch rejects every unexpected sibling before deleting the verified config (20.9419ms)
✔ Vinext scratch config is strict JSON with one exact byte representation and target (111.1128ms)
✔ Vinext scratch rejects a hard-linked config before deleting either name (14.5545ms)
✔ Vinext scratch rejects a reparse-point .wrangler tree (12.2406ms)
✔ immutable helper bundle keeps code immutable and mutable state at the protected root (1863.834ms)
✔ exclusive any-interface port probe rejects wildcard and IPv6 listeners (6.1049ms)
✔ D1 retirement guard recognizes receipt or all exact tombstone views (57.7302ms)
✔ immutable release completion requires views, shared guards, and completed receipt (64.2571ms)
✔ partial or malformed D1 tombstone views fail closed (58.3336ms)
✔ installed runtime without current guard receipt never lets legacy launcher fail open (2.8516ms)
✔ authority first publication is create-only under competing tuples (70.4066ms)
✔ authority verification fails when current is deleted or tampered after publication (42.0761ms)
✔ ordinary Deploy is first-publication only and rejects authority or retirement (60.5611ms)
✔ concurrent first current publication has one winner and never removes it (28.256ms)
✔ trusted Django verifier refuses a different candidate verifier (7.9393ms)
✔ local port probe detects an exact IPv4 loopback listener (2.8219ms)
✔ release source fixes build closure, real contract tests, guard and authority protocols (162.7676ms)
✔ supervisor prelaunch policy binds its own exact starting identity instead of asserting stopped (2.6825ms)
✔ hot restart keeps the verified supervisor and helper while replacing only the Worker child (1.2168ms)
✔ supervisor consumes one fresh full-verification receipt and rejects expired reuse (21.726ms)
✔ supervisor prelaunch waits for the real create-only receipt and rejects timeout or a forged PID (4135.3704ms)
✔ immutable Worker keeps Miniflare cache outside node_modules across two starts and rejects unsafe cache objects (220.3975ms)
✔ public entrypoints converge on the immutable Worker start engine (3.3396ms)
✔ PowerShell 5 service contract is parseable and never claims an unknown port is stopped (5938.9458ms)
✔ PowerShell startup ownership observation tolerates only a bounded transient anomaly (709.7394ms)
✔ PowerShell process tree rejects PID-reuse creation inversions and unreadable identities (746.3141ms)
✔ PowerShell Stop sweep follows a newly spawned exact helper lineage and rejects ambiguity (889.839ms)
ℹ tests 206
ℹ suites 0
ℹ pass 206
ℹ fail 0
ℹ cancelled 0
ℹ skipped 0
ℹ todo 0
ℹ duration_ms 49162.067
