✔ actual Python complete page is signed to reader and wrapped without rewriting its identity or digest (56.2001ms)
✔ missing duplicate malformed and changed account bindings make zero owning requests (3.4936ms)
✔ anonymous, non-admin and scoped accounts fail closed with no-store (2.4221ms)
✔ unknown and duplicate fields including cursor reach owning reader unchanged (12.1241ms)
✔ server validates a successful continuation page but does not invent previous-item authority (4.6632ms)
✔ bad successful digests, identity structure, generation or header never receive a success envelope (13.2344ms)
✔ unexpected upstream success cannot erase duplicate/unknown filters (7.5268ms)
✔ revocation and initialization failure retain owning error and are never retried (4.25ms)
✔ abort propagates to reader and does not retry or return a success page (2.7297ms)
✔ owning market page and current-account envelope validate without changing old principal codec (27.8854ms)
✔ actual Python contract hashes and Unicode casefold are accepted by the shared codec (130.1595ms)
✔ exact query filters and raw price labels never infer aliases (2.2456ms)
✔ unknown fields and false owning authority are rejected even after fresh page SHA (4.3372ms)
✔ full page SHA, option key and query digest are independently checked (4.4609ms)
✔ date envelopes stay valid historical bounds with no snapshot or coverage claim (4.369ms)
✔ Python code-point identity order rejects duplicates and UTF16 order mistakes (3.9118ms)
✔ continuation pins account, query, revision, generation, digest and strict previous identity (3.5203ms)
✔ pagination is exact twenty and a progressing bounded signed cursor (11.515ms)
✔ UTF8 38000 byte limit counts complete multibyte identities, never slices entries (4.7608ms)
✔ untrusted getters/deep types and async caller mutation cannot change the validated snapshot (1.726ms)
✔ selection requires an unchanged current-account validated page and exact member (2.0457ms)
✔ market merge preserves exact manual fields, deduplicates only whole identity and never exceeds seven (2.9769ms)
✔ actual Python complete page is signed to reader and wrapped without rewriting its identity or digest (47.5076ms)
✔ missing duplicate malformed and changed account bindings make zero owning requests (2.9285ms)
✔ anonymous, non-admin and scoped accounts fail closed with no-store (2.1786ms)
✔ unknown and duplicate fields including cursor reach owning reader unchanged (8.2244ms)
✔ server validates a successful continuation page but does not invent previous-item authority (3.4563ms)
✔ bad successful digests, identity structure, generation or header never receive a success envelope (8.8079ms)
✔ unexpected upstream success cannot erase duplicate/unknown filters (6.3017ms)
✔ revocation and initialization failure retain owning error and are never retried (3.6255ms)
✔ abort propagates to reader and does not retry or return a success page (2.3522ms)
✔ ERP exact page validates as an isolated copy with owning-only provenance (19.2409ms)
✔ actual Python contract SHA and Unicode exact identities match TS (117.6569ms)
✔ queries retain arbitrary exact platforms but reject aliases empty fields q and shop without platform (3.2513ms)
✔ schema source authority and provenance are strict even after recomputing SHA (5.2584ms)
✔ independent page query option and revision bindings reject tampering (6.1645ms)
✔ business dates cannot claim snapshot or complete period coverage (3.5614ms)
✔ C collation uses Unicode code points and rejects duplicate or backwards keys (7.1425ms)
✔ continuation pins account query revision directory generation and previous identity (5.9028ms)
✔ pagination and full UTF8 capacity are checked without trimming records (11.2577ms)
✔ getters and asynchronous mutation cannot alter validated snapshots (2.5392ms)
✔ selection and merge require validated unchanged page and exact current-account choice (1.9065ms)
✔ ERP merge adds only explicit channel and preserves other form data including budgets (1.6733ms)
✔ pristine placeholder may be replaced but unfinished manual shops stay intact (0.9504ms)
✔ 100-character planner limit rejects complete 101-200 character source identity without truncation (5.4815ms)
✔ merge refuses shop channel bounds and ambiguous duplicates without shrinking scope (1.9075ms)
ℹ tests 46
ℹ suites 0
ℹ pass 46
ℹ fail 0
ℹ cancelled 0
ℹ skipped 0
ℹ todo 0
ℹ duration_ms 2311.9011
