✔ requestJson applies same-origin defaults and serializes JSON bodies (44.7784ms)
✔ requestJson preserves explicit fetch options (2.3697ms)
✔ requestJson returns undefined for successful empty responses (0.4482ms)
✔ requestJson sends FormData without setting a multipart content type (1.1826ms)
✔ requestJson exposes structured HTTP failures as ApiError (1.3303ms)
✔ requestJson converts network failures without retrying (0.451ms)
✔ requestJson passes AbortError and the caller signal through unchanged (0.3437ms)
✔ requestJson rejects malformed successful JSON with a bounded ApiError (0.8677ms)
✔ mobile drawer focus wrapping is deterministic without a browser DOM (1.6289ms)
✔ application landmarks and the mobile navigation state stay accessible (35.8123ms)
✔ collapsed navigation exposes stable group names without dangling tooltip references (16.2733ms)
✔ global header and module fallback have named, focusable semantics (36.1614ms)
✔ reduced motion remains a global application contract (21.9484ms)
✔ navigation catalog preserves the twelve modules and task-oriented group order (2.8443ms)
✔ import source catalog exposes every current legal value (0.2278ms)
✔ dashboard is canonical at root and invalid or duplicate modules fail closed (1.5823ms)
✔ module and import source parse, serialize, and normalize safely (0.5555ms)
✔ period contract supports relative, calendar month, and custom ranges (1.4746ms)
✔ malformed period details normalize to current month without stale fields (0.9138ms)
✔ normalization preserves unknown query parameters, pathname, and hash (0.9239ms)
✔ canonical serialization is stable across parse and normalize (0.8019ms)
✔ module failures stay inside the application shell (31.7866ms)
✔ global search dialog traps focus and restores the background (2.577ms)
✔ mobile navigation releases its interaction lock at the desktop breakpoint (16.8047ms)
✔ market master initial failures are visible and retryable (1.5527ms)
✔ local direct access stays disabled in production despite explicit opt-in (1.4906ms)
✔ local direct access requires explicit opt-in and verified development (0.2448ms)
✔ Vinext server development mode is a verified local runtime signal (0.2035ms)
✔ a loopback Host header is never accepted as development evidence (0.1748ms)
✔ local direct access accepts only exact loopback request hosts (0.4578ms)
✔ local admin cannot bypass the caller's allowed roles (0.1662ms)
✔ an explicitly stamped local worker build permits direct access (0.1892ms)
✔ bounded JSON releases unread redirect response and aborts transport (29.3521ms)
✔ bounded JSON releases unread declared-size response and aborts transport (1.0583ms)
✔ cleanup rejection never replaces the public limit error (0.6299ms)
✔ successful JSON and malformed JSON preserve status, bytes and result contracts (6.7176ms)
✔ a never-settling cancellation cannot hold an already rejected request open (0.6655ms)
✔ one rejected request does not abort another concurrent response or external signal (1.1468ms)
✔ sales gateway signature uses the exact v1 canonical contract (61.6857ms)
✔ write signatures require an exact body digest (9.3496ms)
✔ reader configuration has no legacy or shadow mode (0.4671ms)
✔ Django-only reads sign the exact query and strip browser credentials (8.816ms)
✔ Django-only reads fail closed on inconsistent revision or upstream errors (4.692ms)
✔ reader rejects non-loopback HTTP and non-GET requests (0.8785ms)
✔ independent: a late subscriber's own deadline leaves earlier subscriber alive (78.8797ms)
✔ independent: cancellation during body does not cancel a surviving subscriber (3.2445ms)
✔ independent: invalidation followed by old transport rejection cannot finish the replacement (18.8438ms)
✔ independent: lifetime is measured from first request, not extended by late joining (28.3127ms)
✔ independent: exhausted transport capacity still permits an existing exact-key subscriber (1.5259ms)
✔ independent: completed capacity-one reads can be awaited sequentially without a cleanup turn (2.6524ms)
✔ independent: user, permission, date, filter, version, and response header dimensions never join (1.8833ms)
✔ independent: each of four representative endpoints can opt in without completed-result reuse (22.3333ms)
✔ independent: an undefined body rejection remains a failure for every subscriber (1.3917ms)
✔ independent: observed transport honors its declared options.signal (0.305ms)
✔ independent: active observed options.signal reaches fetch and cancels a pending body (6.2081ms)
✔ independent: the default requestJson remains uncapped and preserves writes (13.1735ms)
✔ independent: loading region escapes labels, hides spinner and does not steal keyboard focus (7.4997ms)
✔ independent: old preload failure after reset cannot clear a newer code load (0.5038ms)
✔ independent: recorder wraps in chronological order and stores only numeric allowlisted spans (0.4208ms)
✔ four audited representative reads join only exact in-flight keys; legacy results stay independent (94.3748ms)
✔ user, permission/scope, date, filter order, version and headers isolate entries (3.5178ms)
✔ one cancellation and one short subscriber deadline cannot cancel a survivor (23.8396ms)
✔ all subscribers cancelling aborts transport; late completion cannot poison a new read (22.6436ms)
✔ network/HTTP/JSON failures are shared only in flight, never retried or cached (29.4097ms)
✔ missing version disables joining; completed results are never reused (2.5364ms)
✔ invalidation rejects old subscribers and permits a new epoch, without cached authorization (8.7419ms)
✔ capacity bounds entries, subscribers, keys and abandoned transports (36.7581ms)
✔ pre-abort, writes, SSE, credentials, foreign/unregistered URLs and invalid budgets never reach transport (5.3881ms)
✔ bounded bodies reject dishonest Content-Length and release the reader (25.9064ms)
✔ one lifetime covers slow headers and slow body; stream cancellation releases slots (38.1631ms)
✔ observation is disabled by default, bounded and strips sensitive fields; observer failures are harmless (1.9826ms)
✔ loading regions reserve space, expose text/status and hide decorative spinner (9.6942ms)
✔ registration is lazy; explicit preload joins mount and reset permits failed chunk retry (1.7805ms)
✔ inventory demand uses the selected global period within available sales coverage (3.01ms)
✔ inventory demand reports the actual overlap when selected dates exceed imported coverage (0.5829ms)
✔ inventory demand keeps the legacy 30-day default and rejects unsafe date ranges (0.8755ms)
✔ 503 preserves the last good progress and clears only after a successful retry (38.4565ms)
✔ progress recovery cannot erase review errors (1.6277ms)
✔ a superseded task cannot publish late data or clear the new task's failure (2.0958ms)
✔ late failure from an old filter cannot replace the current successful result (1.1309ms)
✔ cleanup cancels both network and pending body reads without displaying an error (0.9114ms)
✔ timeout releases polling even when a fetch ignores cancellation, and next read recovers (19.8934ms)
✔ malformed or wrong-job responses remain failures and do not erase prior data (2.3486ms)
✔ annotation UI uses independent read errors and preserves command errors during refresh (17.3219ms)
✔ market GET preserves range errors without retrying (41.9066ms)
✔ market GET deadline includes a stalled response body and clears the request (16.1803ms)
✔ a cancelled filter read cannot accept a late successful body (1.4452ms)
✔ filter scope changes issue exactly the first page request before committing pagination state (15.1113ms)
✔ ShopView makes one scoped summary request and rejects stale responses (6.4925ms)
✔ netshop views send platform-qualified outlets instead of independent shop-name filters (3.9601ms)
✔ netshop catalog and daily product pages pair lightweight projections with their own snapshot (11.1219ms)
✔ netshop promotion, catalog, and daily filters select page one before their first scoped request (10.6114ms)
✔ ImportView loads history only for history views and isolates seven domain failures (9.645ms)
✔ heavy module views are lazy and the dashboard does not eagerly import their runtime chunks (20.4835ms)
✔ global search pagination is query-keyed, cancellable, deduplicated, and target-gated (18.3697ms)
✔ 商品汇总只向独立 Django products reader 传递有界查询 (2.0626ms)
✔ 商品汇总 page 投影绑定同一 snapshot token (0.3923ms)
✔ 商品前端只在同一 bootstrap 和 snapshot 下请求 page 投影，版本漂移有界回到 full (25.0671ms)
✔ a scoped market lazy importer can reject once and resolve after an explicit retry (3.513ms)
✔ the module error boundary rebuilds its lazy scope before clearing the fallback (2.301ms)
✔ real worker child restarts without D1 and proof tampering fences the next restart (14856.0872ms)
✔ real helper child restarts without D1 and proof tampering fences the next restart (6699.3894ms)
✔ heap adapter is digest-pinned, idempotent, and refuses unknown bytes (76.7146ms)
✔ immutable worker pins 3072 MiB and removes case-insensitive inherited overrides (1.7957ms)
✔ real isolated workerd receives serialized 3072 MiB flag and serves a synthetic request (2781.4831ms)
ℹ tests 105
ℹ suites 0
ℹ pass 105
ℹ fail 0
ℹ cancelled 0
ℹ skipped 0
ℹ todo 0
ℹ duration_ms 22653.9763
