✔ actual Python complete page is signed to reader and wrapped without rewriting its identity or digest (41.3493ms)
✔ missing duplicate malformed and changed account bindings make zero owning requests (2.0249ms)
✔ anonymous, non-admin and scoped accounts fail closed with no-store (1.4026ms)
✔ unknown and duplicate fields including cursor reach owning reader unchanged (9.1778ms)
✔ server validates a successful continuation page but does not invent previous-item authority (2.6956ms)
✔ bad successful digests, identity structure, generation or header never receive a success envelope (9.0595ms)
✔ unexpected upstream success cannot erase duplicate/unknown filters (6.8217ms)
✔ revocation and initialization failure retain owning error and are never retried (3.1435ms)
✔ abort propagates to reader and does not retry or return a success page (2.135ms)
✔ owning market page and current-account envelope validate without changing old principal codec (16.7012ms)
✔ actual Python contract hashes and Unicode casefold are accepted by the shared codec (87.6229ms)
✔ exact query filters and raw price labels never infer aliases (2.6778ms)
✔ unknown fields and false owning authority are rejected even after fresh page SHA (4.9807ms)
✔ full page SHA, option key and query digest are independently checked (3.7761ms)
✔ date envelopes stay valid historical bounds with no snapshot or coverage claim (3.5806ms)
✔ Python code-point identity order rejects duplicates and UTF16 order mistakes (3.0845ms)
✔ continuation pins account, query, revision, generation, digest and strict previous identity (3.886ms)
✔ pagination is exact twenty and a progressing bounded signed cursor (9.8438ms)
✔ UTF8 38000 byte limit counts complete multibyte identities, never slices entries (4.5045ms)
✔ untrusted getters/deep types and async caller mutation cannot change the validated snapshot (1.642ms)
✔ selection requires an unchanged current-account validated page and exact member (1.573ms)
✔ market merge preserves exact manual fields, deduplicates only whole identity and never exceeds seven (1.8311ms)
✔ actual Python complete page is signed to reader and wrapped without rewriting its identity or digest (39.2176ms)
✔ missing duplicate malformed and changed account bindings make zero owning requests (1.7339ms)
✔ anonymous, non-admin and scoped accounts fail closed with no-store (1.2928ms)
✔ unknown and duplicate fields including cursor reach owning reader unchanged (5.807ms)
✔ server validates a successful continuation page but does not invent previous-item authority (2.4247ms)
✔ bad successful digests, identity structure, generation or header never receive a success envelope (7.3003ms)
✔ unexpected upstream success cannot erase duplicate/unknown filters (3.2119ms)
✔ revocation and initialization failure retain owning error and are never retried (1.7482ms)
✔ abort propagates to reader and does not retry or return a success page (1.6504ms)
✔ ERP exact page validates as an isolated copy with owning-only provenance (16.0316ms)
✔ actual Python contract SHA and Unicode exact identities match TS (91.2326ms)
✔ queries retain arbitrary exact platforms but reject aliases empty fields q and shop without platform (3.775ms)
✔ schema source authority and provenance are strict even after recomputing SHA (4.4064ms)
✔ independent page query option and revision bindings reject tampering (4.6199ms)
✔ business dates cannot claim snapshot or complete period coverage (3.9226ms)
✔ C collation uses Unicode code points and rejects duplicate or backwards keys (4.8236ms)
✔ continuation pins account query revision directory generation and previous identity (4.3062ms)
✔ pagination and full UTF8 capacity are checked without trimming records (10.7161ms)
✔ getters and asynchronous mutation cannot alter validated snapshots (2.1649ms)
✔ selection and merge require validated unchanged page and exact current-account choice (2.2062ms)
✔ ERP merge adds only explicit channel and preserves other form data including budgets (1.6157ms)
✔ pristine placeholder may be replaced but unfinished manual shops stay intact (1.0596ms)
✔ 100-character planner limit rejects complete 101-200 character source identity without truncation (4.406ms)
✔ merge refuses shop channel bounds and ambiguous duplicates without shrinking scope (1.3527ms)
✔ Django lifecycle treats legacy D1 paths as metadata and supports PostgreSQL-only configuration (654.5591ms)
✔ Django local service binds PostgreSQL and Waitress to loopback with bounded requests (1.0697ms)
✔ full-stack startup checks PostgreSQL capacity before schema work and process launch (0.3629ms)
✔ protected AI migrations are rejected before formal preparation and before migrate (0.4856ms)
✔ Django local status keeps ACL verification bounded and labels its root-only scope (0.3915ms)
✔ one top-level lifecycle ACL audit is reused only by its bounded in-process domain chain (1.0891ms)
✔ Django local service uses deterministic production secrets and least-privilege roles (1.9971ms)
✔ writer readiness fails closed on divergent terminal ERP PostgreSQL authority (0.3304ms)
✔ managed PID ownership survives venv launchers without weakening identity checks (0.6278ms)
✔ PostgreSQL reuse proves listener executable and exact data directory before credentials (0.4387ms)
✔ startup is mutexed, authority gated, bridge-rejecting, rollback-safe, and logged (1.203ms)
✔ critical Django native calls are PS5-safe and report only bounded redacted evidence (0.9871ms)
✔ configuration retains the exact ERP D1 only for controlled cutover and exposes the terminal ERP service (0.7898ms)
✔ finance runtime uses independent loopback processes, credentials, permissions, and cutover gates (1.0558ms)
✔ runtime deployment includes every finance cutover dependency (0.1619ms)
✔ runtime deployment includes the protected PostgreSQL backup operator (0.0874ms)
✔ runtime deployment includes the persistent Django supervisor (0.0623ms)
✔ runtime deployment includes the exact DingTalk replenishment mapping (0.1092ms)
✔ runtime deployment includes the exact inventory warehouse mapping (0.109ms)
✔ configuration requires a stopped database and app deployment follows the persistent maintenance scope (0.3354ms)
✔ retired ERP bridge provisioning is unreachable and application rollback remains bounded (0.4782ms)
✔ runtime deployment and ACL hardening precede an exact startup shortcut (2.2473ms)
✔ aggregate status loads one controller and reuses exact in-process process checks (0.4912ms)
✔ Wrangler deployment integration test is external, destructive only inside its unique temp runtime (0.1977ms)
✔ formal D1 retirement actions use the protected runtime, DPAPI writer, live preflight and controlled audit (1.7312ms)
✔ formal smoke receipt action runs fixed loopback reader/writer checks under the writer role (0.4136ms)
✔ Node 24 executes the deployed retirement TypeScript without tsx or an extensionless import (130.8593ms)
✔ application fingerprint v2 is ordinal and identical in Windows PowerShell 5.1 and pwsh (2131.3477ms)
✔ orchestrated lifecycle ACL evidence is bounded and fail-closed in powershell.exe (666.9695ms)
✔ descendant ACL fallback is bounded and fail-closed in powershell.exe (1767.0512ms)
✔ accelerated exact ACL verification stays inside its startup budget in powershell.exe (11818.3492ms)
✔ Windows managed-process round trip accepts protected venv launchers in powershell.exe (20409.7121ms)
✔ code-only rollback exchanges verified application manifests in powershell.exe (4310.8729ms)
✔ orchestrated lifecycle ACL evidence is bounded and fail-closed in pwsh.exe (1978.9555ms)
✔ descendant ACL fallback is bounded and fail-closed in pwsh.exe (5957.6285ms)
✔ accelerated exact ACL verification stays inside its startup budget in pwsh.exe (18355.906ms)
✔ Windows managed-process round trip accepts protected venv launchers in pwsh.exe (20166.9976ms)
✔ code-only rollback exchanges verified application manifests in pwsh.exe (2269.941ms)
✔ real isolated Chromium observes an embedded login and exactly one post-login query (1900.2145ms)
✔ real normalized JD import preserves promoted role when first generic SKU is trigger or attribution (908.5881ms)
✔ all exact promoted-SKU projection aliases survive the actual importer (738.6097ms)
✔ trigger/attribution/generic SKU alone never becomes the promoted SKU (248.9425ms)
ℹ tests 88
ℹ suites 0
ℹ pass 88
ℹ fail 0
ℹ cancelled 0
ℹ skipped 0
ℹ todo 0
ℹ duration_ms 99710.4438
