lib/ai/business-market-v2-tool-candidate.ts(34,36): error TS2454: Variable 'allowed' is used before being assigned.
lib/ai/business-market-v2-tool-candidate.ts(34,54): error TS2454: Variable 'allowed' is used before being assigned.
lib/ai/business-market-v2-tool-candidate.ts(35,29): error TS2454: Variable 'allowed' is used before being assigned.
tests/automation-drain.test.ts(59,43): error TS7006: Parameter 'n' implicitly has an 'any' type.
tests/automation-drain.test.ts(59,114): error TS7006: Parameter 'n' implicitly has an 'any' type.
tests/automation-drain.test.ts(77,44): error TS7006: Parameter 'n' implicitly has an 'any' type.
tests/automation-drain.test.ts(78,45): error TS7006: Parameter 'n' implicitly has an 'any' type.
tests/automation-drain.test.ts(87,37): error TS7006: Parameter 'n' implicitly has an 'any' type.
tests/automation-drain.test.ts(88,47): error TS7006: Parameter 'n' implicitly has an 'any' type.
tests/automation-drain.test.ts(105,85): error TS7006: Parameter 'n' implicitly has an 'any' type.
tests/automation-drain.test.ts(107,88): error TS7006: Parameter 'n' implicitly has an 'any' type.
tests/business-agent-budget-tools.test.ts(42,43): error TS2345: Argument of type 'readonly AiToolEntry[]' is not assignable to parameter of type 'AiToolEntry[]'.
  The type 'readonly AiToolEntry[]' is 'readonly' and cannot be assigned to the mutable type 'AiToolEntry[]'.
tests/business-agent-integrated-tools.test.ts(44,43): error TS2345: Argument of type 'readonly AiToolEntry[]' is not assignable to parameter of type 'AiToolEntry[]'.
  The type 'readonly AiToolEntry[]' is 'readonly' and cannot be assigned to the mutable type 'AiToolEntry[]'.
tests/business-agent-v2-tools.test.ts(42,43): error TS2345: Argument of type 'readonly AiToolEntry[]' is not assignable to parameter of type 'AiToolEntry[]'.
  The type 'readonly AiToolEntry[]' is 'readonly' and cannot be assigned to the mutable type 'AiToolEntry[]'.
tests/business-market-v2-five-catalog.test.ts(71,85): error TS2345: Argument of type '{ principal: AppPrincipal; surface: string; requestId: string; providerCallId: string; }' is not assignable to parameter of type 'AiToolExecutionContext'.
  Types of property 'surface' are incompatible.
    Type 'string' is not assignable to type '"test" | "ai_chat" | "dingtalk_chat" | "ai_agent" | "ai_sandbox" | "market_ai" | "customer_service_ai" | "codex_mcp" | "business_collection" | "business_agent_v2" | "business_agent_budget_v1" | "business_agent_integrated_v1" | "business_agent_screening_v1" | "business_agent_screening_promotion_v1" | "business_agent_...'.
tests/business-market-v2-five-catalog.test.ts(82,103): error TS2345: Argument of type '{ principal: AppPrincipal; surface: string; requestId: string; providerCallId: string; }' is not assignable to parameter of type 'AiToolExecutionContext'.
  Types of property 'surface' are incompatible.
    Type 'string' is not assignable to type '"test" | "ai_chat" | "dingtalk_chat" | "ai_agent" | "ai_sandbox" | "market_ai" | "customer_service_ai" | "codex_mcp" | "business_collection" | "business_agent_v2" | "business_agent_budget_v1" | "business_agent_integrated_v1" | "business_agent_screening_v1" | "business_agent_screening_promotion_v1" | "business_agent_...'.
tests/business-market-v2-five-catalog.test.ts(105,84): error TS2345: Argument of type '{ principal: AppPrincipal; surface: string; requestId: string; providerCallId: string; }' is not assignable to parameter of type 'AiToolExecutionContext'.
  Types of property 'surface' are incompatible.
    Type 'string' is not assignable to type '"test" | "ai_chat" | "dingtalk_chat" | "ai_agent" | "ai_sandbox" | "market_ai" | "customer_service_ai" | "codex_mcp" | "business_collection" | "business_agent_v2" | "business_agent_budget_v1" | "business_agent_integrated_v1" | "business_agent_screening_v1" | "business_agent_screening_promotion_v1" | "business_agent_...'.
tests/business-market-v2-tool-registry-gate.test.ts(70,69): error TS2345: Argument of type '{ principal: AppPrincipal; surface: string; requestId: string; providerCallId: string; }' is not assignable to parameter of type 'AiToolExecutionContext'.
  Types of property 'surface' are incompatible.
    Type 'string' is not assignable to type '"test" | "ai_chat" | "dingtalk_chat" | "ai_agent" | "ai_sandbox" | "market_ai" | "customer_service_ai" | "codex_mcp" | "business_collection" | "business_agent_v2" | "business_agent_budget_v1" | "business_agent_integrated_v1" | "business_agent_screening_v1" | "business_agent_screening_promotion_v1" | "business_agent_...'.
tests/business-market-v2-tool-registry-gate.test.ts(76,70): error TS2345: Argument of type '{ principal: AppPrincipal; surface: string; requestId: string; providerCallId: string; }' is not assignable to parameter of type 'AiToolExecutionContext'.
  Types of property 'surface' are incompatible.
    Type 'string' is not assignable to type '"test" | "ai_chat" | "dingtalk_chat" | "ai_agent" | "ai_sandbox" | "market_ai" | "customer_service_ai" | "codex_mcp" | "business_collection" | "business_agent_v2" | "business_agent_budget_v1" | "business_agent_integrated_v1" | "business_agent_screening_v1" | "business_agent_screening_promotion_v1" | "business_agent_...'.
tests/business-market-v2-tool-registry-gate.test.ts(100,68): error TS2345: Argument of type '{ principal: AppPrincipal; surface: string; requestId: string; providerCallId: string; }' is not assignable to parameter of type 'AiToolExecutionContext'.
  Types of property 'surface' are incompatible.
    Type 'string' is not assignable to type '"test" | "ai_chat" | "dingtalk_chat" | "ai_agent" | "ai_sandbox" | "market_ai" | "customer_service_ai" | "codex_mcp" | "business_collection" | "business_agent_v2" | "business_agent_budget_v1" | "business_agent_integrated_v1" | "business_agent_screening_v1" | "business_agent_screening_promotion_v1" | "business_agent_...'.
tests/business-market-v2-tool-registry-gate.test.ts(104,69): error TS2345: Argument of type '{ principal: AppPrincipal; surface: string; requestId: string; providerCallId: string; }' is not assignable to parameter of type 'AiToolExecutionContext'.
  Types of property 'surface' are incompatible.
    Type 'string' is not assignable to type '"test" | "ai_chat" | "dingtalk_chat" | "ai_agent" | "ai_sandbox" | "market_ai" | "customer_service_ai" | "codex_mcp" | "business_collection" | "business_agent_v2" | "business_agent_budget_v1" | "business_agent_integrated_v1" | "business_agent_screening_v1" | "business_agent_screening_promotion_v1" | "business_agent_...'.
tests/business-screening-tools.test.ts(51,43): error TS2345: Argument of type 'readonly AiToolEntry[]' is not assignable to parameter of type 'AiToolEntry[]'.
  The type 'readonly AiToolEntry[]' is 'readonly' and cannot be assigned to the mutable type 'AiToolEntry[]'.
tests/customer-save-recovery-interaction.test.ts(99,36): error TS2532: Object is possibly 'undefined'.
tests/customer-save-recovery-interaction.test.ts(102,18): error TS2345: Argument of type 'string | undefined' is not assignable to parameter of type 'string'.
  Type 'undefined' is not assignable to type 'string'.
tests/django-inventory-cutover.test.ts(28,47): error TS1501: This regular expression flag is only available when targeting 'es2018' or later.
tests/finance-raw-workbook-route.test.ts(67,31): error TS5097: An import path can only end with a '.ts' extension when 'allowImportingTsExtensions' is enabled.
tests/local-worker-start.test.ts(155,25): error TS2339: Property 'url' does not exist on type 'never'.
tests/local-worker-start.test.ts(156,25): error TS2339: Property 'init' does not exist on type 'never'.
tests/local-worker-start.test.ts(157,37): error TS2339: Property 'init' does not exist on type 'never'.
tests/local-worker-start.test.ts(158,25): error TS2339: Property 'init' does not exist on type 'never'.
tests/local-worker-start.test.ts(180,25): error TS2339: Property 'url' does not exist on type 'never'.
tests/local-worker-start.test.ts(181,37): error TS2339: Property 'init' does not exist on type 'never'.
tests/local-worker-start.test.ts(205,5): error TS2353: Object literal may only specify known properties, and 'onFailure' does not exist in type '{ probe?: (({ fetchImpl, url, timeoutMs, signal, }?: { fetchImpl?: { (input: URL | RequestInfo, init?: RequestInit | undefined): Promise<Response>; (input: string | URL | Request, init?: RequestInit | undefined): Promise<...>; } | undefined; url?: string | undefined; timeoutMs?: number | undefined; }) => Promise<......'.
tests/local-worker-start.test.ts(205,19): error TS7031: Binding element 'consecutiveFailures' implicitly has an 'any' type.
tests/local-worker-start.test.ts(206,21): error TS7031: Binding element 'previousFailures' implicitly has an 'any' type.
tests/local-worker-start.test.ts(239,5): error TS2353: Object literal may only specify known properties, and 'signal' does not exist in type '{ probe?: (({ fetchImpl, url, timeoutMs, signal, }?: { fetchImpl?: { (input: URL | RequestInfo, init?: RequestInit | undefined): Promise<Response>; (input: string | URL | Request, init?: RequestInit | undefined): Promise<...>; } | undefined; url?: string | undefined; timeoutMs?: number | undefined; }) => Promise<......'.
tests/local-worker-start.test.ts(242,19): error TS7031: Binding element 'consecutiveFailures' implicitly has an 'any' type.
tests/local-worker-start.test.ts(243,20): error TS7031: Binding element 'consecutiveFailures' implicitly has an 'any' type.
tests/local-worker-start.test.ts(244,21): error TS7031: Binding element 'previousFailures' implicitly has an 'any' type.
tests/local-worker-start.test.ts(262,5): error TS2322: Type '() => FakeLocalWorkerChild' is not assignable to type '{ (command: string, options?: SpawnOptionsWithoutStdio | undefined): ChildProcessWithoutNullStreams; (command: string, options: SpawnOptionsWithStdioTuple<...>): ChildProcessByStdio<...>; (command: string, options: SpawnOptionsWithStdioTuple<...>): ChildProcessByStdio<...>; (command: string, options: SpawnOptionsWit...'.
  Type 'FakeLocalWorkerChild' is missing the following properties from type 'ChildProcessWithoutNullStreams': stdin, stdout, stderr, stdio, and 10 more.
tests/local-worker-start.test.ts(267,5): error TS2322: Type '({ signal, onDegraded }: { probe?: (({ fetchImpl, url, timeoutMs, signal, }?: { fetchImpl?: { (input: URL | RequestInfo, init?: RequestInit | undefined): Promise<Response>; (input: string | URL | Request, init?: RequestInit | undefined): Promise<...>; } | undefined; url?: string | undefined; timeoutMs?: number | und...' is not assignable to type '({ probe, wait, signal, initialDelayMs, intervalMs, onFailure, onDegraded, onRecovered, }?: { probe?: (({ fetchImpl, url, timeoutMs, signal, }?: { fetchImpl?: { (input: URL | RequestInfo, init?: RequestInit | undefined): Promise<Response>; (input: string | URL | Request, init?: RequestInit | undefined): Promise<...>...'.
  Type 'Promise<{ status: string; consecutiveFailures: number; }>' is not assignable to type 'Promise<{ status: string; state: string; consecutiveFailures: number; }>'.
    Property 'state' is missing in type '{ status: string; consecutiveFailures: number; }' but required in type '{ status: string; state: string; consecutiveFailures: number; }'.
tests/local-worker-start.test.ts(267,32): error TS2339: Property 'signal' does not exist on type '{ probe?: (({ fetchImpl, url, timeoutMs, signal, }?: { fetchImpl?: { (input: URL | RequestInfo, init?: RequestInit | undefined): Promise<Response>; (input: string | URL | Request, init?: RequestInit | undefined): Promise<...>; } | undefined; url?: string | undefined; timeoutMs?: number | undefined; }) => Promise<......'.
tests/local-worker-start.test.ts(267,40): error TS2339: Property 'onDegraded' does not exist on type '{ probe?: (({ fetchImpl, url, timeoutMs, signal, }?: { fetchImpl?: { (input: URL | RequestInfo, init?: RequestInit | undefined): Promise<Response>; (input: string | URL | Request, init?: RequestInit | undefined): Promise<...>; } | undefined; url?: string | undefined; timeoutMs?: number | undefined; }) => Promise<......'.
tests/local-worker-start.test.ts(275,31): error TS2339: Property 'signal' does not exist on type '{ probe?: (({ fetchImpl, url, timeoutMs, signal, }?: { fetchImpl?: { (input: URL | RequestInfo, init?: RequestInit | undefined): Promise<Response>; (input: string | URL | Request, init?: RequestInit | undefined): Promise<...>; } | undefined; url?: string | undefined; timeoutMs?: number | undefined; }) => Promise<......'.
tests/local-worker-start.test.ts(288,5): error TS2740: Type '{ warn(): void; }' is missing the following properties from type 'Console': assert, clear, count, countReset, and 18 more.
tests/local-worker-start.test.ts(305,5): error TS2322: Type '() => FakeLocalWorkerChild' is not assignable to type '{ (command: string, options?: SpawnOptionsWithoutStdio | undefined): ChildProcessWithoutNullStreams; (command: string, options: SpawnOptionsWithStdioTuple<...>): ChildProcessByStdio<...>; (command: string, options: SpawnOptionsWithStdioTuple<...>): ChildProcessByStdio<...>; (command: string, options: SpawnOptionsWit...'.
  Type 'FakeLocalWorkerChild' is missing the following properties from type 'ChildProcessWithoutNullStreams': stdin, stdout, stderr, stdio, and 10 more.
tests/local-worker-start.test.ts(310,5): error TS2322: Type '({ signal }: { probe?: (({ fetchImpl, url, timeoutMs, signal, }?: { fetchImpl?: { (input: URL | RequestInfo, init?: RequestInit | undefined): Promise<Response>; (input: string | URL | Request, init?: RequestInit | undefined): Promise<...>; } | undefined; url?: string | undefined; timeoutMs?: number | undefined; }) =...' is not assignable to type '({ probe, wait, signal, initialDelayMs, intervalMs, onFailure, onDegraded, onRecovered, }?: { probe?: (({ fetchImpl, url, timeoutMs, signal, }?: { fetchImpl?: { (input: URL | RequestInfo, init?: RequestInit | undefined): Promise<Response>; (input: string | URL | Request, init?: RequestInit | undefined): Promise<...>...'.
  Type 'Promise<{ status: string; consecutiveFailures: number; }>' is not assignable to type 'Promise<{ status: string; state: string; consecutiveFailures: number; }>'.
    Property 'state' is missing in type '{ status: string; consecutiveFailures: number; }' but required in type '{ status: string; state: string; consecutiveFailures: number; }'.
tests/local-worker-start.test.ts(310,26): error TS2339: Property 'signal' does not exist on type '{ probe?: (({ fetchImpl, url, timeoutMs, signal, }?: { fetchImpl?: { (input: URL | RequestInfo, init?: RequestInit | undefined): Promise<Response>; (input: string | URL | Request, init?: RequestInit | undefined): Promise<...>; } | undefined; url?: string | undefined; timeoutMs?: number | undefined; }) => Promise<......'.
tests/local-worker-start.test.ts(311,31): error TS2339: Property 'signal' does not exist on type '{ probe?: (({ fetchImpl, url, timeoutMs, signal, }?: { fetchImpl?: { (input: URL | RequestInfo, init?: RequestInit | undefined): Promise<Response>; (input: string | URL | Request, init?: RequestInit | undefined): Promise<...>; } | undefined; url?: string | undefined; timeoutMs?: number | undefined; }) => Promise<......'.
tests/local-worker-start.test.ts(326,5): error TS2740: Type '{ warn(): void; }' is missing the following properties from type 'Console': assert, clear, count, countReset, and 18 more.
tests/local-worker-start.test.ts(343,5): error TS2322: Type '() => FakeLocalWorkerChild' is not assignable to type '{ (command: string, options?: SpawnOptionsWithoutStdio | undefined): ChildProcessWithoutNullStreams; (command: string, options: SpawnOptionsWithStdioTuple<...>): ChildProcessByStdio<...>; (command: string, options: SpawnOptionsWithStdioTuple<...>): ChildProcessByStdio<...>; (command: string, options: SpawnOptionsWit...'.
  Type 'FakeLocalWorkerChild' is missing the following properties from type 'ChildProcessWithoutNullStreams': stdin, stdout, stderr, stdio, and 10 more.
tests/local-worker-start.test.ts(356,5): error TS2322: Type '({ signal, onDegraded }: { probe?: (({ fetchImpl, url, timeoutMs, signal, }?: { fetchImpl?: { (input: URL | RequestInfo, init?: RequestInit | undefined): Promise<Response>; (input: string | URL | Request, init?: RequestInit | undefined): Promise<...>; } | undefined; url?: string | undefined; timeoutMs?: number | und...' is not assignable to type '({ probe, wait, signal, initialDelayMs, intervalMs, onFailure, onDegraded, onRecovered, }?: { probe?: (({ fetchImpl, url, timeoutMs, signal, }?: { fetchImpl?: { (input: URL | RequestInfo, init?: RequestInit | undefined): Promise<Response>; (input: string | URL | Request, init?: RequestInit | undefined): Promise<...>...'.
  Type 'Promise<{ status: string; consecutiveFailures: number; }>' is not assignable to type 'Promise<{ status: string; state: string; consecutiveFailures: number; }>'.
    Property 'state' is missing in type '{ status: string; consecutiveFailures: number; }' but required in type '{ status: string; state: string; consecutiveFailures: number; }'.
tests/local-worker-start.test.ts(356,32): error TS2339: Property 'signal' does not exist on type '{ probe?: (({ fetchImpl, url, timeoutMs, signal, }?: { fetchImpl?: { (input: URL | RequestInfo, init?: RequestInit | undefined): Promise<Response>; (input: string | URL | Request, init?: RequestInit | undefined): Promise<...>; } | undefined; url?: string | undefined; timeoutMs?: number | undefined; }) => Promise<......'.
tests/local-worker-start.test.ts(356,40): error TS2339: Property 'onDegraded' does not exist on type '{ probe?: (({ fetchImpl, url, timeoutMs, signal, }?: { fetchImpl?: { (input: URL | RequestInfo, init?: RequestInit | undefined): Promise<Response>; (input: string | URL | Request, init?: RequestInit | undefined): Promise<...>; } | undefined; url?: string | undefined; timeoutMs?: number | undefined; }) => Promise<......'.
tests/local-worker-start.test.ts(360,25): error TS2339: Property 'signal' does not exist on type '{ probe?: (({ fetchImpl, url, timeoutMs, signal, }?: { fetchImpl?: { (input: URL | RequestInfo, init?: RequestInit | undefined): Promise<Response>; (input: string | URL | Request, init?: RequestInit | undefined): Promise<...>; } | undefined; url?: string | undefined; timeoutMs?: number | undefined; }) => Promise<......'.
tests/local-worker-start.test.ts(371,5): error TS2740: Type '{ warn(message: string): void; }' is missing the following properties from type 'Console': assert, clear, count, countReset, and 18 more.
tests/local-worker-start.test.ts(387,5): error TS2322: Type '() => FakeLocalWorkerChild' is not assignable to type '{ (command: string, options?: SpawnOptionsWithoutStdio | undefined): ChildProcessWithoutNullStreams; (command: string, options: SpawnOptionsWithStdioTuple<...>): ChildProcessByStdio<...>; (command: string, options: SpawnOptionsWithStdioTuple<...>): ChildProcessByStdio<...>; (command: string, options: SpawnOptionsWit...'.
  Type 'FakeLocalWorkerChild' is missing the following properties from type 'ChildProcessWithoutNullStreams': stdin, stdout, stderr, stdio, and 10 more.
tests/local-worker-start.test.ts(393,5): error TS2322: Type '({ signal }: { probe?: (({ fetchImpl, url, timeoutMs, signal, }?: { fetchImpl?: { (input: URL | RequestInfo, init?: RequestInit | undefined): Promise<Response>; (input: string | URL | Request, init?: RequestInit | undefined): Promise<...>; } | undefined; url?: string | undefined; timeoutMs?: number | undefined; }) =...' is not assignable to type '({ probe, wait, signal, initialDelayMs, intervalMs, onFailure, onDegraded, onRecovered, }?: { probe?: (({ fetchImpl, url, timeoutMs, signal, }?: { fetchImpl?: { (input: URL | RequestInfo, init?: RequestInit | undefined): Promise<Response>; (input: string | URL | Request, init?: RequestInit | undefined): Promise<...>...'.
  Type 'Promise<{ status: string; consecutiveFailures: number; }>' is not assignable to type 'Promise<{ status: string; state: string; consecutiveFailures: number; }>'.
    Property 'state' is missing in type '{ status: string; consecutiveFailures: number; }' but required in type '{ status: string; state: string; consecutiveFailures: number; }'.
tests/local-worker-start.test.ts(393,26): error TS2339: Property 'signal' does not exist on type '{ probe?: (({ fetchImpl, url, timeoutMs, signal, }?: { fetchImpl?: { (input: URL | RequestInfo, init?: RequestInit | undefined): Promise<Response>; (input: string | URL | Request, init?: RequestInit | undefined): Promise<...>; } | undefined; url?: string | undefined; timeoutMs?: number | undefined; }) => Promise<......'.
tests/local-worker-start.test.ts(394,25): error TS2339: Property 'signal' does not exist on type '{ probe?: (({ fetchImpl, url, timeoutMs, signal, }?: { fetchImpl?: { (input: URL | RequestInfo, init?: RequestInit | undefined): Promise<Response>; (input: string | URL | Request, init?: RequestInit | undefined): Promise<...>; } | undefined; url?: string | undefined; timeoutMs?: number | undefined; }) => Promise<......'.
tests/local-worker-start.test.ts(403,5): error TS2740: Type '{ warn(): void; }' is missing the following properties from type 'Console': assert, clear, count, countReset, and 18 more.
tests/local-worker-start.test.ts(416,7): error TS2322: Type '() => FakeLocalWorkerChild' is not assignable to type '{ (command: string, options?: SpawnOptionsWithoutStdio | undefined): ChildProcessWithoutNullStreams; (command: string, options: SpawnOptionsWithStdioTuple<...>): ChildProcessByStdio<...>; (command: string, options: SpawnOptionsWithStdioTuple<...>): ChildProcessByStdio<...>; (command: string, options: SpawnOptionsWit...'.
  Type 'FakeLocalWorkerChild' is missing the following properties from type 'ChildProcessWithoutNullStreams': stdin, stdout, stderr, stdio, and 10 more.
tests/local-worker-start.test.ts(417,7): error TS2322: Type '({ signal }: { probe?: (({ fetchImpl, url, timeoutMs, signal, }?: { fetchImpl?: { (input: URL | RequestInfo, init?: RequestInit | undefined): Promise<Response>; (input: string | URL | Request, init?: RequestInit | undefined): Promise<...>; } | undefined; url?: string | undefined; timeoutMs?: number | undefined; }) =...' is not assignable to type '({ probe, wait, signal, initialDelayMs, intervalMs, onFailure, onDegraded, onRecovered, }?: { probe?: (({ fetchImpl, url, timeoutMs, signal, }?: { fetchImpl?: { (input: URL | RequestInfo, init?: RequestInit | undefined): Promise<Response>; (input: string | URL | Request, init?: RequestInit | undefined): Promise<...>...'.
  Type 'Promise<{ status: string; consecutiveFailures: number; }>' is not assignable to type 'Promise<{ status: string; state: string; consecutiveFailures: number; }>'.
    Property 'state' is missing in type '{ status: string; consecutiveFailures: number; }' but required in type '{ status: string; state: string; consecutiveFailures: number; }'.
tests/local-worker-start.test.ts(417,28): error TS2339: Property 'signal' does not exist on type '{ probe?: (({ fetchImpl, url, timeoutMs, signal, }?: { fetchImpl?: { (input: URL | RequestInfo, init?: RequestInit | undefined): Promise<Response>; (input: string | URL | Request, init?: RequestInit | undefined): Promise<...>; } | undefined; url?: string | undefined; timeoutMs?: number | undefined; }) => Promise<......'.
tests/local-worker-start.test.ts(428,7): error TS2740: Type '{ warn(): void; }' is missing the following properties from type 'Console': assert, clear, count, countReset, and 18 more.
tests/local-worker-start.test.ts(478,5): error TS2322: Type '() => FakeChild' is not assignable to type '{ (command: string, options?: SpawnOptionsWithoutStdio | undefined): ChildProcessWithoutNullStreams; (command: string, options: SpawnOptionsWithStdioTuple<...>): ChildProcessByStdio<...>; (command: string, options: SpawnOptionsWithStdioTuple<...>): ChildProcessByStdio<...>; (command: string, options: SpawnOptionsWit...'.
  Type 'FakeChild' is missing the following properties from type 'ChildProcessWithoutNullStreams': stdin, stdout, stderr, stdio, and 8 more.
tests/local-worker-start.test.ts(483,5): error TS2741: Property '__promisify__' is missing in type '(callback: any, delay: any) => { callback: any; delay: any; }' but required in type 'typeof setTimeout'.
tests/local-worker-start.test.ts(483,23): error TS7006: Parameter 'callback' implicitly has an 'any' type.
tests/local-worker-start.test.ts(483,33): error TS7006: Parameter 'delay' implicitly has an 'any' type.
tests/local-worker-start.test.ts(489,7): error TS18048: 'timer' is possibly 'undefined'.
tests/local-worker-start.test.ts(489,13): error TS2339: Property 'cancelled' does not exist on type 'string | number | Timeout'.
  Property 'cancelled' does not exist on type 'string'.
tests/local-worker-start.test.ts(518,25): error TS2339: Property 'url' does not exist on type 'never'.
tests/local-worker-start.test.ts(519,25): error TS2339: Property 'init' does not exist on type 'never'.
tests/local-worker-start.test.ts(520,29): error TS2339: Property 'init' does not exist on type 'never'.
tests/local-worker-start.test.ts(527,5): error TS2322: Type '() => Promise<void>' is not assignable to type '({ fetchImpl, url, signal, }?: { fetchImpl?: { (input: URL | RequestInfo, init?: RequestInit | undefined): Promise<Response>; (input: string | URL | Request, init?: RequestInit | undefined): Promise<...>; } | undefined; url?: string | undefined; }) => Promise<...>'.
  Type 'Promise<void>' is not assignable to type 'Promise<number>'.
    Type 'void' is not assignable to type 'number'.
tests/local-worker-start.test.ts(531,5): error TS2741: Property '__promisify__' is missing in type '(callback: any, delay: any) => { callback: any; delay: any; }' but required in type 'typeof setTimeout'.
tests/local-worker-start.test.ts(531,23): error TS7006: Parameter 'callback' implicitly has an 'any' type.
tests/local-worker-start.test.ts(531,33): error TS7006: Parameter 'delay' implicitly has an 'any' type.
tests/local-worker-start.test.ts(536,33): error TS18048: 'timer' is possibly 'undefined'.
tests/local-worker-start.test.ts(536,39): error TS2339: Property 'cancelled' does not exist on type 'string | number | Timeout'.
  Property 'cancelled' does not exist on type 'string'.
tests/market-admin-workflow.test.ts(61,41): error TS2345: Argument of type 'unknown' is not assignable to parameter of type 'SQLInputValue'.
tests/market-admin-workflow.test.ts(67,41): error TS2345: Argument of type 'unknown' is not assignable to parameter of type 'SQLInputValue'.
tests/market-admin-workflow.test.ts(73,40): error TS2345: Argument of type 'unknown' is not assignable to parameter of type 'SQLInputValue'.
tests/market-admin-workflow.test.ts(875,56): error TS2352: Conversion of type '{ brand: string; productName: string; scope: string; operationMode: "POP"; raw: { 店铺类型: string; }; }' to type 'MarketEntryForImport' may be a mistake because neither type sufficiently overlaps with the other. If this was intentional, convert the expression to 'unknown' first.
  Type '{ brand: string; productName: string; scope: string; operationMode: "POP"; raw: { 店铺类型: string; }; }' is missing the following properties from type 'MarketEntryForImport': naturalKey, sourceRowNumber, periodStart, periodEnd, and 35 more.
tests/market-admin-workflow.test.ts(883,54): error TS2352: Conversion of type '{ brand: string; productName: string; scope: string; operationMode: "POP"; raw: { 店铺类型: string; }; }' to type 'MarketEntryForImport' may be a mistake because neither type sufficiently overlaps with the other. If this was intentional, convert the expression to 'unknown' first.
  Type '{ brand: string; productName: string; scope: string; operationMode: "POP"; raw: { 店铺类型: string; }; }' is missing the following properties from type 'MarketEntryForImport': naturalKey, sourceRowNumber, periodStart, periodEnd, and 35 more.
tests/market-admin-workflow.test.ts(1077,23): error TS2339: Property 'maintenanceFailed' does not exist on type '{ status: string; duplicate: boolean; reconciled: boolean; taskId: string; batchId: string; rowCount: number; busy?: undefined; reconciliationPending?: undefined; } | { status: string; duplicate: boolean; ... 9 more ...; externalValidation?: undefined; } | { ...; }'.
  Property 'maintenanceFailed' does not exist on type '{ status: string; duplicate: boolean; reconciled: boolean; taskId: string; batchId: string; rowCount: number; busy?: undefined; reconciliationPending?: undefined; }'.
tests/market-admin-workflow.test.ts(1078,23): error TS2339: Property 'reconciliationPending' does not exist on type '{ status: string; duplicate: boolean; reconciled: boolean; taskId: string; batchId: string; rowCount: number; busy?: undefined; reconciliationPending?: undefined; } | { status: string; duplicate: boolean; ... 9 more ...; externalValidation?: undefined; } | { ...; }'.
  Property 'reconciliationPending' does not exist on type '{ status: string; duplicate: boolean; maintenanceFailed: boolean; taskId: string; batchId: string; stagingBatchId: string; rowCount: number; validation: { headerValid: number; periodValid: boolean; ... 5 more ...; importIdentityHash: string; }; terminal?: undefined; busy?: undefined; retryAt?: undefined; externalVal...'.
tests/market-admin-workflow.test.ts(1120,22): error TS2339: Property 'reconciliationPending' does not exist on type '{ status: string; duplicate: boolean; reconciled: boolean; taskId: string; batchId: string; rowCount: number; busy?: undefined; reconciliationPending?: undefined; } | { status: string; busy: boolean; ... 5 more ...; rowCount?: undefined; } | ... 8 more ... | { ...; }'.
  Property 'reconciliationPending' does not exist on type '{ status: string; duplicate: boolean; taskId: string; terminal?: undefined; busy?: undefined; retryAt?: undefined; externalValidation?: undefined; maintenanceFailed?: undefined; batchId?: undefined; stagingBatchId?: undefined; rowCount?: undefined; validation?: undefined; }'.
tests/market-admin-workflow.test.ts(1133,27): error TS2339: Property 'reconciled' does not exist on type '{ status: string; duplicate: boolean; reconciled: boolean; taskId: string; batchId: string; rowCount: number; busy?: undefined; reconciliationPending?: undefined; } | { status: string; busy: boolean; ... 5 more ...; rowCount?: undefined; } | ... 8 more ... | { ...; }'.
  Property 'reconciled' does not exist on type '{ status: string; duplicate: boolean; taskId: string; terminal?: undefined; busy?: undefined; retryAt?: undefined; externalValidation?: undefined; maintenanceFailed?: undefined; batchId?: undefined; stagingBatchId?: undefined; rowCount?: undefined; validation?: undefined; }'.
tests/market-admin-workflow.test.ts(1505,27): error TS2339: Property 'reconciled' does not exist on type '{ status: string; duplicate: boolean; reconciled: boolean; taskId: string; batchId: string; rowCount: number; busy?: undefined; reconciliationPending?: undefined; } | { status: string; busy: boolean; ... 5 more ...; rowCount?: undefined; } | ... 8 more ... | { ...; }'.
  Property 'reconciled' does not exist on type '{ status: string; duplicate: boolean; taskId: string; terminal?: undefined; busy?: undefined; retryAt?: undefined; externalValidation?: undefined; maintenanceFailed?: undefined; batchId?: undefined; stagingBatchId?: undefined; rowCount?: undefined; validation?: undefined; }'.
tests/market-annotation.test.ts(213,66): error TS1501: This regular expression flag is only available when targeting 'es2018' or later.
tests/market-annotation.test.ts(332,39): error TS1501: This regular expression flag is only available when targeting 'es2018' or later.
tests/market-annotation.test.ts(403,24): error TS2339: Property 'done' does not exist on type '{ idle: boolean; jobId: string; category: string; concurrency: number; } | { job: { id: string; category: string; promptVersionId: string; executor: string; modelId: string | null; localModelName: string; ... 11 more ...; updatedAt: string; } | null; ... 10 more ...; concurrency: number; } | { ...; }'.
  Property 'done' does not exist on type '{ idle: boolean; jobId: string; category: string; concurrency: number; }'.
tests/market-annotation.test.ts(404,101): error TS2558: Expected 0 type arguments, but got 1.
tests/market-annotation.test.ts(2000,58): error TS2345: Argument of type 'unknown' is not assignable to parameter of type 'SQLInputValue'.
tests/market-annotation.test.ts(2001,58): error TS2345: Argument of type 'unknown' is not assignable to parameter of type 'SQLInputValue'.
tests/market-annotation.test.ts(2002,52): error TS2345: Argument of type 'unknown' is not assignable to parameter of type 'SQLInputValue'.
tests/market-price-band-publish-safety.test.ts(21,50): error TS2345: Argument of type 'unknown' is not assignable to parameter of type 'SQLInputValue'.
tests/market-price-band-publish-safety.test.ts(22,58): error TS2345: Argument of type 'unknown' is not assignable to parameter of type 'SQLInputValue'.
tests/market-price-band-publish-safety.test.ts(24,40): error TS2345: Argument of type 'unknown' is not assignable to parameter of type 'SQLInputValue'.
tests/market-price-band-publish-safety.test.ts(53,39): error TS2345: Argument of type 'MarketSchemaDatabase' is not assignable to parameter of type 'D1Database'.
  The types returned by 'prepare(...).bind(...)' are incompatible between these types.
    Property 'bind' is missing in type '{ first<T = unknown>(): Promise<T | null>; all<T = unknown>(): Promise<{ results?: T[] | undefined; }>; run(): Promise<unknown>; }' but required in type 'D1PreparedStatement'.
tests/market-price-band-publish-safety.test.ts(314,35): error TS2345: Argument of type 'MarketSchemaDatabase' is not assignable to parameter of type 'D1Database'.
  The types returned by 'prepare(...).bind(...)' are incompatible between these types.
    Property 'bind' is missing in type '{ first<T = unknown>(): Promise<T | null>; all<T = unknown>(): Promise<{ results?: T[] | undefined; }>; run(): Promise<unknown>; }' but required in type 'D1PreparedStatement'.
tests/market-price-band-publish-safety.test.ts(315,35): error TS2345: Argument of type 'MarketSchemaDatabase' is not assignable to parameter of type 'D1Database'.
  The types returned by 'prepare(...).bind(...)' are incompatible between these types.
    Property 'bind' is missing in type '{ first<T = unknown>(): Promise<T | null>; all<T = unknown>(): Promise<{ results?: T[] | undefined; }>; run(): Promise<unknown>; }' but required in type 'D1PreparedStatement'.
tests/market-price-band-publish-safety.test.ts(322,35): error TS2345: Argument of type 'MarketSchemaDatabase' is not assignable to parameter of type 'D1Database'.
  The types returned by 'prepare(...).bind(...)' are incompatible between these types.
    Property 'bind' is missing in type '{ first<T = unknown>(): Promise<T | null>; all<T = unknown>(): Promise<{ results?: T[] | undefined; }>; run(): Promise<unknown>; }' but required in type 'D1PreparedStatement'.
tests/market-price-band-publish-safety.test.ts(323,36): error TS2345: Argument of type 'MarketSchemaDatabase' is not assignable to parameter of type 'D1Database'.
  The types returned by 'prepare(...).bind(...)' are incompatible between these types.
    Property 'bind' is missing in type '{ first<T = unknown>(): Promise<T | null>; all<T = unknown>(): Promise<{ results?: T[] | undefined; }>; run(): Promise<unknown>; }' but required in type 'D1PreparedStatement'.
tests/market-price-band-publish-safety.test.ts(362,61): error TS2345: Argument of type 'MarketSchemaDatabase' is not assignable to parameter of type 'D1Database'.
  The types returned by 'prepare(...).bind(...)' are incompatible between these types.
    Property 'bind' is missing in type '{ first<T = unknown>(): Promise<T | null>; all<T = unknown>(): Promise<{ results?: T[] | undefined; }>; run(): Promise<unknown>; }' but required in type 'D1PreparedStatement'.
tests/market-price-band-publish-safety.test.ts(364,61): error TS2345: Argument of type 'MarketSchemaDatabase' is not assignable to parameter of type 'D1Database'.
  The types returned by 'prepare(...).bind(...)' are incompatible between these types.
    Property 'bind' is missing in type '{ first<T = unknown>(): Promise<T | null>; all<T = unknown>(): Promise<{ results?: T[] | undefined; }>; run(): Promise<unknown>; }' but required in type 'D1PreparedStatement'.
tests/market-price-band-publish-safety.test.ts(375,63): error TS2345: Argument of type 'MarketSchemaDatabase' is not assignable to parameter of type 'D1Database'.
  The types returned by 'prepare(...).bind(...)' are incompatible between these types.
    Property 'bind' is missing in type '{ first<T = unknown>(): Promise<T | null>; all<T = unknown>(): Promise<{ results?: T[] | undefined; }>; run(): Promise<unknown>; }' but required in type 'D1PreparedStatement'.
tests/market-price-band-publish-safety.test.ts(377,65): error TS2345: Argument of type 'MarketSchemaDatabase' is not assignable to parameter of type 'D1Database'.
  The types returned by 'prepare(...).bind(...)' are incompatible between these types.
    Property 'bind' is missing in type '{ first<T = unknown>(): Promise<T | null>; all<T = unknown>(): Promise<{ results?: T[] | undefined; }>; run(): Promise<unknown>; }' but required in type 'D1PreparedStatement'.
tests/market-price-band-publish-safety.test.ts(397,39): error TS2345: Argument of type 'MarketSchemaDatabase' is not assignable to parameter of type 'D1Database'.
  The types returned by 'prepare(...).bind(...)' are incompatible between these types.
    Property 'bind' is missing in type '{ first<T = unknown>(): Promise<T | null>; all<T = unknown>(): Promise<{ results?: T[] | undefined; }>; run(): Promise<unknown>; }' but required in type 'D1PreparedStatement'.
tests/market-price-band-publish-safety.test.ts(402,60): error TS2345: Argument of type 'MarketSchemaDatabase' is not assignable to parameter of type 'D1Database'.
  The types returned by 'prepare(...).bind(...)' are incompatible between these types.
    Property 'bind' is missing in type '{ first<T = unknown>(): Promise<T | null>; all<T = unknown>(): Promise<{ results?: T[] | undefined; }>; run(): Promise<unknown>; }' but required in type 'D1PreparedStatement'.
tests/market-price-band-publish-safety.test.ts(407,39): error TS2345: Argument of type 'MarketSchemaDatabase' is not assignable to parameter of type 'D1Database'.
  The types returned by 'prepare(...).bind(...)' are incompatible between these types.
    Property 'bind' is missing in type '{ first<T = unknown>(): Promise<T | null>; all<T = unknown>(): Promise<{ results?: T[] | undefined; }>; run(): Promise<unknown>; }' but required in type 'D1PreparedStatement'.
tests/market-price-band-publish-safety.test.ts(411,61): error TS2345: Argument of type 'MarketSchemaDatabase' is not assignable to parameter of type 'D1Database'.
  The types returned by 'prepare(...).bind(...)' are incompatible between these types.
    Property 'bind' is missing in type '{ first<T = unknown>(): Promise<T | null>; all<T = unknown>(): Promise<{ results?: T[] | undefined; }>; run(): Promise<unknown>; }' but required in type 'D1PreparedStatement'.
tests/market-price-band-publish-safety.test.ts(425,39): error TS2345: Argument of type 'MarketSchemaDatabase' is not assignable to parameter of type 'D1Database'.
  The types returned by 'prepare(...).bind(...)' are incompatible between these types.
    Property 'bind' is missing in type '{ first<T = unknown>(): Promise<T | null>; all<T = unknown>(): Promise<{ results?: T[] | undefined; }>; run(): Promise<unknown>; }' but required in type 'D1PreparedStatement'.
tests/market-price-band-publish-safety.test.ts(430,60): error TS2345: Argument of type 'MarketSchemaDatabase' is not assignable to parameter of type 'D1Database'.
  The types returned by 'prepare(...).bind(...)' are incompatible between these types.
    Property 'bind' is missing in type '{ first<T = unknown>(): Promise<T | null>; all<T = unknown>(): Promise<{ results?: T[] | undefined; }>; run(): Promise<unknown>; }' but required in type 'D1PreparedStatement'.
tests/market-price-band-publish-safety.test.ts(438,60): error TS2345: Argument of type 'MarketSchemaDatabase' is not assignable to parameter of type 'D1Database'.
  The types returned by 'prepare(...).bind(...)' are incompatible between these types.
    Property 'bind' is missing in type '{ first<T = unknown>(): Promise<T | null>; all<T = unknown>(): Promise<{ results?: T[] | undefined; }>; run(): Promise<unknown>; }' but required in type 'D1PreparedStatement'.
tests/market-price-band-publish-safety.test.ts(443,39): error TS2345: Argument of type 'MarketSchemaDatabase' is not assignable to parameter of type 'D1Database'.
  The types returned by 'prepare(...).bind(...)' are incompatible between these types.
    Property 'bind' is missing in type '{ first<T = unknown>(): Promise<T | null>; all<T = unknown>(): Promise<{ results?: T[] | undefined; }>; run(): Promise<unknown>; }' but required in type 'D1PreparedStatement'.
tests/market-price-band-publish-safety.test.ts(447,61): error TS2345: Argument of type 'MarketSchemaDatabase' is not assignable to parameter of type 'D1Database'.
  The types returned by 'prepare(...).bind(...)' are incompatible between these types.
    Property 'bind' is missing in type '{ first<T = unknown>(): Promise<T | null>; all<T = unknown>(): Promise<{ results?: T[] | undefined; }>; run(): Promise<unknown>; }' but required in type 'D1PreparedStatement'.
tests/market-price-band-publish-safety.test.ts(455,61): error TS2345: Argument of type 'MarketSchemaDatabase' is not assignable to parameter of type 'D1Database'.
  The types returned by 'prepare(...).bind(...)' are incompatible between these types.
    Property 'bind' is missing in type '{ first<T = unknown>(): Promise<T | null>; all<T = unknown>(): Promise<{ results?: T[] | undefined; }>; run(): Promise<unknown>; }' but required in type 'D1PreparedStatement'.
tests/market-read-request.test.ts(7,45): error TS7006: Parameter '_url' implicitly has an 'any' type.
tests/market-read-request.test.ts(7,51): error TS7006: Parameter 'init' implicitly has an 'any' type.
tests/market-read-request.test.ts(18,45): error TS7006: Parameter '_url' implicitly has an 'any' type.
tests/market-read-request.test.ts(18,51): error TS7006: Parameter 'init' implicitly has an 'any' type.
tests/n8n-hourly-retry-workflow.test.ts(52,34): error TS2339: Property 'errorWorkflow' does not exist on type '{ executionOrder: string; timezone: string; callerPolicy: string; }'.
tests/n8n-hourly-retry-workflow.test.ts(61,26): error TS2339: Property 'maxTries' does not exist on type '{ parameters: { method: string; url: string; sendBody: boolean; specifyBody: string; jsonBody: string; options: { timeout: number; }; mode?: undefined; jsCode?: undefined; resume?: undefined; amount?: undefined; ... 6 more ...; color?: undefined; }; ... 6 more ...; onError: string; }'.
tests/n8n-hourly-retry-workflow.test.ts(130,42): error TS2345: Argument of type 'string | undefined' is not assignable to parameter of type 'string'.
  Type 'undefined' is not assignable to type 'string'.
tests/n8n-hourly-retry-workflow.test.ts(169,34): error TS2339: Property 'errorWorkflow' does not exist on type '{}'.
tests/n8n-hourly-retry-workflow.test.ts(170,16): error TS7053: Element implicitly has an 'any' type because expression of type '"失败后每小时安全重试入口"' can't be used to index type '{}'.
  Property '失败后每小时安全重试入口' does not exist on type '{}'.
tests/sales-cutover-tools.test.ts(713,83): error TS1501: This regular expression flag is only available when targeting 'es2018' or later.
tests/sales-local-cutover-rehearsal.test.ts(275,100): error TS1501: This regular expression flag is only available when targeting 'es2018' or later.
tests/supervisor-exit-diagnostics.test.ts(55,104): error TS2345: Argument of type 'EventEmitter<DefaultEventMap> & { stdout: EventEmitter<DefaultEventMap>; stderr: EventEmitter<DefaultEventMap>; }' is not assignable to parameter of type 'Process | undefined'.
  Type 'EventEmitter<DefaultEventMap> & { stdout: EventEmitter<DefaultEventMap>; stderr: EventEmitter<DefaultEventMap>; }' is missing the following properties from type 'Process': browser, stdin, argv, argv0, and 49 more.
tests/supervisor-exit-diagnostics.test.ts(89,57): error TS2345: Argument of type '(event: string, fields: Record<string, unknown>) => number' is not assignable to parameter of type '() => void'.
  Target signature provides too few arguments. Expected 2 or more, but got 0.
tests/supervisor-exit-diagnostics.test.ts(93,76): error TS2345: Argument of type '(event: string, fields: Record<string, unknown>) => number' is not assignable to parameter of type '() => void'.
  Target signature provides too few arguments. Expected 2 or more, but got 0.
tests/tmall-product-master-cadence.test.ts(221,23): error TS2339: Property 'status' does not exist on type '{ browserClosure: { ok: true; status: "closed" | "already_closed"; } | { ok: true; status: "already_closed" | "force_closed"; }; }'.
tests/tmall-product-master-cadence.test.ts(226,24): error TS2339: Property 'cadence' does not exist on type '{ browserClosure: { ok: true; status: "closed" | "already_closed"; } | { ok: true; status: "already_closed" | "force_closed"; }; }'.
tests/tmall-product-master-cadence.test.ts(272,23): error TS2339: Property 'status' does not exist on type '{ browserClosure: { ok: true; status: "closed" | "already_closed"; } | { ok: true; status: "already_closed" | "force_closed"; }; }'.
tests/tmall-product-master-cadence.test.ts(273,24): error TS2339: Property 'cadence' does not exist on type '{ browserClosure: { ok: true; status: "closed" | "already_closed"; } | { ok: true; status: "already_closed" | "force_closed"; }; }'.
tests/tmall-product-master-cadence.test.ts(310,23): error TS2339: Property 'status' does not exist on type '{ browserClosure: { ok: true; status: "closed" | "already_closed"; } | { ok: true; status: "already_closed" | "force_closed"; }; }'.
tests/tmall-product-master-cadence.test.ts(311,24): error TS2339: Property 'cadence' does not exist on type '{ browserClosure: { ok: true; status: "closed" | "already_closed"; } | { ok: true; status: "already_closed" | "force_closed"; }; }'.
tests/tmall-yiyong-direct-pm.test.ts(138,23): error TS2339: Property 'status' does not exist on type '{ browserClosure: { ok: true; status: "closed" | "already_closed"; } | { ok: true; status: "already_closed" | "force_closed"; }; }'.
tests/worker-local-release-rotation.test.ts(597,8): error TS7006: Parameter 'entrypoint' implicitly has an 'any' type.
tests/worker-local-release-rotation.test.ts(599,35): error TS7006: Parameter 'entrypoint' implicitly has an 'any' type.
tests/worker-local-release-rotation.test.ts(606,42): error TS7006: Parameter 'entrypoint' implicitly has an 'any' type.
tests/worker-local-release.test.ts(509,9): error TS2353: Object literal may only specify known properties, and 'cwd' does not exist in type '{ env?: ProcessEnv | undefined; label?: string | undefined; maxOutputBytes?: number | undefined; timeoutMs?: number | undefined; }'.
tests/worker-local-release.test.ts(515,9): error TS2353: Object literal may only specify known properties, and 'cwd' does not exist in type '{ env?: ProcessEnv | undefined; label?: string | undefined; maxOutputBytes?: number | undefined; timeoutMs?: number | undefined; }'.
tests/worker-local-release.test.ts(521,9): error TS2353: Object literal may only specify known properties, and 'cwd' does not exist in type '{ env?: ProcessEnv | undefined; label?: string | undefined; maxOutputBytes?: number | undefined; timeoutMs?: number | undefined; }'.
tests/worker-local-release.test.ts(1315,7): error TS2353: Object literal may only specify known properties, and 'runtimeRoot' does not exist in type '{ allowTestRuntimeRoot?: boolean | undefined; }'.
tests/worker-local-release.test.ts(1321,9): error TS2353: Object literal may only specify known properties, and 'runtimeRoot' does not exist in type '{ allowTestRuntimeRoot?: boolean | undefined; }'.
tests/worker-local-release.test.ts(1328,9): error TS2353: Object literal may only specify known properties, and 'runtimeRoot' does not exist in type '{ allowTestRuntimeRoot?: boolean | undefined; }'.
tests/worker-local-release.test.ts(1348,7): error TS2353: Object literal may only specify known properties, and 'runtimeRoot' does not exist in type '{ allowTestRuntimeRoot?: boolean | undefined; }'.
tests/worker-local-release.test.ts(1357,9): error TS2353: Object literal may only specify known properties, and 'runtimeRoot' does not exist in type '{ allowTestRuntimeRoot?: boolean | undefined; }'.
tests/worker-local-release.test.ts(1393,9): error TS2353: Object literal may only specify known properties, and 'runtimeRoot' does not exist in type '{ allowTestRuntimeRoot?: boolean | undefined; }'.
tests/worker-local-release.test.ts(1398,7): error TS2353: Object literal may only specify known properties, and 'runtimeRoot' does not exist in type '{ allowTestRuntimeRoot?: boolean | undefined; }'.
tests/worker-local-release.test.ts(1403,18): error TS18047: 'current' is possibly 'null'.
tests/worker-local-release.test.ts(1406,9): error TS2353: Object literal may only specify known properties, and 'runtimeRoot' does not exist in type '{ allowTestRuntimeRoot?: boolean | undefined; }'.
tests/worker-local-release.test.ts(1417,37): error TS2353: Object literal may only specify known properties, and 'runtimeRoot' does not exist in type '{ allowTestRuntimeRoot?: boolean | undefined; }'.
tests/worker-local-release.test.ts(1426,37): error TS2353: Object literal may only specify known properties, and 'runtimeRoot' does not exist in type '{ allowTestRuntimeRoot?: boolean | undefined; }'.
tests/worker-local-release.test.ts(1466,36): error TS2353: Object literal may only specify known properties, and 'runtimeRoot' does not exist in type '{ allowTestRuntimeRoot?: boolean | undefined; }'.
tests/worker-local-release.test.ts(1467,36): error TS2353: Object literal may only specify known properties, and 'runtimeRoot' does not exist in type '{ allowTestRuntimeRoot?: boolean | undefined; }'.
tests/worker-local-release.test.ts(1581,5): error TS2353: Object literal may only specify known properties, and 'expectedSupervisorPid' does not exist in type '{ acceptedStates?: string[] | undefined; }'.
tests/worker-local-release.test.ts(1585,5): error TS2353: Object literal may only specify known properties, and 'expectedSupervisorPid' does not exist in type '{ acceptedStates?: string[] | undefined; }'.
tests/worker-local-release.test.ts(1589,5): error TS2353: Object literal may only specify known properties, and 'expectedSupervisorPid' does not exist in type '{ acceptedStates?: string[] | undefined; }'.
tests/worker-local-release.test.ts(1596,5): error TS2353: Object literal may only specify known properties, and 'processPolicy' does not exist in type '{ probePort?: ((port: any) => Promise<any>) | undefined; readSupervisorPrelaunchState?: (({ manifestPath, releaseRoot, expectedSupervisorPid, waitBudgetMs, retryDelayMs, }?: { waitBudgetMs?: number | undefined; retryDelayMs?: number | undefined; }) => Promise<...>) | undefined; assertStoppedState?: ((runtimeRoot: an...'.
tests/worker-local-release.test.ts(1622,39): error TS2353: Object literal may only specify known properties, and 'processPolicy' does not exist in type '{ probePort?: ((port: any) => Promise<any>) | undefined; readSupervisorPrelaunchState?: (({ manifestPath, releaseRoot, expectedSupervisorPid, waitBudgetMs, retryDelayMs, }?: { waitBudgetMs?: number | undefined; retryDelayMs?: number | undefined; }) => Promise<...>) | undefined; assertStoppedState?: ((runtimeRoot: an...'.
tests/worker-local-release.test.ts(1626,45): error TS2353: Object literal may only specify known properties, and 'expectedSupervisorPid' does not exist in type '{ waitBudgetMs?: number | undefined; retryDelayMs?: number | undefined; }'.
tests/worker-local-release.test.ts(1839,7): error TS2353: Object literal may only specify known properties, and 'manifestPath' does not exist in type '{ waitBudgetMs?: number | undefined; retryDelayMs?: number | undefined; }'.
tests/worker-local-release.test.ts(1855,7): error TS2353: Object literal may only specify known properties, and 'manifestPath' does not exist in type '{ waitBudgetMs?: number | undefined; retryDelayMs?: number | undefined; }'.
tests/worker-local-release.test.ts(1865,7): error TS2353: Object literal may only specify known properties, and 'manifestPath' does not exist in type '{ waitBudgetMs?: number | undefined; retryDelayMs?: number | undefined; }'.
tests/worker-local-release.test.ts(1902,7): error TS2353: Object literal may only specify known properties, and 'runtimeRoot' does not exist in type '{ inheritedEnvironment?: ProcessEnv | undefined; }'.
tests/worker-local-release.test.ts(1967,9): error TS2741: Property 'NODE_ENV' is missing in type '{ TERUISI_LOCAL_WRANGLER_STATE_DIR: string; MINIFLARE_CACHE_DIR: string; CLOUDFLARE_CF_FETCH_PATH: string; CLOUDFLARE_CF_FETCH_ENABLED: string; TERUISI_WORKERD_HEAP_MB: string; }' but required in type 'ProcessEnv'.
tests/workerd-heap.test.ts(20,158): error TS2741: Property 'NODE_ENV' is missing in type '{ teruisi_workerd_heap_mb: string; TERUISI_WORKERD_HEAP_MB: string; }' but required in type 'ProcessEnv'.
tests/workerd-heap.test.ts(22,20): error TS2551: Property 'teruisi_workerd_heap_mb' does not exist on type '{ TERUISI_LOCAL_WRANGLER_STATE_DIR: string; MINIFLARE_CACHE_DIR: string; CLOUDFLARE_CF_FETCH_PATH: string; CLOUDFLARE_CF_FETCH_ENABLED: string; TERUISI_WORKERD_HEAP_MB: string; }'. Did you mean 'TERUISI_WORKERD_HEAP_MB'?
tests/workerd-heap.test.ts(30,39): error TS2683: 'this' implicitly has type 'any' because it does not have a type annotation.
tests/workerd-memory-snapshot.test.ts(24,16): error TS2532: Object is possibly 'undefined'.
tests/wrangler-inspector-patch.test.ts(109,16): error TS2571: Object is of type 'unknown'.
tests/wrangler-inspector-patch.test.ts(109,66): error TS2571: Object is of type 'unknown'.
tests/wrangler-inspector-patch.test.ts(111,13): error TS2571: Object is of type 'unknown'.
tests/wrangler-inspector-patch.test.ts(113,55): error TS18046: 'state' is of type 'unknown'.
tests/wrangler-inspector-patch.test.ts(114,16): error TS18046: 'state' is of type 'unknown'.
tests/wrangler-inspector-patch.test.ts(114,48): error TS18046: 'state' is of type 'unknown'.
tools/erp-sales-automation.ts(206,74): error TS2339: Property 'pageName' does not exist on type '{ startUrl: string; searchPlaceholder: string; salesFrameUrlContains: string; chromePath: string; profileDirectory: string; fixedTabs?: { label: string; match: string; }[] | undefined; }'.
tools/erp-sales-automation.ts(213,49): error TS2339: Property 'pageName' does not exist on type '{ startUrl: string; searchPlaceholder: string; salesFrameUrlContains: string; chromePath: string; profileDirectory: string; fixedTabs?: { label: string; match: string; }[] | undefined; }'.
tools/jd-n8n-pipeline.ts(349,23): error TS2345: Argument of type '{ status: "planned"; startDate: string; endDate: string; storeKey: string; step: string; }' is not assignable to parameter of type 'JdN8nOperation'.
  Types of property 'step' are incompatible.
    Type 'string' is not assignable to type '"jd_sku_daily" | "spu_daily" | "jd_product_master"'.
tools/sales-import-runner.ts(842,59): error TS18047: 'fee' is possibly 'null'.
tools/sales-import-runner.ts(864,38): error TS18047: 'fee' is possibly 'null'.
tools/tmall-direct-promotion-export.ts(268,14): error TS18048: 'signal' is possibly 'undefined'.
tools/tmall-direct-promotion-export.ts(268,47): error TS18048: 'signal' is possibly 'undefined'.
tools/tmall-promotion-export.ts(330,37): error TS2345: Argument of type 'unknown' is not assignable to parameter of type 'string'.
