✔ actual authenticated transition data passes pure typed rules, never old equality (28.7502ms)
✔ in-memory success only runs20/21; old19 remains unknown; separate completion truth (277.124ms)
✔ missing new approval rejects without ownership release (65.861ms)
✔ old approval item rejects without ownership release (54.1614ms)
✔ approval omits exact changes rejects without ownership release (53.7825ms)
✔ scope hash tamper rejects without ownership release (47.9734ms)
✔ wrong old journal head rejects without ownership release (111.8323ms)
✔ tail already started rejects without ownership release (111.4828ms)
✔ old required step missing rejects without ownership release (108.3641ms)
✔ pin drift rejects without ownership release (95.6004ms)
✔ stale dynamic admission rejects without ownership release (156.8113ms)
✔ wrong dynamic binding rejects without ownership release (157.7204ms)
✔ unknown first tail rejects without ownership release (272.4926ms)
✔ second invocation cannot replay completed supplement (349.5741ms)
✔ current approval time never resets original approval (59.2534ms)
ℹ tests 15
ℹ suites 0
ℹ pass 15
ℹ fail 0
ℹ cancelled 0
ℹ skipped 0
ℹ todo 0
ℹ duration_ms 2568.1515
